Component: ARM Compiler 5.06 update 5 (build 528) Tool: armlink [4d35e2]

==============================================================================

Section Cross References

    startup_stm32f373xc.o(RESET) refers to startup_stm32f373xc.o(STACK) for __initial_sp
    startup_stm32f373xc.o(RESET) refers to startup_stm32f373xc.o(.text) for Reset_Handler
    startup_stm32f373xc.o(RESET) refers to stm32f3xx_it.o(i.NMI_Handler) for NMI_Handler
    startup_stm32f373xc.o(RESET) refers to stm32f3xx_it.o(i.HardFault_Handler) for HardFault_Handler
    startup_stm32f373xc.o(RESET) refers to stm32f3xx_it.o(i.MemManage_Handler) for MemManage_Handler
    startup_stm32f373xc.o(RESET) refers to stm32f3xx_it.o(i.BusFault_Handler) for BusFault_Handler
    startup_stm32f373xc.o(RESET) refers to stm32f3xx_it.o(i.UsageFault_Handler) for UsageFault_Handler
    startup_stm32f373xc.o(RESET) refers to stm32f3xx_it.o(i.SVC_Handler) for SVC_Handler
    startup_stm32f373xc.o(RESET) refers to stm32f3xx_it.o(i.DebugMon_Handler) for DebugMon_Handler
    startup_stm32f373xc.o(RESET) refers to stm32f3xx_it.o(i.PendSV_Handler) for PendSV_Handler
    startup_stm32f373xc.o(RESET) refers to stm32f3xx_it.o(i.SysTick_Handler) for SysTick_Handler
    startup_stm32f373xc.o(RESET) refers to stm32f3xx_it.o(i.ADC1_IRQHandler) for ADC1_IRQHandler
    startup_stm32f373xc.o(RESET) refers to stm32f3xx_it.o(i.DMA2_Channel3_IRQHandler) for DMA2_Channel3_IRQHandler
    startup_stm32f373xc.o(RESET) refers to main.o(i.DMA2_Channel4_IRQHandler) for DMA2_Channel4_IRQHandler
    startup_stm32f373xc.o(.text) refers to system_stm32f3xx.o(i.SystemInit) for SystemInit
    startup_stm32f373xc.o(.text) refers to entry.o(.ARM.Collect$$$$00000000) for __main
    main.o(i.DMA2_Channel4_IRQHandler) refers to stm32f3xx_hal_dma.o(i.HAL_DMA_IRQHandler) for HAL_DMA_IRQHandler
    main.o(i.DMA2_Channel4_IRQHandler) refers to stm32f3xx_hal_sdadc.o(i.HAL_SDADC_InjectedStop_DMA) for HAL_SDADC_InjectedStop_DMA
    main.o(i.DMA2_Channel4_IRQHandler) refers to stm32f3xx_hal_sdadc.o(i.HAL_SDADC_InjectedStart_DMA) for HAL_SDADC_InjectedStart_DMA
    main.o(i.DMA2_Channel4_IRQHandler) refers to main.o(i.Error_Handler) for Error_Handler
    main.o(i.DMA2_Channel4_IRQHandler) refers to main.o(.bss) for .bss
    main.o(i.DMA2_Channel4_IRQHandler) refers to main.o(.data) for .data
    main.o(i.Error_Handler) refers to stm32f3xx_hal_gpio.o(i.HAL_GPIO_WritePin) for HAL_GPIO_WritePin
    main.o(i.MX_ADC1_Init) refers to memseta.o(.text) for __aeabi_memclr4
    main.o(i.MX_ADC1_Init) refers to stm32f3xx_hal_adc_ex.o(i.HAL_ADC_Init) for HAL_ADC_Init
    main.o(i.MX_ADC1_Init) refers to main.o(i.Error_Handler) for Error_Handler
    main.o(i.MX_ADC1_Init) refers to stm32f3xx_hal_adc_ex.o(i.HAL_ADC_ConfigChannel) for HAL_ADC_ConfigChannel
    main.o(i.MX_ADC1_Init) refers to stm32f3xx_hal_adc_ex.o(i.HAL_ADCEx_InjectedConfigChannel) for HAL_ADCEx_InjectedConfigChannel
    main.o(i.MX_ADC1_Init) refers to main.o(.bss) for .bss
    main.o(i.MX_GPIO_Init) refers to memseta.o(.text) for __aeabi_memclr4
    main.o(i.MX_GPIO_Init) refers to stm32f3xx_hal_gpio.o(i.HAL_GPIO_WritePin) for HAL_GPIO_WritePin
    main.o(i.MX_GPIO_Init) refers to stm32f3xx_hal_gpio.o(i.HAL_GPIO_Init) for HAL_GPIO_Init
    main.o(i.MX_SDADC2_Init) refers to stm32f3xx_hal_sdadc.o(i.HAL_SDADC_Init) for HAL_SDADC_Init
    main.o(i.MX_SDADC2_Init) refers to main.o(i.Error_Handler) for Error_Handler
    main.o(i.MX_SDADC2_Init) refers to stm32f3xx_hal_sdadc.o(i.HAL_SDADC_SelectInjectedDelay) for HAL_SDADC_SelectInjectedDelay
    main.o(i.MX_SDADC2_Init) refers to stm32f3xx_hal_sdadc.o(i.HAL_SDADC_SelectInjectedTrigger) for HAL_SDADC_SelectInjectedTrigger
    main.o(i.MX_SDADC2_Init) refers to stm32f3xx_hal_sdadc.o(i.HAL_SDADC_InjectedConfigChannel) for HAL_SDADC_InjectedConfigChannel
    main.o(i.MX_SDADC2_Init) refers to stm32f3xx_hal_sdadc.o(i.HAL_SDADC_PrepareChannelConfig) for HAL_SDADC_PrepareChannelConfig
    main.o(i.MX_SDADC2_Init) refers to stm32f3xx_hal_sdadc.o(i.HAL_SDADC_AssociateChannelConfig) for HAL_SDADC_AssociateChannelConfig
    main.o(i.MX_SDADC2_Init) refers to main.o(.bss) for .bss
    main.o(i.MX_USART2_UART_Init) refers to stm32f3xx_hal_uart.o(i.HAL_UART_Init) for HAL_UART_Init
    main.o(i.MX_USART2_UART_Init) refers to main.o(i.Error_Handler) for Error_Handler
    main.o(i.MX_USART2_UART_Init) refers to main.o(.bss) for .bss
    main.o(i.SystemClock_Config) refers to memseta.o(.text) for __aeabi_memclr4
    main.o(i.SystemClock_Config) refers to stm32f3xx_hal_rcc.o(i.HAL_RCC_OscConfig) for HAL_RCC_OscConfig
    main.o(i.SystemClock_Config) refers to main.o(i.Error_Handler) for Error_Handler
    main.o(i.SystemClock_Config) refers to stm32f3xx_hal_rcc.o(i.HAL_RCC_ClockConfig) for HAL_RCC_ClockConfig
    main.o(i.SystemClock_Config) refers to stm32f3xx_hal_rcc_ex.o(i.HAL_RCCEx_PeriphCLKConfig) for HAL_RCCEx_PeriphCLKConfig
[...]
    Removing stm32f3xx_hal_adc.o(.revsh_text), (4 bytes).
    Removing stm32f3xx_hal_adc.o(.rrx_text), (6 bytes).
    Removing stm32f3xx_hal_adc.o(i.HAL_ADC_AnalogWDGConfig), (4 bytes).
    Removing stm32f3xx_hal_adc.o(i.HAL_ADC_ConfigChannel), (4 bytes).
    Removing stm32f3xx_hal_adc.o(i.HAL_ADC_ConvHalfCpltCallback), (2 bytes).
    Removing stm32f3xx_hal_adc.o(i.HAL_ADC_DeInit), (4 bytes).
    Removing stm32f3xx_hal_adc.o(i.HAL_ADC_ErrorCallback), (2 bytes).
    Removing stm32f3xx_hal_adc.o(i.HAL_ADC_GetError), (4 bytes).
    Removing stm32f3xx_hal_adc.o(i.HAL_ADC_GetState), (4 bytes).
    Removing stm32f3xx_hal_adc.o(i.HAL_ADC_GetValue), (6 bytes).
    Removing stm32f3xx_hal_adc.o(i.HAL_ADC_IRQHandler), (2 bytes).
    Removing stm32f3xx_hal_adc.o(i.HAL_ADC_Init), (4 bytes).
    Removing stm32f3xx_hal_adc.o(i.HAL_ADC_MspDeInit), (2 bytes).
    Removing stm32f3xx_hal_adc.o(i.HAL_ADC_MspInit), (2 bytes).
    Removing stm32f3xx_hal_adc.o(i.HAL_ADC_PollForConversion), (4 bytes).
    Removing stm32f3xx_hal_adc.o(i.HAL_ADC_PollForEvent), (4 bytes).
    Removing stm32f3xx_hal_adc.o(i.HAL_ADC_Start), (4 bytes).
    Removing stm32f3xx_hal_adc.o(i.HAL_ADC_Start_DMA), (4 bytes).
    Removing stm32f3xx_hal_adc.o(i.HAL_ADC_Start_IT), (4 bytes).
    Removing stm32f3xx_hal_adc.o(i.HAL_ADC_Stop), (4 bytes).
    Removing stm32f3xx_hal_adc.o(i.HAL_ADC_Stop_DMA), (4 bytes).
    Removing stm32f3xx_hal_adc.o(i.HAL_ADC_Stop_IT), (4 bytes).
    Removing stm32f3xx_hal_adc_ex.o(.rev16_text), (4 bytes).
    Removing stm32f3xx_hal_adc_ex.o(.revsh_text), (4 bytes).
    Removing stm32f3xx_hal_adc_ex.o(.rrx_text), (6 bytes).
    Removing stm32f3xx_hal_adc_ex.o(i.ADC_DMAConvCplt), (70 bytes).
    Removing stm32f3xx_hal_adc_ex.o(i.ADC_DMAError), (22 bytes).
    Removing stm32f3xx_hal_adc_ex.o(i.ADC_DMAHalfConvCplt), (6 bytes).
    Removing stm32f3xx_hal_adc_ex.o(i.HAL_ADCEx_InjectedGetValue), (30 bytes).
    Removing stm32f3xx_hal_adc_ex.o(i.HAL_ADCEx_InjectedPollForConversion), (304 bytes).
    Removing stm32f3xx_hal_adc_ex.o(i.HAL_ADCEx_InjectedStart), (110 bytes).
    Removing stm32f3xx_hal_adc_ex.o(i.HAL_ADCEx_InjectedStart_IT), (122 bytes).
    Removing stm32f3xx_hal_adc_ex.o(i.HAL_ADCEx_InjectedStop), (78 bytes).
    Removing stm32f3xx_hal_adc_ex.o(i.HAL_ADCEx_InjectedStop_IT), (88 bytes).
    Removing stm32f3xx_hal_adc_ex.o(i.HAL_ADC_AnalogWDGConfig), (88 bytes).
    Removing stm32f3xx_hal_adc_ex.o(i.HAL_ADC_DeInit), (248 bytes).
    Removing stm32f3xx_hal_adc_ex.o(i.HAL_ADC_GetValue), (6 bytes).
    Removing stm32f3xx_hal_adc_ex.o(i.HAL_ADC_PollForConversion), (316 bytes).
    Removing stm32f3xx_hal_adc_ex.o(i.HAL_ADC_PollForEvent), (84 bytes).
    Removing stm32f3xx_hal_adc_ex.o(i.HAL_ADC_Start), (130 bytes).
    Removing stm32f3xx_hal_adc_ex.o(i.HAL_ADC_Start_DMA), (196 bytes).
    Removing stm32f3xx_hal_adc_ex.o(i.HAL_ADC_Start_IT), (140 bytes).
    Removing stm32f3xx_hal_adc_ex.o(i.HAL_ADC_Stop), (52 bytes).
    Removing stm32f3xx_hal_adc_ex.o(i.HAL_ADC_Stop_DMA), (76 bytes).
    Removing stm32f3xx_hal_adc_ex.o(i.HAL_ADC_Stop_IT), (62 bytes).
    Removing stm32f3xx_hal_sdadc.o(.rev16_text), (4 bytes).
    Removing stm32f3xx_hal_sdadc.o(.revsh_text), (4 bytes).
    Removing stm32f3xx_hal_sdadc.o(.rrx_text), (6 bytes).
    Removing stm32f3xx_hal_sdadc.o(i.HAL_SDADC_CalibrationCpltCallback), (2 bytes).
    Removing stm32f3xx_hal_sdadc.o(i.HAL_SDADC_CalibrationStart_IT), (92 bytes).
    Removing stm32f3xx_hal_sdadc.o(i.HAL_SDADC_ConfigChannel), (54 bytes).
    Removing stm32f3xx_hal_sdadc.o(i.HAL_SDADC_ConvCpltCallback), (2 bytes).
    Removing stm32f3xx_hal_sdadc.o(i.HAL_SDADC_ConvHalfCpltCallback), (2 bytes).
    Removing stm32f3xx_hal_sdadc.o(i.HAL_SDADC_DeInit), (70 bytes).
    Removing stm32f3xx_hal_sdadc.o(i.HAL_SDADC_GetError), (4 bytes).
    Removing stm32f3xx_hal_sdadc.o(i.HAL_SDADC_GetState), (6 bytes).
    Removing stm32f3xx_hal_sdadc.o(i.HAL_SDADC_GetValue), (6 bytes).
    Removing stm32f3xx_hal_sdadc.o(i.HAL_SDADC_IRQHandler), (232 bytes).
    Removing stm32f3xx_hal_sdadc.o(i.HAL_SDADC_InjectedGetValue), (14 bytes).
    Removing stm32f3xx_hal_sdadc.o(i.HAL_SDADC_InjectedMultiModeConfigChannel), (44 bytes).
    Removing stm32f3xx_hal_sdadc.o(i.HAL_SDADC_InjectedMultiModeGetValue), (14 bytes).
    Removing stm32f3xx_hal_sdadc.o(i.HAL_SDADC_InjectedMultiModeStart_DMA), (160 bytes).
    Removing stm32f3xx_hal_sdadc.o(i.HAL_SDADC_InjectedMultiModeStop_DMA), (68 bytes).
    Removing stm32f3xx_hal_sdadc.o(i.HAL_SDADC_InjectedStart), (20 bytes).
    Removing stm32f3xx_hal_sdadc.o(i.HAL_SDADC_InjectedStart_IT), (30 bytes).
    Removing stm32f3xx_hal_sdadc.o(i.HAL_SDADC_InjectedStop), (20 bytes).
    Removing stm32f3xx_hal_sdadc.o(i.HAL_SDADC_InjectedStop_IT), (30 bytes).
    Removing stm32f3xx_hal_sdadc.o(i.HAL_SDADC_MspDeInit), (2 bytes).
    Removing stm32f3xx_hal_sdadc.o(i.HAL_SDADC_MspInit), (2 bytes).
    Removing stm32f3xx_hal_sdadc.o(i.HAL_SDADC_MultiModeConfigChannel), (44 bytes).
    Removing stm32f3xx_hal_sdadc.o(i.HAL_SDADC_MultiModeGetValue), (14 bytes).
    Removing stm32f3xx_hal_sdadc.o(i.HAL_SDADC_MultiModeStart_DMA), (156 bytes).
    Removing stm32f3xx_hal_sdadc.o(i.HAL_SDADC_MultiModeStop_DMA), (68 bytes).
    Removing stm32f3xx_hal_sdadc.o(i.HAL_SDADC_PollForConversion), (120 bytes).
    Removing stm32f3xx_hal_sdadc.o(i.HAL_SDADC_PollForInjectedConversion), (140 bytes).
    Removing stm32f3xx_hal_sdadc.o(i.HAL_SDADC_SelectInjectedExtTrigger), (74 bytes).
    Removing stm32f3xx_hal_sdadc.o(i.HAL_SDADC_SelectRegularTrigger), (48 bytes).
    Removing stm32f3xx_hal_sdadc.o(i.HAL_SDADC_Start), (20 bytes).
    Removing stm32f3xx_hal_sdadc.o(i.HAL_SDADC_Start_DMA), (136 bytes).
    Removing stm32f3xx_hal_sdadc.o(i.HAL_SDADC_Start_IT), (30 bytes).
    Removing stm32f3xx_hal_sdadc.o(i.HAL_SDADC_Stop), (20 bytes).
    Removing stm32f3xx_hal_sdadc.o(i.HAL_SDADC_Stop_DMA), (56 bytes).
    Removing stm32f3xx_hal_sdadc.o(i.HAL_SDADC_Stop_IT), (30 bytes).
    Removing stm32f3xx_hal_sdadc.o(i.SDADC_DMARegularConvCplt), (10 bytes).
    Removing stm32f3xx_hal_sdadc.o(i.SDADC_DMARegularHalfConvCplt), (10 bytes).
    Removing stm32f3xx_hal_sdadc.o(i.SDADC_RegConvStart), (80 bytes).
    Removing stm32f3xx_hal_sdadc.o(i.SDADC_RegConvStop), (144 bytes).
    Removing stm32f3xx_hal_tim.o(.rev16_text), (4 bytes).
    Removing stm32f3xx_hal_tim.o(.revsh_text), (4 bytes).
    Removing stm32f3xx_hal_tim.o(.rrx_text), (6 bytes).
    Removing stm32f3xx_hal_tim_ex.o(.rev16_text), (4 bytes).
    Removing stm32f3xx_hal_tim_ex.o(.revsh_text), (4 bytes).
    Removing stm32f3xx_hal_tim_ex.o(.rrx_text), (6 bytes).
    Removing stm32f3xx_hal_uart.o(.rev16_text), (4 bytes).
    Removing stm32f3xx_hal_uart.o(.revsh_text), (4 bytes).
    Removing stm32f3xx_hal_uart.o(.rrx_text), (6 bytes).
    Removing stm32f3xx_hal_uart.o(i.HAL_HalfDuplex_EnableReceiver), (58 bytes).
    Removing stm32f3xx_hal_uart.o(i.HAL_HalfDuplex_EnableTransmitter), (58 bytes).
    Removing stm32f3xx_hal_uart.o(i.HAL_HalfDuplex_Init), (116 bytes).
    Removing stm32f3xx_hal_uart.o(i.HAL_LIN_Init), (140 bytes).
    Removing stm32f3xx_hal_uart.o(i.HAL_LIN_SendBreak), (46 bytes).
    Removing stm32f3xx_hal_uart.o(i.HAL_MultiProcessor_DisableMuteMode), (44 bytes).
    Removing stm32f3xx_hal_uart.o(i.HAL_MultiProcessor_EnableMuteMode), (44 bytes).
    Removing stm32f3xx_hal_uart.o(i.HAL_MultiProcessor_EnterMuteMode), (12 bytes).
    Removing stm32f3xx_hal_uart.o(i.HAL_MultiProcessor_Init), (138 bytes).
    Removing stm32f3xx_hal_uart.o(i.HAL_UART_Abort), (112 bytes).
    Removing stm32f3xx_hal_uart.o(i.HAL_UART_AbortCpltCallback), (2 bytes).
    Removing stm32f3xx_hal_uart.o(i.HAL_UART_AbortReceive), (76 bytes).
    Removing stm32f3xx_hal_uart.o(i.HAL_UART_AbortReceiveCpltCallback), (2 bytes).
    Removing stm32f3xx_hal_uart.o(i.HAL_UART_AbortReceive_IT), (108 bytes).
    Removing stm32f3xx_hal_uart.o(i.HAL_UART_AbortTransmit), (58 bytes).
    Removing stm32f3xx_hal_uart.o(i.HAL_UART_AbortTransmitCpltCallback), (2 bytes).
    Removing stm32f3xx_hal_uart.o(i.HAL_UART_AbortTransmit_IT), (84 bytes).
    Removing stm32f3xx_hal_uart.o(i.HAL_UART_Abort_IT), (180 bytes).
    Removing stm32f3xx_hal_uart.o(i.HAL_UART_DMAPause), (98 bytes).
    Removing stm32f3xx_hal_uart.o(i.HAL_UART_DMAResume), (92 bytes).
    Removing stm32f3xx_hal_uart.o(i.HAL_UART_DMAStop), (84 bytes).
    Removing stm32f3xx_hal_uart.o(i.HAL_UART_DeInit), (64 bytes).
    Removing stm32f3xx_hal_uart.o(i.HAL_UART_ErrorCallback), (2 bytes).
    Removing stm32f3xx_hal_uart.o(i.HAL_UART_GetError), (4 bytes).
    Removing stm32f3xx_hal_uart.o(i.HAL_UART_GetState), (10 bytes).
    Removing stm32f3xx_hal_uart.o(i.HAL_UART_IRQHandler), (320 bytes).
    Removing stm32f3xx_hal_uart.o(i.HAL_UART_MspDeInit), (2 bytes).
    Removing stm32f3xx_hal_uart.o(i.HAL_UART_MspInit), (2 bytes).
    Removing stm32f3xx_hal_uart.o(i.HAL_UART_Receive), (210 bytes).
    Removing stm32f3xx_hal_uart.o(i.HAL_UART_Receive_DMA), (144 bytes).
    Removing stm32f3xx_hal_uart.o(i.HAL_UART_Receive_IT), (122 bytes).
    Removing stm32f3xx_hal_uart.o(i.HAL_UART_RxCpltCallback), (2 bytes).
    Removing stm32f3xx_hal_uart.o(i.HAL_UART_RxHalfCpltCallback), (2 bytes).
    Removing stm32f3xx_hal_uart.o(i.HAL_UART_Transmit_DMA), (136 bytes).
    Removing stm32f3xx_hal_uart.o(i.HAL_UART_Transmit_IT), (62 bytes).
    Removing stm32f3xx_hal_uart.o(i.HAL_UART_TxCpltCallback), (2 bytes).
    Removing stm32f3xx_hal_uart.o(i.HAL_UART_TxHalfCpltCallback), (2 bytes).
    Removing stm32f3xx_hal_uart.o(i.UART_DMAAbortOnError), (20 bytes).
    Removing stm32f3xx_hal_uart.o(i.UART_DMAError), (74 bytes).
    Removing stm32f3xx_hal_uart.o(i.UART_DMAReceiveCplt), (62 bytes).
    Removing stm32f3xx_hal_uart.o(i.UART_DMARxAbortCallback), (52 bytes).
    Removing stm32f3xx_hal_uart.o(i.UART_DMARxHalfCplt), (10 bytes).
    Removing stm32f3xx_hal_uart.o(i.UART_DMARxOnlyAbortCallback), (28 bytes).
    Removing stm32f3xx_hal_uart.o(i.UART_DMATransmitCplt), (48 bytes).
    Removing stm32f3xx_hal_uart.o(i.UART_DMATxAbortCallback), (52 bytes).
    Removing stm32f3xx_hal_uart.o(i.UART_DMATxHalfCplt), (10 bytes).
    Removing stm32f3xx_hal_uart.o(i.UART_DMATxOnlyAbortCallback), (22 bytes).
    Removing stm32f3xx_hal_uart.o(i.UART_EndRxTransfer), (28 bytes).
    Removing stm32f3xx_hal_uart.o(i.UART_EndTransmit_IT), (26 bytes).
    Removing stm32f3xx_hal_uart.o(i.UART_EndTxTransfer), (18 bytes).
    Removing stm32f3xx_hal_uart.o(i.UART_Receive_IT), (118 bytes).
    Removing stm32f3xx_hal_uart.o(i.UART_Transmit_IT), (100 bytes).
    Removing stm32f3xx_hal_uart.o(i.UART_Wakeup_AddressConfig), (30 bytes).
    Removing stm32f3xx_hal_uart_ex.o(.rev16_text), (4 bytes).
    Removing stm32f3xx_hal_uart_ex.o(.revsh_text), (4 bytes).
    Removing stm32f3xx_hal_uart_ex.o(.rrx_text), (6 bytes).
    Removing stm32f3xx_hal_uart_ex.o(i.HAL_MultiProcessorEx_AddressLength_Set), (48 bytes).
    Removing stm32f3xx_hal_uart_ex.o(i.HAL_RS485Ex_Init), (140 bytes).
    Removing stm32f3xx_hal_uart_ex.o(i.HAL_UARTEx_DisableStopMode), (46 bytes).
    Removing stm32f3xx_hal_uart_ex.o(i.HAL_UARTEx_EnableStopMode), (46 bytes).
    Removing stm32f3xx_hal_uart_ex.o(i.HAL_UARTEx_StopModeWakeUpSourceConfig), (118 bytes).
    Removing stm32f3xx_hal_uart_ex.o(i.HAL_UARTEx_WakeupCallback), (2 bytes).
    Removing stm32f3xx_hal.o(.rev16_text), (4 bytes).
    Removing stm32f3xx_hal.o(.revsh_text), (4 bytes).
    Removing stm32f3xx_hal.o(.rrx_text), (6 bytes).
    Removing stm32f3xx_hal.o(i.HAL_DBGMCU_DisableDBGSleepMode), (16 bytes).
    Removing stm32f3xx_hal.o(i.HAL_DBGMCU_DisableDBGStandbyMode), (16 bytes).
    Removing stm32f3xx_hal.o(i.HAL_DBGMCU_DisableDBGStopMode), (16 bytes).
    Removing stm32f3xx_hal.o(i.HAL_DBGMCU_EnableDBGSleepMode), (16 bytes).
    Removing stm32f3xx_hal.o(i.HAL_DBGMCU_EnableDBGStandbyMode), (16 bytes).
    Removing stm32f3xx_hal.o(i.HAL_DBGMCU_EnableDBGStopMode), (16 bytes).
    Removing stm32f3xx_hal.o(i.HAL_DeInit), (36 bytes).
    Removing stm32f3xx_hal.o(i.HAL_GetDEVID), (16 bytes).
    Removing stm32f3xx_hal.o(i.HAL_GetHalVersion), (8 bytes).
    Removing stm32f3xx_hal.o(i.HAL_GetREVID), (12 bytes).
    Removing stm32f3xx_hal.o(i.HAL_GetTickFreq), (12 bytes).
    Removing stm32f3xx_hal.o(i.HAL_GetTickPrio), (12 bytes).
    Removing stm32f3xx_hal.o(i.HAL_GetUIDw0), (12 bytes).
    Removing stm32f3xx_hal.o(i.HAL_GetUIDw1), (12 bytes).
    Removing stm32f3xx_hal.o(i.HAL_GetUIDw2), (12 bytes).
    Removing stm32f3xx_hal.o(i.HAL_MspDeInit), (2 bytes).
    Removing stm32f3xx_hal.o(i.HAL_MspInit), (2 bytes).
    Removing stm32f3xx_hal.o(i.HAL_ResumeTick), (14 bytes).
    Removing stm32f3xx_hal.o(i.HAL_SetTickFreq), (28 bytes).
    Removing stm32f3xx_hal.o(i.HAL_SuspendTick), (14 bytes).
    Removing stm32f3xx_hal_rcc.o(.rev16_text), (4 bytes).
    Removing stm32f3xx_hal_rcc.o(.revsh_text), (4 bytes).
    Removing stm32f3xx_hal_rcc.o(.rrx_text), (6 bytes).
    Removing stm32f3xx_hal_rcc.o(i.HAL_RCC_CSSCallback), (2 bytes).
    Removing stm32f3xx_hal_rcc.o(i.HAL_RCC_DeInit), (216 bytes).
    Removing stm32f3xx_hal_rcc.o(i.HAL_RCC_DisableCSS), (28 bytes).
    Removing stm32f3xx_hal_rcc.o(i.HAL_RCC_EnableCSS), (24 bytes).
    Removing stm32f3xx_hal_rcc.o(i.HAL_RCC_GetClockConfig), (64 bytes).
    Removing stm32f3xx_hal_rcc.o(i.HAL_RCC_GetHCLKFreq), (12 bytes).
    Removing stm32f3xx_hal_rcc.o(i.HAL_RCC_GetOscConfig), (156 bytes).
    Removing stm32f3xx_hal_rcc.o(i.HAL_RCC_MCOConfig), (72 bytes).
    Removing stm32f3xx_hal_rcc.o(i.HAL_RCC_NMI_IRQHandler), (24 bytes).
    Removing stm32f3xx_hal_rcc_ex.o(.rev16_text), (4 bytes).
    Removing stm32f3xx_hal_rcc_ex.o(.revsh_text), (4 bytes).
    Removing stm32f3xx_hal_rcc_ex.o(.rrx_text), (6 bytes).
    Removing stm32f3xx_hal_rcc_ex.o(i.HAL_RCCEx_GetPeriphCLKConfig), (132 bytes).
    Removing stm32f3xx_hal_rcc_ex.o(i.HAL_RCCEx_GetPeriphCLKFreq), (428 bytes).
    Removing stm32f3xx_hal_rcc_ex.o(i.RCC_GetPLLCLKFreq), (60 bytes).
    Removing stm32f3xx_hal_gpio.o(.rev16_text), (4 bytes).
    Removing stm32f3xx_hal_gpio.o(.revsh_text), (4 bytes).
    Removing stm32f3xx_hal_gpio.o(.rrx_text), (6 bytes).
    Removing stm32f3xx_hal_gpio.o(i.HAL_GPIO_DeInit), (284 bytes).
    Removing stm32f3xx_hal_gpio.o(i.HAL_GPIO_EXTI_Callback), (2 bytes).
    Removing stm32f3xx_hal_gpio.o(i.HAL_GPIO_EXTI_IRQHandler), (24 bytes).
    Removing stm32f3xx_hal_gpio.o(i.HAL_GPIO_LockPin), (34 bytes).
    Removing stm32f3xx_hal_gpio.o(i.HAL_GPIO_ReadPin), (10 bytes).
    Removing stm32f3xx_hal_gpio.o(i.HAL_GPIO_TogglePin), (8 bytes).
    Removing stm32f3xx_hal_dma.o(.rev16_text), (4 bytes).
    Removing stm32f3xx_hal_dma.o(.revsh_text), (4 bytes).
    Removing stm32f3xx_hal_dma.o(.rrx_text), (6 bytes).
    Removing stm32f3xx_hal_dma.o(i.HAL_DMA_Abort_IT), (74 bytes).
    Removing stm32f3xx_hal_dma.o(i.HAL_DMA_DeInit), (78 bytes).
    Removing stm32f3xx_hal_dma.o(i.HAL_DMA_GetError), (4 bytes).
    Removing stm32f3xx_hal_dma.o(i.HAL_DMA_GetState), (6 bytes).
    Removing stm32f3xx_hal_dma.o(i.HAL_DMA_PollForTransfer), (206 bytes).
    Removing stm32f3xx_hal_dma.o(i.HAL_DMA_RegisterCallback), (74 bytes).
    Removing stm32f3xx_hal_dma.o(i.HAL_DMA_Start), (80 bytes).
    Removing stm32f3xx_hal_dma.o(i.HAL_DMA_UnRegisterCallback), (82 bytes).
    Removing stm32f3xx_hal_cortex.o(.rev16_text), (4 bytes).
    Removing stm32f3xx_hal_cortex.o(.revsh_text), (4 bytes).
    Removing stm32f3xx_hal_cortex.o(.rrx_text), (6 bytes).
    Removing stm32f3xx_hal_cortex.o(i.HAL_MPU_ConfigRegion), (84 bytes).
    Removing stm32f3xx_hal_cortex.o(i.HAL_MPU_Disable), (24 bytes).
    Removing stm32f3xx_hal_cortex.o(i.HAL_MPU_Enable), (28 bytes).
    Removing stm32f3xx_hal_cortex.o(i.HAL_NVIC_ClearPendingIRQ), (22 bytes).
    Removing stm32f3xx_hal_cortex.o(i.HAL_NVIC_DisableIRQ), (22 bytes).
    Removing stm32f3xx_hal_cortex.o(i.HAL_NVIC_GetActive), (32 bytes).
    Removing stm32f3xx_hal_cortex.o(i.HAL_NVIC_GetPendingIRQ), (32 bytes).
    Removing stm32f3xx_hal_cortex.o(i.HAL_NVIC_GetPriority), (82 bytes).
    Removing stm32f3xx_hal_cortex.o(i.HAL_NVIC_GetPriorityGrouping), (16 bytes).
    Removing stm32f3xx_hal_cortex.o(i.HAL_NVIC_SetPendingIRQ), (22 bytes).
    Removing stm32f3xx_hal_cortex.o(i.HAL_NVIC_SystemReset), (36 bytes).
    Removing stm32f3xx_hal_cortex.o(i.HAL_SYSTICK_CLKSourceConfig), (24 bytes).
    Removing stm32f3xx_hal_cortex.o(i.HAL_SYSTICK_Callback), (2 bytes).
    Removing stm32f3xx_hal_cortex.o(i.HAL_SYSTICK_IRQHandler), (8 bytes).
    Removing stm32f3xx_hal_pwr.o(.rev16_text), (4 bytes).
    Removing stm32f3xx_hal_pwr.o(.revsh_text), (4 bytes).
    Removing stm32f3xx_hal_pwr.o(.rrx_text), (6 bytes).
    Removing stm32f3xx_hal_pwr.o(i.HAL_PWR_DeInit), (24 bytes).
    Removing stm32f3xx_hal_pwr.o(i.HAL_PWR_DisableBkUpAccess), (16 bytes).
    Removing stm32f3xx_hal_pwr.o(i.HAL_PWR_DisableSEVOnPend), (16 bytes).
    Removing stm32f3xx_hal_pwr.o(i.HAL_PWR_DisableSleepOnExit), (16 bytes).
    Removing stm32f3xx_hal_pwr.o(i.HAL_PWR_DisableWakeUpPin), (16 bytes).
    Removing stm32f3xx_hal_pwr.o(i.HAL_PWR_EnableBkUpAccess), (16 bytes).
    Removing stm32f3xx_hal_pwr.o(i.HAL_PWR_EnableSEVOnPend), (16 bytes).
    Removing stm32f3xx_hal_pwr.o(i.HAL_PWR_EnableSleepOnExit), (16 bytes).
    Removing stm32f3xx_hal_pwr.o(i.HAL_PWR_EnableWakeUpPin), (16 bytes).
    Removing stm32f3xx_hal_pwr.o(i.HAL_PWR_EnterSLEEPMode), (32 bytes).
    Removing stm32f3xx_hal_pwr.o(i.HAL_PWR_EnterSTANDBYMode), (32 bytes).
    Removing stm32f3xx_hal_pwr.o(i.HAL_PWR_EnterSTOPMode), (56 bytes).
    Removing stm32f3xx_hal_pwr_ex.o(.rev16_text), (4 bytes).
    Removing stm32f3xx_hal_pwr_ex.o(.revsh_text), (4 bytes).
    Removing stm32f3xx_hal_pwr_ex.o(.rrx_text), (6 bytes).
    Removing stm32f3xx_hal_pwr_ex.o(i.HAL_PWREx_DisableSDADC), (16 bytes).
    Removing stm32f3xx_hal_pwr_ex.o(i.HAL_PWR_ConfigPVD), (124 bytes).
    Removing stm32f3xx_hal_pwr_ex.o(i.HAL_PWR_DisablePVD), (16 bytes).
    Removing stm32f3xx_hal_pwr_ex.o(i.HAL_PWR_EnablePVD), (16 bytes).
    Removing stm32f3xx_hal_pwr_ex.o(i.HAL_PWR_PVDCallback), (2 bytes).
    Removing stm32f3xx_hal_pwr_ex.o(i.HAL_PWR_PVD_IRQHandler), (28 bytes).
    Removing stm32f3xx_hal_flash.o(.rev16_text), (4 bytes).
    Removing stm32f3xx_hal_flash.o(.revsh_text), (4 bytes).
    Removing stm32f3xx_hal_flash.o(.rrx_text), (6 bytes).
    Removing stm32f3xx_hal_flash.o(i.FLASH_Program_HalfWord), (28 bytes).
    Removing stm32f3xx_hal_flash.o(i.FLASH_SetErrorCode), (52 bytes).
    Removing stm32f3xx_hal_flash.o(i.FLASH_WaitForLastOperation), (80 bytes).
    Removing stm32f3xx_hal_flash.o(i.HAL_FLASH_EndOfOperationCallback), (2 bytes).
    Removing stm32f3xx_hal_flash.o(i.HAL_FLASH_GetError), (12 bytes).
    Removing stm32f3xx_hal_flash.o(i.HAL_FLASH_IRQHandler), (264 bytes).
    Removing stm32f3xx_hal_flash.o(i.HAL_FLASH_Lock), (20 bytes).
    Removing stm32f3xx_hal_flash.o(i.HAL_FLASH_OB_Launch), (24 bytes).
    Removing stm32f3xx_hal_flash.o(i.HAL_FLASH_OB_Lock), (20 bytes).
    Removing stm32f3xx_hal_flash.o(i.HAL_FLASH_OB_Unlock), (36 bytes).
    Removing stm32f3xx_hal_flash.o(i.HAL_FLASH_OperationErrorCallback), (2 bytes).
    Removing stm32f3xx_hal_flash.o(i.HAL_FLASH_Program), (128 bytes).
    Removing stm32f3xx_hal_flash.o(i.HAL_FLASH_Program_IT), (100 bytes).
    Removing stm32f3xx_hal_flash.o(i.HAL_FLASH_Unlock), (40 bytes).
    Removing stm32f3xx_hal_flash.o(.bss), (32 bytes).
    Removing stm32f3xx_hal_flash_ex.o(.rev16_text), (4 bytes).
    Removing stm32f3xx_hal_flash_ex.o(.revsh_text), (4 bytes).
    Removing stm32f3xx_hal_flash_ex.o(.rrx_text), (6 bytes).
    Removing stm32f3xx_hal_flash_ex.o(i.FLASH_MassErase), (36 bytes).
    Removing stm32f3xx_hal_flash_ex.o(i.FLASH_OB_DisableWRP), (176 bytes).
    Removing stm32f3xx_hal_flash_ex.o(i.FLASH_OB_EnableWRP), (176 bytes).
    Removing stm32f3xx_hal_flash_ex.o(i.FLASH_OB_GetRDP), (32 bytes).
    Removing stm32f3xx_hal_flash_ex.o(i.FLASH_OB_RDP_LevelConfig), (100 bytes).
    Removing stm32f3xx_hal_flash_ex.o(i.FLASH_PageErase), (36 bytes).
    Removing stm32f3xx_hal_flash_ex.o(i.HAL_FLASHEx_Erase), (168 bytes).
    Removing stm32f3xx_hal_flash_ex.o(i.HAL_FLASHEx_Erase_IT), (84 bytes).
    Removing stm32f3xx_hal_flash_ex.o(i.HAL_FLASHEx_OBErase), (84 bytes).
    Removing stm32f3xx_hal_flash_ex.o(i.HAL_FLASHEx_OBGetConfig), (48 bytes).
    Removing stm32f3xx_hal_flash_ex.o(i.HAL_FLASHEx_OBGetUserData), (48 bytes).
    Removing stm32f3xx_hal_flash_ex.o(i.HAL_FLASHEx_OBProgram), (200 bytes).
    Removing stm32f3xx_hal_i2c.o(.rev16_text), (4 bytes).
    Removing stm32f3xx_hal_i2c.o(.revsh_text), (4 bytes).
    Removing stm32f3xx_hal_i2c.o(.rrx_text), (6 bytes).
    Removing stm32f3xx_hal_i2c.o(i.HAL_I2C_AbortCpltCallback), (2 bytes).
    Removing stm32f3xx_hal_i2c.o(i.HAL_I2C_AddrCallback), (2 bytes).
    Removing stm32f3xx_hal_i2c.o(i.HAL_I2C_DeInit), (50 bytes).
    Removing stm32f3xx_hal_i2c.o(i.HAL_I2C_DisableListen_IT), (54 bytes).
    Removing stm32f3xx_hal_i2c.o(i.HAL_I2C_ER_IRQHandler), (98 bytes).
    Removing stm32f3xx_hal_i2c.o(i.HAL_I2C_EV_IRQHandler), (16 bytes).
    Removing stm32f3xx_hal_i2c.o(i.HAL_I2C_EnableListen_IT), (40 bytes).
    Removing stm32f3xx_hal_i2c.o(i.HAL_I2C_ErrorCallback), (2 bytes).
    Removing stm32f3xx_hal_i2c.o(i.HAL_I2C_GetError), (4 bytes).
    Removing stm32f3xx_hal_i2c.o(i.HAL_I2C_GetMode), (6 bytes).
    Removing stm32f3xx_hal_i2c.o(i.HAL_I2C_GetState), (6 bytes).
    Removing stm32f3xx_hal_i2c.o(i.HAL_I2C_Init), (184 bytes).
    Removing stm32f3xx_hal_i2c.o(i.HAL_I2C_IsDeviceReady), (288 bytes).
    Removing stm32f3xx_hal_i2c.o(i.HAL_I2C_ListenCpltCallback), (2 bytes).
    Removing stm32f3xx_hal_i2c.o(i.HAL_I2C_MasterRxCpltCallback), (2 bytes).
    Removing stm32f3xx_hal_i2c.o(i.HAL_I2C_MasterTxCpltCallback), (2 bytes).
    Removing stm32f3xx_hal_i2c.o(i.HAL_I2C_Master_Abort_IT), (96 bytes).
    Removing stm32f3xx_hal_i2c.o(i.HAL_I2C_Master_Receive), (304 bytes).
    Removing stm32f3xx_hal_i2c.o(i.HAL_I2C_Master_Receive_DMA), (244 bytes).
    Removing stm32f3xx_hal_i2c.o(i.HAL_I2C_Master_Receive_IT), (136 bytes).
    Removing stm32f3xx_hal_i2c.o(i.HAL_I2C_Master_Sequential_Receive_IT), (128 bytes).
    Removing stm32f3xx_hal_i2c.o(i.HAL_I2C_Master_Sequential_Transmit_IT), (124 bytes).
    Removing stm32f3xx_hal_i2c.o(i.HAL_I2C_Master_Transmit), (300 bytes).
    Removing stm32f3xx_hal_i2c.o(i.HAL_I2C_Master_Transmit_DMA), (248 bytes).
    Removing stm32f3xx_hal_i2c.o(i.HAL_I2C_Master_Transmit_IT), (136 bytes).
    Removing stm32f3xx_hal_i2c.o(i.HAL_I2C_MemRxCpltCallback), (2 bytes).
    Removing stm32f3xx_hal_i2c.o(i.HAL_I2C_MemTxCpltCallback), (2 bytes).
    Removing stm32f3xx_hal_i2c.o(i.HAL_I2C_Mem_Read), (368 bytes).
    Removing stm32f3xx_hal_i2c.o(i.HAL_I2C_Mem_Read_DMA), (264 bytes).
    Removing stm32f3xx_hal_i2c.o(i.HAL_I2C_Mem_Read_IT), (204 bytes).
    Removing stm32f3xx_hal_i2c.o(i.HAL_I2C_Mem_Write), (360 bytes).
    Removing stm32f3xx_hal_i2c.o(i.HAL_I2C_Mem_Write_DMA), (260 bytes).
    Removing stm32f3xx_hal_i2c.o(i.HAL_I2C_Mem_Write_IT), (200 bytes).
    Removing stm32f3xx_hal_i2c.o(i.HAL_I2C_MspDeInit), (2 bytes).
    Removing stm32f3xx_hal_i2c.o(i.HAL_I2C_MspInit), (2 bytes).
    Removing stm32f3xx_hal_i2c.o(i.HAL_I2C_SlaveRxCpltCallback), (2 bytes).
    Removing stm32f3xx_hal_i2c.o(i.HAL_I2C_SlaveTxCpltCallback), (2 bytes).
    Removing stm32f3xx_hal_i2c.o(i.HAL_I2C_Slave_Receive), (314 bytes).
    Removing stm32f3xx_hal_i2c.o(i.HAL_I2C_Slave_Receive_DMA), (164 bytes).
    Removing stm32f3xx_hal_i2c.o(i.HAL_I2C_Slave_Receive_IT), (92 bytes).
    Removing stm32f3xx_hal_i2c.o(i.HAL_I2C_Slave_Sequential_Receive_IT), (152 bytes).
    Removing stm32f3xx_hal_i2c.o(i.HAL_I2C_Slave_Sequential_Transmit_IT), (152 bytes).
    Removing stm32f3xx_hal_i2c.o(i.HAL_I2C_Slave_Transmit), (314 bytes).
    Removing stm32f3xx_hal_i2c.o(i.HAL_I2C_Slave_Transmit_DMA), (156 bytes).
    Removing stm32f3xx_hal_i2c.o(i.HAL_I2C_Slave_Transmit_IT), (92 bytes).
    Removing stm32f3xx_hal_i2c.o(i.I2C_DMAAbort), (50 bytes).
    Removing stm32f3xx_hal_i2c.o(i.I2C_DMAError), (18 bytes).
    Removing stm32f3xx_hal_i2c.o(i.I2C_DMAMasterReceiveCplt), (66 bytes).
    Removing stm32f3xx_hal_i2c.o(i.I2C_DMAMasterTransmitCplt), (66 bytes).
    Removing stm32f3xx_hal_i2c.o(i.I2C_DMASlaveReceiveCplt), (2 bytes).
    Removing stm32f3xx_hal_i2c.o(i.I2C_DMASlaveTransmitCplt), (2 bytes).
    Removing stm32f3xx_hal_i2c.o(i.I2C_Disable_IRQ), (86 bytes).
    Removing stm32f3xx_hal_i2c.o(i.I2C_Enable_IRQ), (96 bytes).
    Removing stm32f3xx_hal_i2c.o(i.I2C_Flush_TXDR), (34 bytes).
    Removing stm32f3xx_hal_i2c.o(i.I2C_ITAddrCplt), (136 bytes).
    Removing stm32f3xx_hal_i2c.o(i.I2C_ITError), (224 bytes).
    Removing stm32f3xx_hal_i2c.o(i.I2C_ITListenCplt), (92 bytes).
    Removing stm32f3xx_hal_i2c.o(i.I2C_ITMasterCplt), (180 bytes).
    Removing stm32f3xx_hal_i2c.o(i.I2C_ITMasterSequentialCplt), (76 bytes).
    Removing stm32f3xx_hal_i2c.o(i.I2C_ITSlaveCplt), (240 bytes).
    Removing stm32f3xx_hal_i2c.o(i.I2C_ITSlaveSequentialCplt), (84 bytes).
    Removing stm32f3xx_hal_i2c.o(i.I2C_IsAcknowledgeFailed), (124 bytes).
    Removing stm32f3xx_hal_i2c.o(i.I2C_Master_ISR_DMA), (196 bytes).
    Removing stm32f3xx_hal_i2c.o(i.I2C_Master_ISR_IT), (288 bytes).
    Removing stm32f3xx_hal_i2c.o(i.I2C_RequestMemoryRead), (112 bytes).
    Removing stm32f3xx_hal_i2c.o(i.I2C_RequestMemoryWrite), (112 bytes).
    Removing stm32f3xx_hal_i2c.o(i.I2C_Slave_ISR_DMA), (106 bytes).
    Removing stm32f3xx_hal_i2c.o(i.I2C_Slave_ISR_IT), (272 bytes).
    Removing stm32f3xx_hal_i2c.o(i.I2C_TransferConfig), (44 bytes).
    Removing stm32f3xx_hal_i2c.o(i.I2C_WaitOnFlagUntilTimeout), (82 bytes).
    Removing stm32f3xx_hal_i2c.o(i.I2C_WaitOnRXNEFlagUntilTimeout), (136 bytes).
    Removing stm32f3xx_hal_i2c.o(i.I2C_WaitOnSTOPFlagUntilTimeout), (78 bytes).
    Removing stm32f3xx_hal_i2c.o(i.I2C_WaitOnTXISFlagUntilTimeout), (82 bytes).
    Removing stm32f3xx_hal_i2c_ex.o(.rev16_text), (4 bytes).
    Removing stm32f3xx_hal_i2c_ex.o(.revsh_text), (4 bytes).
    Removing stm32f3xx_hal_i2c_ex.o(.rrx_text), (6 bytes).
    Removing stm32f3xx_hal_i2c_ex.o(i.HAL_I2CEx_ConfigAnalogFilter), (86 bytes).
    Removing stm32f3xx_hal_i2c_ex.o(i.HAL_I2CEx_ConfigDigitalFilter), (82 bytes).
    Removing stm32f3xx_hal_i2c_ex.o(i.HAL_I2CEx_DisableFastModePlus), (40 bytes).
    Removing stm32f3xx_hal_i2c_ex.o(i.HAL_I2CEx_DisableWakeUp), (78 bytes).
    Removing stm32f3xx_hal_i2c_ex.o(i.HAL_I2CEx_EnableFastModePlus), (40 bytes).
    Removing stm32f3xx_hal_i2c_ex.o(i.HAL_I2CEx_EnableWakeUp), (78 bytes).
    Removing system_stm32f3xx.o(.rev16_text), (4 bytes).
    Removing system_stm32f3xx.o(.revsh_text), (4 bytes).
    Removing system_stm32f3xx.o(.rrx_text), (6 bytes).
    Removing system_stm32f3xx.o(i.SystemCoreClockUpdate), (112 bytes).
    Removing dadd.o(.text), (334 bytes).
    Removing dmul.o(.text), (228 bytes).
    Removing ddiv.o(.text), (222 bytes).
    Removing dfixul.o(.text), (48 bytes).
    Removing cdrcmple.o(.text), (48 bytes).
    Removing depilogue.o(.text), (186 bytes).

402 unused section(s) (total 24762 bytes) removed from the image.

==============================================================================

Image Symbol Table

    Local Symbols

    Symbol Name                              Value     Ov Type        Size  Object(Section)

    ../Drivers/STM32F3xx_HAL_Driver/Src/stm32f3xx_hal.c 0x00000000   Number         0  stm32f3xx_hal.o ABSOLUTE
    ../Drivers/STM32F3xx_HAL_Driver/Src/stm32f3xx_hal_adc.c 0x00000000   Number         0  stm32f3xx_hal_adc.o ABSOLUTE
    ../Drivers/STM32F3xx_HAL_Driver/Src/stm32f3xx_hal_adc_ex.c 0x00000000   Number         0  stm32f3xx_hal_adc_ex.o ABSOLUTE
    ../Drivers/STM32F3xx_HAL_Driver/Src/stm32f3xx_hal_cortex.c 0x00000000   Number         0  stm32f3xx_hal_cortex.o ABSOLUTE
    ../Drivers/STM32F3xx_HAL_Driver/Src/stm32f3xx_hal_dma.c 0x00000000   Number         0  stm32f3xx_hal_dma.o ABSOLUTE
    ../Drivers/STM32F3xx_HAL_Driver/Src/stm32f3xx_hal_flash.c 0x00000000   Number         0  stm32f3xx_hal_flash.o ABSOLUTE
    ../Drivers/STM32F3xx_HAL_Driver/Src/stm32f3xx_hal_flash_ex.c 0x00000000   Number         0  stm32f3xx_hal_flash_ex.o ABSOLUTE
    ../Drivers/STM32F3xx_HAL_Driver/Src/stm32f3xx_hal_gpio.c 0x00000000   Number         0  stm32f3xx_hal_gpio.o ABSOLUTE
    ../Drivers/STM32F3xx_HAL_Driver/Src/stm32f3xx_hal_i2c.c 0x00000000   Number         0  stm32f3xx_hal_i2c.o ABSOLUTE
    ../Drivers/STM32F3xx_HAL_Driver/Src/stm32f3xx_hal_i2c_ex.c 0x00000000   Number         0  stm32f3xx_hal_i2c_ex.o ABSOLUTE
    ../Drivers/STM32F3xx_HAL_Driver/Src/stm32f3xx_hal_pwr.c 0x00000000   Number         0  stm32f3xx_hal_pwr.o ABSOLUTE
    ../Drivers/STM32F3xx_HAL_Driver/Src/stm32f3xx_hal_pwr_ex.c 0x00000000   Number         0  stm32f3xx_hal_pwr_ex.o ABSOLUTE
    ../Drivers/STM32F3xx_HAL_Driver/Src/stm32f3xx_hal_rcc.c 0x00000000   Number         0  stm32f3xx_hal_rcc.o ABSOLUTE
    ../Drivers/STM32F3xx_HAL_Driver/Src/stm32f3xx_hal_rcc_ex.c 0x00000000   Number         0  stm32f3xx_hal_rcc_ex.o ABSOLUTE
    ../Drivers/STM32F3xx_HAL_Driver/Src/stm32f3xx_hal_sdadc.c 0x00000000   Number         0  stm32f3xx_hal_sdadc.o ABSOLUTE
    ../Drivers/STM32F3xx_HAL_Driver/Src/stm32f3xx_hal_tim.c 0x00000000   Number         0  stm32f3xx_hal_tim.o ABSOLUTE
    ../Drivers/STM32F3xx_HAL_Driver/Src/stm32f3xx_hal_tim_ex.c 0x00000000   Number         0  stm32f3xx_hal_tim_ex.o ABSOLUTE
    ../Drivers/STM32F3xx_HAL_Driver/Src/stm32f3xx_hal_uart.c 0x00000000   Number         0  stm32f3xx_hal_uart.o ABSOLUTE
    ../Drivers/STM32F3xx_HAL_Driver/Src/stm32f3xx_hal_uart_ex.c 0x00000000   Number         0  stm32f3xx_hal_uart_ex.o ABSOLUTE
    ../Src/main.c                            0x00000000   Number         0  main.o ABSOLUTE
    ../Src/stm32f3xx_hal_msp.c               0x00000000   Number         0  stm32f3xx_hal_msp.o ABSOLUTE
    ../Src/stm32f3xx_it.c                    0x00000000   Number         0  stm32f3xx_it.o ABSOLUTE
    ../Src/system_stm32f3xx.c                0x00000000   Number         0  system_stm32f3xx.o ABSOLUTE
    ../clib/microlib/division.c              0x00000000   Number         0  uldiv.o ABSOLUTE
    ../clib/microlib/division.c              0x00000000   Number         0  uidiv.o ABSOLUTE
    ../clib/microlib/init/entry.s            0x00000000   Number         0  entry2.o ABSOLUTE
    ../clib/microlib/init/entry.s            0x00000000   Number         0  entry9b.o ABSOLUTE
    ../clib/microlib/init/entry.s            0x00000000   Number         0  entry5.o ABSOLUTE
    ../clib/microlib/init/entry.s            0x00000000   Number         0  entry11b.o ABSOLUTE
    ../clib/microlib/init/entry.s            0x00000000   Number         0  entry11a.o ABSOLUTE
    ../clib/microlib/init/entry.s            0x00000000   Number         0  entry10b.o ABSOLUTE
    ../clib/microlib/init/entry.s            0x00000000   Number         0  entry7a.o ABSOLUTE
    ../clib/microlib/init/entry.s            0x00000000   Number         0  entry10a.o ABSOLUTE
    ../clib/microlib/init/entry.s            0x00000000   Number         0  entry9a.o ABSOLUTE
    ../clib/microlib/init/entry.s            0x00000000   Number         0  entry.o ABSOLUTE
    ../clib/microlib/init/entry.s            0x00000000   Number         0  entry8b.o ABSOLUTE
    ../clib/microlib/init/entry.s            0x00000000   Number         0  entry8a.o ABSOLUTE
    ../clib/microlib/init/entry.s            0x00000000   Number         0  entry7b.o ABSOLUTE
    ../clib/microlib/longlong.c              0x00000000   Number         0  llshl.o ABSOLUTE
    ../clib/microlib/longlong.c              0x00000000   Number         0  llushr.o ABSOLUTE
    ../clib/microlib/longlong.c              0x00000000   Number         0  llsshr.o ABSOLUTE
    ../clib/microlib/printf/printf.c         0x00000000   Number         0  printf7.o ABSOLUTE
    ../clib/microlib/printf/printf.c         0x00000000   Number         0  printf5.o ABSOLUTE
    ../clib/microlib/printf/printf.c         0x00000000   Number         0  printf6.o ABSOLUTE
    ../clib/microlib/printf/printf.c         0x00000000   Number         0  printfb.o ABSOLUTE
    ../clib/microlib/printf/printf.c         0x00000000   Number         0  printf0.o ABSOLUTE
    ../clib/microlib/printf/printf.c         0x00000000   Number         0  printf8.o ABSOLUTE
    ../clib/microlib/printf/printf.c         0x00000000   Number         0  printfa.o ABSOLUTE
    ../clib/microlib/printf/printf.c         0x00000000   Number         0  printf2.o ABSOLUTE
    ../clib/microlib/printf/printf.c         0x00000000   Number         0  printf3.o ABSOLUTE
    ../clib/microlib/printf/printf.c         0x00000000   Number         0  printf1.o ABSOLUTE
    ../clib/microlib/printf/printf.c         0x00000000   Number         0  printf4.o ABSOLUTE
    ../clib/microlib/printf/stubs.s          0x00000000   Number         0  stubs.o ABSOLUTE
    ../clib/microlib/stdio/fputc.c           0x00000000   Number         0  fputc.o ABSOLUTE
    ../clib/microlib/stdio/semi.s            0x00000000   Number         0  semi.o ABSOLUTE
    ../clib/microlib/stdio/streams.c         0x00000000   Number         0  stdout.o ABSOLUTE
    ../clib/microlib/string/memset.c         0x00000000   Number         0  memseta.o ABSOLUTE
    ../clib/microlib/stubs.s                 0x00000000   Number         0  iusefp.o ABSOLUTE
    ../clib/microlib/stubs.s                 0x00000000   Number         0  iusesemip.o ABSOLUTE
    ../fplib/microlib/fpadd.c                0x00000000   Number         0  dadd.o ABSOLUTE
    ../fplib/microlib/fpdiv.c                0x00000000   Number         0  ddiv.o ABSOLUTE
    ../fplib/microlib/fpepilogue.c           0x00000000   Number         0  depilogue.o ABSOLUTE
    ../fplib/microlib/fpfix.c                0x00000000   Number         0  dfixul.o ABSOLUTE
    ../fplib/microlib/fpmul.c                0x00000000   Number         0  dmul.o ABSOLUTE
    ..\Drivers\STM32F3xx_HAL_Driver\Src\stm32f3xx_hal.c 0x00000000   Number         0  stm32f3xx_hal.o ABSOLUTE
    ..\Drivers\STM32F3xx_HAL_Driver\Src\stm32f3xx_hal_adc.c 0x00000000   Number         0  stm32f3xx_hal_adc.o ABSOLUTE
    ..\Drivers\STM32F3xx_HAL_Driver\Src\stm32f3xx_hal_adc_ex.c 0x00000000   Number         0  stm32f3xx_hal_adc_ex.o ABSOLUTE
    ..\Drivers\STM32F3xx_HAL_Driver\Src\stm32f3xx_hal_cortex.c 0x00000000   Number         0  stm32f3xx_hal_cortex.o ABSOLUTE
    ..\Drivers\STM32F3xx_HAL_Driver\Src\stm32f3xx_hal_dma.c 0x00000000   Number         0  stm32f3xx_hal_dma.o ABSOLUTE
    ..\Drivers\STM32F3xx_HAL_Driver\Src\stm32f3xx_hal_flash.c 0x00000000   Number         0  stm32f3xx_hal_flash.o ABSOLUTE
    ..\Drivers\STM32F3xx_HAL_Driver\Src\stm32f3xx_hal_flash_ex.c 0x00000000   Number         0  stm32f3xx_hal_flash_ex.o ABSOLUTE
    ..\Drivers\STM32F3xx_HAL_Driver\Src\stm32f3xx_hal_gpio.c 0x00000000   Number         0  stm32f3xx_hal_gpio.o ABSOLUTE
    ..\Drivers\STM32F3xx_HAL_Driver\Src\stm32f3xx_hal_i2c.c 0x00000000   Number         0  stm32f3xx_hal_i2c.o ABSOLUTE
    ..\Drivers\STM32F3xx_HAL_Driver\Src\stm32f3xx_hal_i2c_ex.c 0x00000000   Number         0  stm32f3xx_hal_i2c_ex.o ABSOLUTE
    ..\Drivers\STM32F3xx_HAL_Driver\Src\stm32f3xx_hal_pwr.c 0x00000000   Number         0  stm32f3xx_hal_pwr.o ABSOLUTE
    ..\Drivers\STM32F3xx_HAL_Driver\Src\stm32f3xx_hal_pwr_ex.c 0x00000000   Number         0  stm32f3xx_hal_pwr_ex.o ABSOLUTE
    ..\Drivers\STM32F3xx_HAL_Driver\Src\stm32f3xx_hal_rcc.c 0x00000000   Number         0  stm32f3xx_hal_rcc.o ABSOLUTE
    ..\Drivers\STM32F3xx_HAL_Driver\Src\stm32f3xx_hal_rcc_ex.c 0x00000000   Number         0  stm32f3xx_hal_rcc_ex.o ABSOLUTE
    ..\Drivers\STM32F3xx_HAL_Driver\Src\stm32f3xx_hal_sdadc.c 0x00000000   Number         0  stm32f3xx_hal_sdadc.o ABSOLUTE
    ..\Drivers\STM32F3xx_HAL_Driver\Src\stm32f3xx_hal_tim.c 0x00000000   Number         0  stm32f3xx_hal_tim.o ABSOLUTE
    ..\Drivers\STM32F3xx_HAL_Driver\Src\stm32f3xx_hal_tim_ex.c 0x00000000   Number         0  stm32f3xx_hal_tim_ex.o ABSOLUTE
    ..\Drivers\STM32F3xx_HAL_Driver\Src\stm32f3xx_hal_uart.c 0x00000000   Number         0  stm32f3xx_hal_uart.o ABSOLUTE
    ..\Drivers\STM32F3xx_HAL_Driver\Src\stm32f3xx_hal_uart_ex.c 0x00000000   Number         0  stm32f3xx_hal_uart_ex.o ABSOLUTE
    ..\Src\main.c                            0x00000000   Number         0  main.o ABSOLUTE
    ..\Src\stm32f3xx_hal_msp.c               0x00000000   Number         0  stm32f3xx_hal_msp.o ABSOLUTE
    ..\Src\stm32f3xx_it.c                    0x00000000   Number         0  stm32f3xx_it.o ABSOLUTE
    ..\Src\system_stm32f3xx.c                0x00000000   Number         0  system_stm32f3xx.o ABSOLUTE
    cdrcmple.s                               0x00000000   Number         0  cdrcmple.o ABSOLUTE
    dc.s                                     0x00000000   Number         0  dc.o ABSOLUTE
    handlers.s                               0x00000000   Number         0  handlers.o ABSOLUTE
    init.s                                   0x00000000   Number         0  init.o ABSOLUTE
    startup_stm32f373xc.s                    0x00000000   Number         0  startup_stm32f373xc.o ABSOLUTE
    RESET                                    0x08000000   Section      392  startup_stm32f373xc.o(RESET)
    .ARM.Collect$$$$00000000                 0x08000188   Section        0  entry.o(.ARM.Collect$$$$00000000)
    .ARM.Collect$$$$00000001                 0x08000188   Section        4  entry2.o(.ARM.Collect$$$$00000001)
    .ARM.Collect$$$$00000004                 0x0800018c   Section        4  entry5.o(.ARM.Collect$$$$00000004)
    .ARM.Collect$$$$00000008                 0x08000190   Section        0  entry7b.o(.ARM.Collect$$$$00000008)
    .ARM.Collect$$$$0000000A                 0x08000190   Section        0  entry8b.o(.ARM.Collect$$$$0000000A)
    .ARM.Collect$$$$0000000B                 0x08000190   Section        8  entry9a.o(.ARM.Collect$$$$0000000B)
    .ARM.Collect$$$$0000000D                 0x08000198   Section        0  entry10a.o(.ARM.Collect$$$$0000000D)
    .ARM.Collect$$$$0000000F                 0x08000198   Section        0  entry11a.o(.ARM.Collect$$$$0000000F)
    .ARM.Collect$$$$00002712                 0x08000198   Section        4  entry2.o(.ARM.Collect$$$$00002712)
    __lit__00000000                          0x08000198   Data           4  entry2.o(.ARM.Collect$$$$00002712)
    .text                                    0x0800019c   Section       36  startup_stm32f373xc.o(.text)
    $v0                                      0x0800019c   Number         0  startup_stm32f373xc.o(.text)
    .text                                    0x080001c0   Section        0  memseta.o(.text)
    .text                                    0x080001e4   Section        0  uidiv.o(.text)
    .text                                    0x08000210   Section       36  init.o(.text)
    i.ADC1_IRQHandler                        0x08000234   Section        0  stm32f3xx_it.o(i.ADC1_IRQHandler)
    i.ADC_ConversionStop_Disable             0x08000240   Section        0  stm32f3xx_hal_adc_ex.o(i.ADC_ConversionStop_Disable)
    ADC_ConversionStop_Disable               0x08000241   Thumb Code    76  stm32f3xx_hal_adc_ex.o(i.ADC_ConversionStop_Disable)
    i.ADC_Enable                             0x0800028c   Section        0  stm32f3xx_hal_adc_ex.o(i.ADC_Enable)
    ADC_Enable                               0x0800028d   Thumb Code   104  stm32f3xx_hal_adc_ex.o(i.ADC_Enable)
    i.BusFault_Handler                       0x080002fc   Section        0  stm32f3xx_it.o(i.BusFault_Handler)
    i.DMA2_Channel3_IRQHandler               0x080002fe   Section        0  stm32f3xx_it.o(i.DMA2_Channel3_IRQHandler)
    i.DMA2_Channel4_IRQHandler               0x08000300   Section        0  main.o(i.DMA2_Channel4_IRQHandler)
    i.DMA_CalcBaseAndBitshift                0x080003c8   Section        0  stm32f3xx_hal_dma.o(i.DMA_CalcBaseAndBitshift)
    DMA_CalcBaseAndBitshift                  0x080003c9   Thumb Code    48  stm32f3xx_hal_dma.o(i.DMA_CalcBaseAndBitshift)
    i.DMA_SetConfig                          0x08000404   Section        0  stm32f3xx_hal_dma.o(i.DMA_SetConfig)
    DMA_SetConfig                            0x08000405   Thumb Code    42  stm32f3xx_hal_dma.o(i.DMA_SetConfig)
    i.DebugMon_Handler                       0x0800042e   Section        0  stm32f3xx_it.o(i.DebugMon_Handler)
    i.Error_Handler                          0x08000430   Section        0  main.o(i.Error_Handler)
    i.HAL_ADCEx_Calibration_Start            0x0800043c   Section        0  stm32f3xx_hal_adc_ex.o(i.HAL_ADCEx_Calibration_Start)
    i.HAL_ADCEx_InjectedConfigChannel        0x080004f4   Section        0  stm32f3xx_hal_adc_ex.o(i.HAL_ADCEx_InjectedConfigChannel)
    i.HAL_ADCEx_InjectedConvCpltCallback     0x080006b8   Section        0  stm32f3xx_hal_adc_ex.o(i.HAL_ADCEx_InjectedConvCpltCallback)
    i.HAL_ADC_ConfigChannel                  0x080006bc   Section        0  stm32f3xx_hal_adc_ex.o(i.HAL_ADC_ConfigChannel)
    i.HAL_ADC_ConvCpltCallback               0x080007b4   Section        0  stm32f3xx_hal_adc.o(i.HAL_ADC_ConvCpltCallback)
    i.HAL_ADC_IRQHandler                     0x080007b6   Section        0  stm32f3xx_hal_adc_ex.o(i.HAL_ADC_IRQHandler)
    i.HAL_ADC_Init                           0x0800089c   Section        0  stm32f3xx_hal_adc_ex.o(i.HAL_ADC_Init)
    i.HAL_ADC_LevelOutOfWindowCallback       0x080009b8   Section        0  stm32f3xx_hal_adc.o(i.HAL_ADC_LevelOutOfWindowCallback)
    i.HAL_ADC_MspInit                        0x080009bc   Section        0  stm32f3xx_hal_msp.o(i.HAL_ADC_MspInit)
    i.HAL_DMA_Abort                          0x08000a28   Section        0  stm32f3xx_hal_dma.o(i.HAL_DMA_Abort)
    i.HAL_DMA_IRQHandler                     0x08000a58   Section        0  stm32f3xx_hal_dma.o(i.HAL_DMA_IRQHandler)
    i.HAL_DMA_Init                           0x08000b00   Section        0  stm32f3xx_hal_dma.o(i.HAL_DMA_Init)
    i.HAL_DMA_Start_IT                       0x08000b4e   Section        0  stm32f3xx_hal_dma.o(i.HAL_DMA_Start_IT)
    i.HAL_Delay                              0x08000bc0   Section        0  stm32f3xx_hal.o(i.HAL_Delay)
    i.HAL_GPIO_Init                          0x08000be4   Section        0  stm32f3xx_hal_gpio.o(i.HAL_GPIO_Init)
    i.HAL_GPIO_WritePin                      0x08000d6c   Section        0  stm32f3xx_hal_gpio.o(i.HAL_GPIO_WritePin)
    i.HAL_GetTick                            0x08000d78   Section        0  stm32f3xx_hal.o(i.HAL_GetTick)
    i.HAL_IncTick                            0x08000d84   Section        0  stm32f3xx_hal.o(i.HAL_IncTick)
    i.HAL_Init                               0x08000d94   Section        0  stm32f3xx_hal.o(i.HAL_Init)
    i.HAL_InitTick                           0x08000db8   Section        0  stm32f3xx_hal.o(i.HAL_InitTick)
    i.HAL_MspInit                            0x08000df8   Section        0  stm32f3xx_hal_msp.o(i.HAL_MspInit)
    i.HAL_NVIC_EnableIRQ                     0x08000e24   Section        0  stm32f3xx_hal_cortex.o(i.HAL_NVIC_EnableIRQ)
    i.HAL_NVIC_SetPriority                   0x08000e3c   Section        0  stm32f3xx_hal_cortex.o(i.HAL_NVIC_SetPriority)
    i.HAL_NVIC_SetPriorityGrouping           0x08000e7c   Section        0  stm32f3xx_hal_cortex.o(i.HAL_NVIC_SetPriorityGrouping)
    i.HAL_PWREx_EnableSDADC                  0x08000ea0   Section        0  stm32f3xx_hal_pwr_ex.o(i.HAL_PWREx_EnableSDADC)
    i.HAL_RCCEx_PeriphCLKConfig              0x08000ec8   Section        0  stm32f3xx_hal_rcc_ex.o(i.HAL_RCCEx_PeriphCLKConfig)
    i.HAL_RCC_ClockConfig                    0x08001098   Section        0  stm32f3xx_hal_rcc.o(i.HAL_RCC_ClockConfig)
    i.HAL_RCC_GetPCLK1Freq                   0x080011dc   Section        0  stm32f3xx_hal_rcc.o(i.HAL_RCC_GetPCLK1Freq)
    i.HAL_RCC_GetPCLK2Freq                   0x0800120c   Section        0  stm32f3xx_hal_rcc.o(i.HAL_RCC_GetPCLK2Freq)
    i.HAL_RCC_GetSysClockFreq                0x0800123c   Section        0  stm32f3xx_hal_rcc.o(i.HAL_RCC_GetSysClockFreq)
    i.HAL_RCC_OscConfig                      0x080012a0   Section        0  stm32f3xx_hal_rcc.o(i.HAL_RCC_OscConfig)
    i.HAL_SDADC_AssociateChannelConfig       0x08001830   Section        0  stm32f3xx_hal_sdadc.o(i.HAL_SDADC_AssociateChannelConfig)
    i.HAL_SDADC_CalibrationStart             0x08001894   Section        0  stm32f3xx_hal_sdadc.o(i.HAL_SDADC_CalibrationStart)
    i.HAL_SDADC_ErrorCallback                0x080018e6   Section        0  stm32f3xx_hal_sdadc.o(i.HAL_SDADC_ErrorCallback)
    i.HAL_SDADC_Init                         0x080018e8   Section        0  stm32f3xx_hal_sdadc.o(i.HAL_SDADC_Init)
    i.HAL_SDADC_InjectedConfigChannel        0x08001980   Section        0  stm32f3xx_hal_sdadc.o(i.HAL_SDADC_InjectedConfigChannel)
    i.HAL_SDADC_InjectedConvCpltCallback     0x080019c8   Section        0  stm32f3xx_hal_sdadc.o(i.HAL_SDADC_InjectedConvCpltCallback)
    i.HAL_SDADC_InjectedConvHalfCpltCallback 0x080019ca   Section        0  stm32f3xx_hal_sdadc.o(i.HAL_SDADC_InjectedConvHalfCpltCallback)
    i.HAL_SDADC_InjectedStart_DMA            0x080019cc   Section        0  stm32f3xx_hal_sdadc.o(i.HAL_SDADC_InjectedStart_DMA)
    i.HAL_SDADC_InjectedStop_DMA             0x08001a58   Section        0  stm32f3xx_hal_sdadc.o(i.HAL_SDADC_InjectedStop_DMA)
    i.HAL_SDADC_MspInit                      0x08001a90   Section        0  stm32f3xx_hal_msp.o(i.HAL_SDADC_MspInit)
    i.HAL_SDADC_PollForCalibEvent            0x08001b20   Section        0  stm32f3xx_hal_sdadc.o(i.HAL_SDADC_PollForCalibEvent)
    i.HAL_SDADC_PrepareChannelConfig         0x08001b6a   Section        0  stm32f3xx_hal_sdadc.o(i.HAL_SDADC_PrepareChannelConfig)
    i.HAL_SDADC_SelectInjectedDelay          0x08001bba   Section        0  stm32f3xx_hal_sdadc.o(i.HAL_SDADC_SelectInjectedDelay)
    i.HAL_SDADC_SelectInjectedTrigger        0x08001bfc   Section        0  stm32f3xx_hal_sdadc.o(i.HAL_SDADC_SelectInjectedTrigger)
    i.HAL_SYSTICK_Config                     0x08001c2c   Section        0  stm32f3xx_hal_cortex.o(i.HAL_SYSTICK_Config)
    i.HAL_UART_Init                          0x08001c54   Section        0  stm32f3xx_hal_uart.o(i.HAL_UART_Init)
    i.HAL_UART_MspInit                       0x08001cc0   Section        0  stm32f3xx_hal_msp.o(i.HAL_UART_MspInit)
    i.HAL_UART_Transmit                      0x08001d40   Section        0  stm32f3xx_hal_uart.o(i.HAL_UART_Transmit)
    i.HardFault_Handler                      0x08001df4   Section        0  stm32f3xx_it.o(i.HardFault_Handler)
    i.MX_ADC1_Init                           0x08001df8   Section        0  main.o(i.MX_ADC1_Init)
    MX_ADC1_Init                             0x08001df9   Thumb Code   112  main.o(i.MX_ADC1_Init)
    i.MX_GPIO_Init                           0x08001e70   Section        0  main.o(i.MX_GPIO_Init)
    MX_GPIO_Init                             0x08001e71   Thumb Code   118  main.o(i.MX_GPIO_Init)
    i.MX_SDADC2_Init                         0x08001eec   Section        0  main.o(i.MX_SDADC2_Init)
    MX_SDADC2_Init                           0x08001eed   Thumb Code   136  main.o(i.MX_SDADC2_Init)
    i.MX_USART2_UART_Init                    0x08001f80   Section        0  main.o(i.MX_USART2_UART_Init)
    MX_USART2_UART_Init                      0x08001f81   Thumb Code    52  main.o(i.MX_USART2_UART_Init)
    i.MemManage_Handler                      0x08001fbc   Section        0  stm32f3xx_it.o(i.MemManage_Handler)
    i.NMI_Handler                            0x08001fbe   Section        0  stm32f3xx_it.o(i.NMI_Handler)
    i.NVIC_SetPriority                       0x08001fc0   Section        0  stm32f3xx_hal_cortex.o(i.NVIC_SetPriority)
    NVIC_SetPriority                         0x08001fc1   Thumb Code    32  stm32f3xx_hal_cortex.o(i.NVIC_SetPriority)
    i.PendSV_Handler                         0x08001fe0   Section        0  stm32f3xx_it.o(i.PendSV_Handler)
    i.SDADC_DMAError                         0x08001fe2   Section        0  stm32f3xx_hal_sdadc.o(i.SDADC_DMAError)
    SDADC_DMAError                           0x08001fe3   Thumb Code    14  stm32f3xx_hal_sdadc.o(i.SDADC_DMAError)
    i.SDADC_DMAInjectedConvCplt              0x08001ff0   Section        0  stm32f3xx_hal_sdadc.o(i.SDADC_DMAInjectedConvCplt)
    SDADC_DMAInjectedConvCplt                0x08001ff1   Thumb Code    10  stm32f3xx_hal_sdadc.o(i.SDADC_DMAInjectedConvCplt)
    i.SDADC_DMAInjectedHalfConvCplt          0x08001ffa   Section        0  stm32f3xx_hal_sdadc.o(i.SDADC_DMAInjectedHalfConvCplt)
    SDADC_DMAInjectedHalfConvCplt            0x08001ffb   Thumb Code    10  stm32f3xx_hal_sdadc.o(i.SDADC_DMAInjectedHalfConvCplt)
    i.SDADC_EnterInitMode                    0x08002004   Section        0  stm32f3xx_hal_sdadc.o(i.SDADC_EnterInitMode)
    SDADC_EnterInitMode                      0x08002005   Thumb Code    50  stm32f3xx_hal_sdadc.o(i.SDADC_EnterInitMode)
    i.SDADC_ExitInitMode                     0x08002036   Section        0  stm32f3xx_hal_sdadc.o(i.SDADC_ExitInitMode)
    SDADC_ExitInitMode                       0x08002037   Thumb Code    12  stm32f3xx_hal_sdadc.o(i.SDADC_ExitInitMode)
    i.SDADC_InjConvStart                     0x08002042   Section        0  stm32f3xx_hal_sdadc.o(i.SDADC_InjConvStart)
    SDADC_InjConvStart                       0x08002043   Thumb Code    98  stm32f3xx_hal_sdadc.o(i.SDADC_InjConvStart)
    i.SDADC_InjConvStop                      0x080020a4   Section        0  stm32f3xx_hal_sdadc.o(i.SDADC_InjConvStop)
    SDADC_InjConvStop                        0x080020a5   Thumb Code   160  stm32f3xx_hal_sdadc.o(i.SDADC_InjConvStop)
    i.SVC_Handler                            0x08002144   Section        0  stm32f3xx_it.o(i.SVC_Handler)
    i.SysTick_Handler                        0x08002146   Section        0  stm32f3xx_it.o(i.SysTick_Handler)
    i.SystemClock_Config                     0x0800214a   Section        0  main.o(i.SystemClock_Config)
    i.SystemInit                             0x080021d0   Section        0  system_stm32f3xx.o(i.SystemInit)
    i.UART_AdvFeatureConfig                  0x08002238   Section        0  stm32f3xx_hal_uart.o(i.UART_AdvFeatureConfig)
    i.UART_CheckIdleState                    0x08002300   Section        0  stm32f3xx_hal_uart.o(i.UART_CheckIdleState)
    i.UART_SetConfig                         0x0800235c   Section        0  stm32f3xx_hal_uart.o(i.UART_SetConfig)
    i.UART_WaitOnFlagUntilTimeout            0x080024e4   Section        0  stm32f3xx_hal_uart.o(i.UART_WaitOnFlagUntilTimeout)
    i.UsageFault_Handler                     0x08002548   Section        0  stm32f3xx_it.o(i.UsageFault_Handler)
    i.__0sprintf$1                           0x0800254c   Section        0  printf1.o(i.__0sprintf$1)
    i.__scatterload_copy                     0x08002574   Section       14  handlers.o(i.__scatterload_copy)
    i.__scatterload_null                     0x08002582   Section        2  handlers.o(i.__scatterload_null)
    i.__scatterload_zeroinit                 0x08002584   Section       14  handlers.o(i.__scatterload_zeroinit)
    i._printf_core                           0x08002594   Section        0  printf1.o(i._printf_core)
    _printf_core                             0x08002595   Thumb Code   336  printf1.o(i._printf_core)
    i._sputc                                 0x080026e8   Section        0  printf1.o(i._sputc)
    _sputc                                   0x080026e9   Thumb Code    10  printf1.o(i._sputc)
    i.main                                   0x080026f4   Section        0  main.o(i.main)
    .constdata                               0x080027e0   Section       32  stm32f3xx_hal_rcc.o(.constdata)
    .constdata                               0x08002800   Section       16  system_stm32f3xx.o(.constdata)
    .constdata                               0x08002810   Section        8  system_stm32f3xx.o(.constdata)
    .data                                    0x20000000   Section        4  main.o(.data)
    .data                                    0x20000004   Section       12  stm32f3xx_hal.o(.data)
    .data                                    0x20000010   Section        4  system_stm32f3xx.o(.data)
    .bss                                     0x20000014   Section     2472  main.o(.bss)
    STACK                                    0x200009c0   Section     1024  startup_stm32f373xc.o(STACK)

    Global Symbols

    Symbol Name                              Value     Ov Type        Size  Object(Section)

    BuildAttributes$$THM_ISAv4$E$P$D$K$B$S$7EM$VFPi3$EXTD16$VFPS$VFMA$PE$A:L22UL41UL21$X:L11$S22US41US21$IEEE1$IW$USESV6$~STKCKD$USESV7$~SHL$OSPACE$ROPI$EBA8$MICROLIB$REQ8$PRES8$EABIv2 0x00000000   Number         0  anon$$obj.o ABSOLUTE
    __ARM_use_no_argv                        0x00000000   Number         0  main.o ABSOLUTE
    _printf_a                                0x00000000   Number         0  stubs.o ABSOLUTE
    _printf_c                                0x00000000   Number         0  stubs.o ABSOLUTE
    _printf_charcount                        0x00000000   Number         0  stubs.o ABSOLUTE
    _printf_d                                0x00000000   Number         0  stubs.o ABSOLUTE
    _printf_e                                0x00000000   Number         0  stubs.o ABSOLUTE
    _printf_f                                0x00000000   Number         0  stubs.o ABSOLUTE
    _printf_flags                            0x00000000   Number         0  stubs.o ABSOLUTE
    _printf_fp_dec                           0x00000000   Number         0  stubs.o ABSOLUTE
    _printf_fp_hex                           0x00000000   Number         0  stubs.o ABSOLUTE
    _printf_g                                0x00000000   Number         0  stubs.o ABSOLUTE
    _printf_i                                0x00000000   Number         0  stubs.o ABSOLUTE
    _printf_int_dec                          0x00000000   Number         0  stubs.o ABSOLUTE
    _printf_l                                0x00000000   Number         0  stubs.o ABSOLUTE
    _printf_lc                               0x00000000   Number         0  stubs.o ABSOLUTE
    _printf_ll                               0x00000000   Number         0  stubs.o ABSOLUTE
    _printf_lld                              0x00000000   Number         0  stubs.o ABSOLUTE
    _printf_lli                              0x00000000   Number         0  stubs.o ABSOLUTE
    _printf_llo                              0x00000000   Number         0  stubs.o ABSOLUTE
    _printf_llu                              0x00000000   Number         0  stubs.o ABSOLUTE
    _printf_llx                              0x00000000   Number         0  stubs.o ABSOLUTE
    _printf_longlong_dec                     0x00000000   Number         0  stubs.o ABSOLUTE
    _printf_longlong_hex                     0x00000000   Number         0  stubs.o ABSOLUTE
    _printf_longlong_oct                     0x00000000   Number         0  stubs.o ABSOLUTE
    _printf_ls                               0x00000000   Number         0  stubs.o ABSOLUTE
    _printf_mbtowc                           0x00000000   Number         0  stubs.o ABSOLUTE
    _printf_n                                0x00000000   Number         0  stubs.o ABSOLUTE
    _printf_o                                0x00000000   Number         0  stubs.o ABSOLUTE
    _printf_p                                0x00000000   Number         0  stubs.o ABSOLUTE
    _printf_percent                          0x00000000   Number         0  stubs.o ABSOLUTE
    _printf_pre_padding                      0x00000000   Number         0  stubs.o ABSOLUTE
    _printf_return_value                     0x00000000   Number         0  stubs.o ABSOLUTE
    _printf_s                                0x00000000   Number         0  stubs.o ABSOLUTE
    _printf_sizespec                         0x00000000   Number         0  stubs.o ABSOLUTE
    _printf_str                              0x00000000   Number         0  stubs.o ABSOLUTE
    _printf_truncate_signed                  0x00000000   Number         0  stubs.o ABSOLUTE
    _printf_truncate_unsigned                0x00000000   Number         0  stubs.o ABSOLUTE
    _printf_u                                0x00000000   Number         0  stubs.o ABSOLUTE
    _printf_wc                               0x00000000   Number         0  stubs.o ABSOLUTE
    _printf_wctomb                           0x00000000   Number         0  stubs.o ABSOLUTE
    _printf_widthprec                        0x00000000   Number         0  stubs.o ABSOLUTE
    _printf_x                                0x00000000   Number         0  stubs.o ABSOLUTE
    __cpp_initialize__aeabi_                  - Undefined Weak Reference
    __cxa_finalize                            - Undefined Weak Reference
    __decompress                              - Undefined Weak Reference
    _clock_init                               - Undefined Weak Reference
    _microlib_exit                            - Undefined Weak Reference
    __Vectors_Size                           0x00000188   Number         0  startup_stm32f373xc.o ABSOLUTE
    __Vectors                                0x08000000   Data           4  startup_stm32f373xc.o(RESET)
    __Vectors_End                            0x08000188   Data           0  startup_stm32f373xc.o(RESET)
    __main                                   0x08000189   Thumb Code     0  entry.o(.ARM.Collect$$$$00000000)
    _main_stk                                0x08000189   Thumb Code     0  entry2.o(.ARM.Collect$$$$00000001)
    _main_scatterload                        0x0800018d   Thumb Code     0  entry5.o(.ARM.Collect$$$$00000004)
    __main_after_scatterload                 0x08000191   Thumb Code     0  entry5.o(.ARM.Collect$$$$00000004)
    _main_clock                              0x08000191   Thumb Code     0  entry7b.o(.ARM.Collect$$$$00000008)
    _main_cpp_init                           0x08000191   Thumb Code     0  entry8b.o(.ARM.Collect$$$$0000000A)
    _main_init                               0x08000191   Thumb Code     0  entry9a.o(.ARM.Collect$$$$0000000B)
    __rt_final_cpp                           0x08000199   Thumb Code     0  entry10a.o(.ARM.Collect$$$$0000000D)
    __rt_final_exit                          0x08000199   Thumb Code     0  entry11a.o(.ARM.Collect$$$$0000000F)
    Reset_Handler                            0x0800019d   Thumb Code     8  startup_stm32f373xc.o(.text)
    CAN_RX0_IRQHandler                       0x080001b7   Thumb Code     0  startup_stm32f373xc.o(.text)
    CAN_RX1_IRQHandler                       0x080001b7   Thumb Code     0  startup_stm32f373xc.o(.text)
    CAN_SCE_IRQHandler                       0x080001b7   Thumb Code     0  startup_stm32f373xc.o(.text)
    CAN_TX_IRQHandler                        0x080001b7   Thumb Code     0  startup_stm32f373xc.o(.text)
    CEC_IRQHandler                           0x080001b7   Thumb Code     0  startup_stm32f373xc.o(.text)
    COMP1_2_IRQHandler                       0x080001b7   Thumb Code     0  startup_stm32f373xc.o(.text)
    DMA1_Channel1_IRQHandler                 0x080001b7   Thumb Code     0  startup_stm32f373xc.o(.text)
    DMA1_Channel2_IRQHandler                 0x080001b7   Thumb Code     0  startup_stm32f373xc.o(.text)
    DMA1_Channel3_IRQHandler                 0x080001b7   Thumb Code     0  startup_stm32f373xc.o(.text)
    DMA1_Channel4_IRQHandler                 0x080001b7   Thumb Code     0  startup_stm32f373xc.o(.text)
    DMA1_Channel5_IRQHandler                 0x080001b7   Thumb Code     0  startup_stm32f373xc.o(.text)
    DMA1_Channel6_IRQHandler                 0x080001b7   Thumb Code     0  startup_stm32f373xc.o(.text)
    DMA1_Channel7_IRQHandler                 0x080001b7   Thumb Code     0  startup_stm32f373xc.o(.text)
    DMA2_Channel1_IRQHandler                 0x080001b7   Thumb Code     0  startup_stm32f373xc.o(.text)
    DMA2_Channel2_IRQHandler                 0x080001b7   Thumb Code     0  startup_stm32f373xc.o(.text)
    DMA2_Channel5_IRQHandler                 0x080001b7   Thumb Code     0  startup_stm32f373xc.o(.text)
    EXTI0_IRQHandler                         0x080001b7   Thumb Code     0  startup_stm32f373xc.o(.text)
    EXTI15_10_IRQHandler                     0x080001b7   Thumb Code     0  startup_stm32f373xc.o(.text)
    EXTI1_IRQHandler                         0x080001b7   Thumb Code     0  startup_stm32f373xc.o(.text)
    EXTI2_TSC_IRQHandler                     0x080001b7   Thumb Code     0  startup_stm32f373xc.o(.text)
    EXTI3_IRQHandler                         0x080001b7   Thumb Code     0  startup_stm32f373xc.o(.text)
    EXTI4_IRQHandler                         0x080001b7   Thumb Code     0  startup_stm32f373xc.o(.text)
    EXTI9_5_IRQHandler                       0x080001b7   Thumb Code     0  startup_stm32f373xc.o(.text)
    FLASH_IRQHandler                         0x080001b7   Thumb Code     0  startup_stm32f373xc.o(.text)
    FPU_IRQHandler                           0x080001b7   Thumb Code     0  startup_stm32f373xc.o(.text)
    I2C1_ER_IRQHandler                       0x080001b7   Thumb Code     0  startup_stm32f373xc.o(.text)
    I2C1_EV_IRQHandler                       0x080001b7   Thumb Code     0  startup_stm32f373xc.o(.text)
    I2C2_ER_IRQHandler                       0x080001b7   Thumb Code     0  startup_stm32f373xc.o(.text)
    I2C2_EV_IRQHandler                       0x080001b7   Thumb Code     0  startup_stm32f373xc.o(.text)
    PVD_IRQHandler                           0x080001b7   Thumb Code     0  startup_stm32f373xc.o(.text)
    RCC_IRQHandler                           0x080001b7   Thumb Code     0  startup_stm32f373xc.o(.text)
    RTC_Alarm_IRQHandler                     0x080001b7   Thumb Code     0  startup_stm32f373xc.o(.text)
    RTC_WKUP_IRQHandler                      0x080001b7   Thumb Code     0  startup_stm32f373xc.o(.text)
    SDADC1_IRQHandler                        0x080001b7   Thumb Code     0  startup_stm32f373xc.o(.text)
    SDADC2_IRQHandler                        0x080001b7   Thumb Code     0  startup_stm32f373xc.o(.text)
    SDADC3_IRQHandler                        0x080001b7   Thumb Code     0  startup_stm32f373xc.o(.text)
    SPI1_IRQHandler                          0x080001b7   Thumb Code     0  startup_stm32f373xc.o(.text)
    SPI2_IRQHandler                          0x080001b7   Thumb Code     0  startup_stm32f373xc.o(.text)
    SPI3_IRQHandler                          0x080001b7   Thumb Code     0  startup_stm32f373xc.o(.text)
    TAMP_STAMP_IRQHandler                    0x080001b7   Thumb Code     0  startup_stm32f373xc.o(.text)
    TIM12_IRQHandler                         0x080001b7   Thumb Code     0  startup_stm32f373xc.o(.text)
    TIM13_IRQHandler                         0x080001b7   Thumb Code     0  startup_stm32f373xc.o(.text)
    TIM14_IRQHandler                         0x080001b7   Thumb Code     0  startup_stm32f373xc.o(.text)
    TIM15_IRQHandler                         0x080001b7   Thumb Code     0  startup_stm32f373xc.o(.text)
    TIM16_IRQHandler                         0x080001b7   Thumb Code     0  startup_stm32f373xc.o(.text)
    TIM17_IRQHandler                         0x080001b7   Thumb Code     0  startup_stm32f373xc.o(.text)
    TIM18_DAC2_IRQHandler                    0x080001b7   Thumb Code     0  startup_stm32f373xc.o(.text)
    TIM19_IRQHandler                         0x080001b7   Thumb Code     0  startup_stm32f373xc.o(.text)
    TIM2_IRQHandler                          0x080001b7   Thumb Code     0  startup_stm32f373xc.o(.text)
    TIM3_IRQHandler                          0x080001b7   Thumb Code     0  startup_stm32f373xc.o(.text)
    TIM4_IRQHandler                          0x080001b7   Thumb Code     0  startup_stm32f373xc.o(.text)
    TIM5_IRQHandler                          0x080001b7   Thumb Code     0  startup_stm32f373xc.o(.text)
    TIM6_DAC1_IRQHandler                     0x080001b7   Thumb Code     0  startup_stm32f373xc.o(.text)
    TIM7_IRQHandler                          0x080001b7   Thumb Code     0  startup_stm32f373xc.o(.text)
    USART1_IRQHandler                        0x080001b7   Thumb Code     0  startup_stm32f373xc.o(.text)
    USART2_IRQHandler                        0x080001b7   Thumb Code     0  startup_stm32f373xc.o(.text)
    USART3_IRQHandler                        0x080001b7   Thumb Code     0  startup_stm32f373xc.o(.text)
    USBWakeUp_IRQHandler                     0x080001b7   Thumb Code     0  startup_stm32f373xc.o(.text)
    USB_HP_IRQHandler                        0x080001b7   Thumb Code     0  startup_stm32f373xc.o(.text)
    USB_LP_IRQHandler                        0x080001b7   Thumb Code     0  startup_stm32f373xc.o(.text)
    WWDG_IRQHandler                          0x080001b7   Thumb Code     0  startup_stm32f373xc.o(.text)
    __aeabi_memset                           0x080001c1   Thumb Code    14  memseta.o(.text)
    __aeabi_memset4                          0x080001c1   Thumb Code     0  memseta.o(.text)
    __aeabi_memset8                          0x080001c1   Thumb Code     0  memseta.o(.text)
    __aeabi_memclr                           0x080001cf   Thumb Code     4  memseta.o(.text)
    __aeabi_memclr4                          0x080001cf   Thumb Code     0  memseta.o(.text)
    __aeabi_memclr8                          0x080001cf   Thumb Code     0  memseta.o(.text)
    _memset$wrapper                          0x080001d3   Thumb Code    18  memseta.o(.text)
    __aeabi_uidiv                            0x080001e5   Thumb Code     0  uidiv.o(.text)
    __aeabi_uidivmod                         0x080001e5   Thumb Code    44  uidiv.o(.text)
    __scatterload                            0x08000211   Thumb Code    28  init.o(.text)
    __scatterload_rt2                        0x08000211   Thumb Code     0  init.o(.text)
    ADC1_IRQHandler                          0x08000235   Thumb Code     6  stm32f3xx_it.o(i.ADC1_IRQHandler)
    BusFault_Handler                         0x080002fd   Thumb Code     2  stm32f3xx_it.o(i.BusFault_Handler)
    DMA2_Channel3_IRQHandler                 0x080002ff   Thumb Code     2  stm32f3xx_it.o(i.DMA2_Channel3_IRQHandler)
    DMA2_Channel4_IRQHandler                 0x08000301   Thumb Code   184  main.o(i.DMA2_Channel4_IRQHandler)
    DebugMon_Handler                         0x0800042f   Thumb Code     2  stm32f3xx_it.o(i.DebugMon_Handler)
    Error_Handler                            0x08000431   Thumb Code    12  main.o(i.Error_Handler)
    HAL_ADCEx_Calibration_Start              0x0800043d   Thumb Code   182  stm32f3xx_hal_adc_ex.o(i.HAL_ADCEx_Calibration_Start)
    HAL_ADCEx_InjectedConfigChannel          0x080004f5   Thumb Code   440  stm32f3xx_hal_adc_ex.o(i.HAL_ADCEx_InjectedConfigChannel)
    HAL_ADCEx_InjectedConvCpltCallback       0x080006b9   Thumb Code     2  stm32f3xx_hal_adc_ex.o(i.HAL_ADCEx_InjectedConvCpltCallback)
    HAL_ADC_ConfigChannel                    0x080006bd   Thumb Code   234  stm32f3xx_hal_adc_ex.o(i.HAL_ADC_ConfigChannel)
    HAL_ADC_ConvCpltCallback                 0x080007b5   Thumb Code     2  stm32f3xx_hal_adc.o(i.HAL_ADC_ConvCpltCallback)
    HAL_ADC_IRQHandler                       0x080007b7   Thumb Code   230  stm32f3xx_hal_adc_ex.o(i.HAL_ADC_IRQHandler)
    HAL_ADC_Init                             0x0800089d   Thumb Code   272  stm32f3xx_hal_adc_ex.o(i.HAL_ADC_Init)
    HAL_ADC_LevelOutOfWindowCallback         0x080009b9   Thumb Code     2  stm32f3xx_hal_adc.o(i.HAL_ADC_LevelOutOfWindowCallback)
    HAL_ADC_MspInit                          0x080009bd   Thumb Code    98  stm32f3xx_hal_msp.o(i.HAL_ADC_MspInit)
    HAL_DMA_Abort                            0x08000a29   Thumb Code    48  stm32f3xx_hal_dma.o(i.HAL_DMA_Abort)
    HAL_DMA_IRQHandler                       0x08000a59   Thumb Code   168  stm32f3xx_hal_dma.o(i.HAL_DMA_IRQHandler)
    HAL_DMA_Init                             0x08000b01   Thumb Code    78  stm32f3xx_hal_dma.o(i.HAL_DMA_Init)
    HAL_DMA_Start_IT                         0x08000b4f   Thumb Code   112  stm32f3xx_hal_dma.o(i.HAL_DMA_Start_IT)
    HAL_Delay                                0x08000bc1   Thumb Code    32  stm32f3xx_hal.o(i.HAL_Delay)
    HAL_GPIO_Init                            0x08000be5   Thumb Code   364  stm32f3xx_hal_gpio.o(i.HAL_GPIO_Init)
    HAL_GPIO_WritePin                        0x08000d6d   Thumb Code    10  stm32f3xx_hal_gpio.o(i.HAL_GPIO_WritePin)
    HAL_GetTick                              0x08000d79   Thumb Code     6  stm32f3xx_hal.o(i.HAL_GetTick)
    HAL_IncTick                              0x08000d85   Thumb Code    12  stm32f3xx_hal.o(i.HAL_IncTick)
    HAL_Init                                 0x08000d95   Thumb Code    32  stm32f3xx_hal.o(i.HAL_Init)
    HAL_InitTick                             0x08000db9   Thumb Code    54  stm32f3xx_hal.o(i.HAL_InitTick)
    HAL_MspInit                              0x08000df9   Thumb Code    38  stm32f3xx_hal_msp.o(i.HAL_MspInit)
    HAL_NVIC_EnableIRQ                       0x08000e25   Thumb Code    22  stm32f3xx_hal_cortex.o(i.HAL_NVIC_EnableIRQ)
    HAL_NVIC_SetPriority                     0x08000e3d   Thumb Code    60  stm32f3xx_hal_cortex.o(i.HAL_NVIC_SetPriority)
    HAL_NVIC_SetPriorityGrouping             0x08000e7d   Thumb Code    26  stm32f3xx_hal_cortex.o(i.HAL_NVIC_SetPriorityGrouping)
    HAL_PWREx_EnableSDADC                    0x08000ea1   Thumb Code    30  stm32f3xx_hal_pwr_ex.o(i.HAL_PWREx_EnableSDADC)
    HAL_RCCEx_PeriphCLKConfig                0x08000ec9   Thumb Code   450  stm32f3xx_hal_rcc_ex.o(i.HAL_RCCEx_PeriphCLKConfig)
    HAL_RCC_ClockConfig                      0x08001099   Thumb Code   306  stm32f3xx_hal_rcc.o(i.HAL_RCC_ClockConfig)
    HAL_RCC_GetPCLK1Freq                     0x080011dd   Thumb Code    34  stm32f3xx_hal_rcc.o(i.HAL_RCC_GetPCLK1Freq)
    HAL_RCC_GetPCLK2Freq                     0x0800120d   Thumb Code    34  stm32f3xx_hal_rcc.o(i.HAL_RCC_GetPCLK2Freq)
    HAL_RCC_GetSysClockFreq                  0x0800123d   Thumb Code    84  stm32f3xx_hal_rcc.o(i.HAL_RCC_GetSysClockFreq)
    HAL_RCC_OscConfig                        0x080012a1   Thumb Code  1424  stm32f3xx_hal_rcc.o(i.HAL_RCC_OscConfig)
    HAL_SDADC_AssociateChannelConfig         0x08001831   Thumb Code    96  stm32f3xx_hal_sdadc.o(i.HAL_SDADC_AssociateChannelConfig)
    HAL_SDADC_CalibrationStart               0x08001895   Thumb Code    82  stm32f3xx_hal_sdadc.o(i.HAL_SDADC_CalibrationStart)
    HAL_SDADC_ErrorCallback                  0x080018e7   Thumb Code     2  stm32f3xx_hal_sdadc.o(i.HAL_SDADC_ErrorCallback)
    HAL_SDADC_Init                           0x080018e9   Thumb Code   148  stm32f3xx_hal_sdadc.o(i.HAL_SDADC_Init)
    HAL_SDADC_InjectedConfigChannel          0x08001981   Thumb Code    72  stm32f3xx_hal_sdadc.o(i.HAL_SDADC_InjectedConfigChannel)
    HAL_SDADC_InjectedConvCpltCallback       0x080019c9   Thumb Code     2  stm32f3xx_hal_sdadc.o(i.HAL_SDADC_InjectedConvCpltCallback)
    HAL_SDADC_InjectedConvHalfCpltCallback   0x080019cb   Thumb Code     2  stm32f3xx_hal_sdadc.o(i.HAL_SDADC_InjectedConvHalfCpltCallback)
    HAL_SDADC_InjectedStart_DMA              0x080019cd   Thumb Code   126  stm32f3xx_hal_sdadc.o(i.HAL_SDADC_InjectedStart_DMA)
    HAL_SDADC_InjectedStop_DMA               0x08001a59   Thumb Code    56  stm32f3xx_hal_sdadc.o(i.HAL_SDADC_InjectedStop_DMA)
    HAL_SDADC_MspInit                        0x08001a91   Thumb Code   122  stm32f3xx_hal_msp.o(i.HAL_SDADC_MspInit)
    HAL_SDADC_PollForCalibEvent              0x08001b21   Thumb Code    74  stm32f3xx_hal_sdadc.o(i.HAL_SDADC_PollForCalibEvent)
    HAL_SDADC_PrepareChannelConfig           0x08001b6b   Thumb Code    80  stm32f3xx_hal_sdadc.o(i.HAL_SDADC_PrepareChannelConfig)
    HAL_SDADC_SelectInjectedDelay            0x08001bbb   Thumb Code    66  stm32f3xx_hal_sdadc.o(i.HAL_SDADC_SelectInjectedDelay)
    HAL_SDADC_SelectInjectedTrigger          0x08001bfd   Thumb Code    42  stm32f3xx_hal_sdadc.o(i.HAL_SDADC_SelectInjectedTrigger)
    HAL_SYSTICK_Config                       0x08001c2d   Thumb Code    40  stm32f3xx_hal_cortex.o(i.HAL_SYSTICK_Config)
    HAL_UART_Init                            0x08001c55   Thumb Code   106  stm32f3xx_hal_uart.o(i.HAL_UART_Init)
    HAL_UART_MspInit                         0x08001cc1   Thumb Code   114  stm32f3xx_hal_msp.o(i.HAL_UART_MspInit)
    HAL_UART_Transmit                        0x08001d41   Thumb Code   180  stm32f3xx_hal_uart.o(i.HAL_UART_Transmit)
    HardFault_Handler                        0x08001df5   Thumb Code     2  stm32f3xx_it.o(i.HardFault_Handler)
    MemManage_Handler                        0x08001fbd   Thumb Code     2  stm32f3xx_it.o(i.MemManage_Handler)
    NMI_Handler                              0x08001fbf   Thumb Code     2  stm32f3xx_it.o(i.NMI_Handler)
    PendSV_Handler                           0x08001fe1   Thumb Code     2  stm32f3xx_it.o(i.PendSV_Handler)
    SVC_Handler                              0x08002145   Thumb Code     2  stm32f3xx_it.o(i.SVC_Handler)
    SysTick_Handler                          0x08002147   Thumb Code     4  stm32f3xx_it.o(i.SysTick_Handler)
    SystemClock_Config                       0x0800214b   Thumb Code   134  main.o(i.SystemClock_Config)
    SystemInit                               0x080021d1   Thumb Code    82  system_stm32f3xx.o(i.SystemInit)
    UART_AdvFeatureConfig                    0x08002239   Thumb Code   200  stm32f3xx_hal_uart.o(i.UART_AdvFeatureConfig)
    UART_CheckIdleState                      0x08002301   Thumb Code    92  stm32f3xx_hal_uart.o(i.UART_CheckIdleState)
    UART_SetConfig                           0x0800235d   Thumb Code   366  stm32f3xx_hal_uart.o(i.UART_SetConfig)
    UART_WaitOnFlagUntilTimeout              0x080024e5   Thumb Code   100  stm32f3xx_hal_uart.o(i.UART_WaitOnFlagUntilTimeout)
    UsageFault_Handler                       0x08002549   Thumb Code     2  stm32f3xx_it.o(i.UsageFault_Handler)
    __0sprintf$1                             0x0800254d   Thumb Code    34  printf1.o(i.__0sprintf$1)
    __1sprintf$1                             0x0800254d   Thumb Code     0  printf1.o(i.__0sprintf$1)
    __2sprintf                               0x0800254d   Thumb Code     0  printf1.o(i.__0sprintf$1)
    __scatterload_copy                       0x08002575   Thumb Code    14  handlers.o(i.__scatterload_copy)
    __scatterload_null                       0x08002583   Thumb Code     2  handlers.o(i.__scatterload_null)
    __scatterload_zeroinit                   0x08002585   Thumb Code    14  handlers.o(i.__scatterload_zeroinit)
    main                                     0x080026f5   Thumb Code   204  main.o(i.main)
    aPLLMULFactorTable                       0x080027e0   Data          16  stm32f3xx_hal_rcc.o(.constdata)
    aPredivFactorTable                       0x080027f0   Data          16  stm32f3xx_hal_rcc.o(.constdata)
    AHBPrescTable                            0x08002800   Data          16  system_stm32f3xx.o(.constdata)
    APBPrescTable                            0x08002810   Data           8  system_stm32f3xx.o(.constdata)
    Region$$Table$$Base                      0x08002818   Number         0  anon$$obj.o(Region$$Table)
    Region$$Table$$Limit                     0x08002838   Number         0  anon$$obj.o(Region$$Table)
    max_Value                                0x20000000   Data           4  main.o(.data)
    uwTickFreq                               0x20000004   Data           1  stm32f3xx_hal.o(.data)
    uwTickPrio                               0x20000008   Data           4  stm32f3xx_hal.o(.data)
    uwTick                                   0x2000000c   Data           4  stm32f3xx_hal.o(.data)
    SystemCoreClock                          0x20000010   Data           4  system_stm32f3xx.o(.data)
    hadc1                                    0x20000014   Data          48  main.o(.bss)
    hsdadc2                                  0x20000044   Data          68  main.o(.bss)
    hdma_sdadc2                              0x20000088   Data          68  main.o(.bss)
    huart2                                   0x200000cc   Data         112  main.o(.bss)
    InjectedConvData_SDADC1                  0x2000013c   Data        2048  main.o(.bss)
    buffer_adc                               0x2000093c   Data         128  main.o(.bss)
    __initial_sp                             0x20000dc0   Data           0  startup_stm32f373xc.o(STACK)



==============================================================================

Memory Map of the image

  Image Entry point : 0x08000189

  Load Region LR_IROM1 (Base: 0x08000000, Size: 0x0000284c, Max: 0x00040000, ABSOLUTE)

    Execution Region ER_IROM1 (Exec base: 0x08000000, Load base: 0x08000000, Size: 0x00002838, Max: 0x00040000, ABSOLUTE)

    Exec Addr    Load Addr    Size         Type   Attr      Idx    E Section Name        Object

    0x08000000   0x08000000   0x00000188   Data   RO            3    RESET               startup_stm32f373xc.o
    0x08000188   0x08000188   0x00000000   Code   RO         2951  * .ARM.Collect$$$$00000000  mc_w.l(entry.o)
    0x08000188   0x08000188   0x00000004   Code   RO         3219    .ARM.Collect$$$$00000001  mc_w.l(entry2.o)
    0x0800018c   0x0800018c   0x00000004   Code   RO         3222    .ARM.Collect$$$$00000004  mc_w.l(entry5.o)
    0x08000190   0x08000190   0x00000000   Code   RO         3224    .ARM.Collect$$$$00000008  mc_w.l(entry7b.o)
    0x08000190   0x08000190   0x00000000   Code   RO         3226    .ARM.Collect$$$$0000000A  mc_w.l(entry8b.o)
    0x08000190   0x08000190   0x00000008   Code   RO         3227    .ARM.Collect$$$$0000000B  mc_w.l(entry9a.o)
    0x08000198   0x08000198   0x00000000   Code   RO         3229    .ARM.Collect$$$$0000000D  mc_w.l(entry10a.o)
    0x08000198   0x08000198   0x00000000   Code   RO         3231    .ARM.Collect$$$$0000000F  mc_w.l(entry11a.o)
    0x08000198   0x08000198   0x00000004   Code   RO         3220    .ARM.Collect$$$$00002712  mc_w.l(entry2.o)
    0x0800019c   0x0800019c   0x00000024   Code   RO            4    .text               startup_stm32f373xc.o
    0x080001c0   0x080001c0   0x00000024   Code   RO         2956    .text               mc_w.l(memseta.o)
    0x080001e4   0x080001e4   0x0000002c   Code   RO         3236    .text               mc_w.l(uidiv.o)
    0x08000210   0x08000210   0x00000024   Code   RO         3251    .text               mc_w.l(init.o)
    0x08000234   0x08000234   0x0000000c   Code   RO          184    i.ADC1_IRQHandler   stm32f3xx_it.o
    0x08000240   0x08000240   0x0000004c   Code   RO          483    i.ADC_ConversionStop_Disable  stm32f3xx_hal_adc_ex.o
    0x0800028c   0x0800028c   0x00000070   Code   RO          487    i.ADC_Enable        stm32f3xx_hal_adc_ex.o
    0x080002fc   0x080002fc   0x00000002   Code   RO          185    i.BusFault_Handler  stm32f3xx_it.o
    0x080002fe   0x080002fe   0x00000002   Code   RO          186    i.DMA2_Channel3_IRQHandler  stm32f3xx_it.o
    0x08000300   0x08000300   0x000000c8   Code   RO           13    i.DMA2_Channel4_IRQHandler  main.o
    0x080003c8   0x080003c8   0x0000003c   Code   RO         1861    i.DMA_CalcBaseAndBitshift  stm32f3xx_hal_dma.o
    0x08000404   0x08000404   0x0000002a   Code   RO         1862    i.DMA_SetConfig     stm32f3xx_hal_dma.o
    0x0800042e   0x0800042e   0x00000002   Code   RO          187    i.DebugMon_Handler  stm32f3xx_it.o
    0x08000430   0x08000430   0x0000000c   Code   RO           14    i.Error_Handler     main.o
    0x0800043c   0x0800043c   0x000000b6   Code   RO          488    i.HAL_ADCEx_Calibration_Start  stm32f3xx_hal_adc_ex.o
    0x080004f2   0x080004f2   0x00000002   PAD
    0x080004f4   0x080004f4   0x000001c4   Code   RO          489    i.HAL_ADCEx_InjectedConfigChannel  stm32f3xx_hal_adc_ex.o
    0x080006b8   0x080006b8   0x00000002   Code   RO          490    i.HAL_ADCEx_InjectedConvCpltCallback  stm32f3xx_hal_adc_ex.o
    0x080006ba   0x080006ba   0x00000002   PAD
    0x080006bc   0x080006bc   0x000000f8   Code   RO          498    i.HAL_ADC_ConfigChannel  stm32f3xx_hal_adc_ex.o
    0x080007b4   0x080007b4   0x00000002   Code   RO          335    i.HAL_ADC_ConvCpltCallback  stm32f3xx_hal_adc.o
    0x080007b6   0x080007b6   0x000000e6   Code   RO          501    i.HAL_ADC_IRQHandler  stm32f3xx_hal_adc_ex.o
    0x0800089c   0x0800089c   0x0000011c   Code   RO          502    i.HAL_ADC_Init      stm32f3xx_hal_adc_ex.o
    0x080009b8   0x080009b8   0x00000002   Code   RO          344    i.HAL_ADC_LevelOutOfWindowCallback  stm32f3xx_hal_adc.o
    0x080009ba   0x080009ba   0x00000002   PAD
    0x080009bc   0x080009bc   0x0000006c   Code   RO          273    i.HAL_ADC_MspInit   stm32f3xx_hal_msp.o
    0x08000a28   0x08000a28   0x00000030   Code   RO         1863    i.HAL_DMA_Abort     stm32f3xx_hal_dma.o
    0x08000a58   0x08000a58   0x000000a8   Code   RO         1868    i.HAL_DMA_IRQHandler  stm32f3xx_hal_dma.o
    0x08000b00   0x08000b00   0x0000004e   Code   RO         1869    i.HAL_DMA_Init      stm32f3xx_hal_dma.o
    0x08000b4e   0x08000b4e   0x00000070   Code   RO         1873    i.HAL_DMA_Start_IT  stm32f3xx_hal_dma.o
    0x08000bbe   0x08000bbe   0x00000002   PAD
    0x08000bc0   0x08000bc0   0x00000024   Code   RO         1482    i.HAL_Delay         stm32f3xx_hal.o
    0x08000be4   0x08000be4   0x00000188   Code   RO         1798    i.HAL_GPIO_Init     stm32f3xx_hal_gpio.o
    0x08000d6c   0x08000d6c   0x0000000a   Code   RO         1802    i.HAL_GPIO_WritePin  stm32f3xx_hal_gpio.o
    0x08000d76   0x08000d76   0x00000002   PAD
    0x08000d78   0x08000d78   0x0000000c   Code   RO         1486    i.HAL_GetTick       stm32f3xx_hal.o
    0x08000d84   0x08000d84   0x00000010   Code   RO         1492    i.HAL_IncTick       stm32f3xx_hal.o
    0x08000d94   0x08000d94   0x00000024   Code   RO         1493    i.HAL_Init          stm32f3xx_hal.o
    0x08000db8   0x08000db8   0x00000040   Code   RO         1494    i.HAL_InitTick      stm32f3xx_hal.o
    0x08000df8   0x08000df8   0x0000002c   Code   RO          274    i.HAL_MspInit       stm32f3xx_hal_msp.o
    0x08000e24   0x08000e24   0x00000016   Code   RO         1966    i.HAL_NVIC_EnableIRQ  stm32f3xx_hal_cortex.o
    0x08000e3a   0x08000e3a   0x00000002   PAD
    0x08000e3c   0x08000e3c   0x00000040   Code   RO         1972    i.HAL_NVIC_SetPriority  stm32f3xx_hal_cortex.o
    0x08000e7c   0x08000e7c   0x00000024   Code   RO         1973    i.HAL_NVIC_SetPriorityGrouping  stm32f3xx_hal_cortex.o
    0x08000ea0   0x08000ea0   0x00000028   Code   RO         2187    i.HAL_PWREx_EnableSDADC  stm32f3xx_hal_pwr_ex.o
    0x08000ec8   0x08000ec8   0x000001d0   Code   RO         1756    i.HAL_RCCEx_PeriphCLKConfig  stm32f3xx_hal_rcc_ex.o
    0x08001098   0x08001098   0x00000144   Code   RO         1650    i.HAL_RCC_ClockConfig  stm32f3xx_hal_rcc.o
    0x080011dc   0x080011dc   0x00000030   Code   RO         1657    i.HAL_RCC_GetPCLK1Freq  stm32f3xx_hal_rcc.o
    0x0800120c   0x0800120c   0x00000030   Code   RO         1658    i.HAL_RCC_GetPCLK2Freq  stm32f3xx_hal_rcc.o
    0x0800123c   0x0800123c   0x00000064   Code   RO         1659    i.HAL_RCC_GetSysClockFreq  stm32f3xx_hal_rcc.o
    0x080012a0   0x080012a0   0x00000590   Code   RO         1662    i.HAL_RCC_OscConfig  stm32f3xx_hal_rcc.o
    0x08001830   0x08001830   0x00000064   Code   RO          664    i.HAL_SDADC_AssociateChannelConfig  stm32f3xx_hal_sdadc.o
    0x08001894   0x08001894   0x00000052   Code   RO          666    i.HAL_SDADC_CalibrationStart  stm32f3xx_hal_sdadc.o
    0x080018e6   0x080018e6   0x00000002   Code   RO          672    i.HAL_SDADC_ErrorCallback  stm32f3xx_hal_sdadc.o
    0x080018e8   0x080018e8   0x00000098   Code   RO          677    i.HAL_SDADC_Init    stm32f3xx_hal_sdadc.o
    0x08001980   0x08001980   0x00000048   Code   RO          678    i.HAL_SDADC_InjectedConfigChannel  stm32f3xx_hal_sdadc.o
    0x080019c8   0x080019c8   0x00000002   Code   RO          679    i.HAL_SDADC_InjectedConvCpltCallback  stm32f3xx_hal_sdadc.o
    0x080019ca   0x080019ca   0x00000002   Code   RO          680    i.HAL_SDADC_InjectedConvHalfCpltCallback  stm32f3xx_hal_sdadc.o
    0x080019cc   0x080019cc   0x0000008c   Code   RO          687    i.HAL_SDADC_InjectedStart_DMA  stm32f3xx_hal_sdadc.o
    0x08001a58   0x08001a58   0x00000038   Code   RO          690    i.HAL_SDADC_InjectedStop_DMA  stm32f3xx_hal_sdadc.o
    0x08001a90   0x08001a90   0x00000090   Code   RO          276    i.HAL_SDADC_MspInit  stm32f3xx_hal_msp.o
    0x08001b20   0x08001b20   0x0000004a   Code   RO          698    i.HAL_SDADC_PollForCalibEvent  stm32f3xx_hal_sdadc.o
    0x08001b6a   0x08001b6a   0x00000050   Code   RO          701    i.HAL_SDADC_PrepareChannelConfig  stm32f3xx_hal_sdadc.o
    0x08001bba   0x08001bba   0x00000042   Code   RO          702    i.HAL_SDADC_SelectInjectedDelay  stm32f3xx_hal_sdadc.o
    0x08001bfc   0x08001bfc   0x00000030   Code   RO          704    i.HAL_SDADC_SelectInjectedTrigger  stm32f3xx_hal_sdadc.o
    0x08001c2c   0x08001c2c   0x00000028   Code   RO         1977    i.HAL_SYSTICK_Config  stm32f3xx_hal_cortex.o
    0x08001c54   0x08001c54   0x0000006a   Code   RO         1087    i.HAL_UART_Init     stm32f3xx_hal_uart.o
    0x08001cbe   0x08001cbe   0x00000002   PAD
    0x08001cc0   0x08001cc0   0x00000080   Code   RO          278    i.HAL_UART_MspInit  stm32f3xx_hal_msp.o
    0x08001d40   0x08001d40   0x000000b4   Code   RO         1095    i.HAL_UART_Transmit  stm32f3xx_hal_uart.o
    0x08001df4   0x08001df4   0x00000002   Code   RO          188    i.HardFault_Handler  stm32f3xx_it.o
    0x08001df6   0x08001df6   0x00000002   PAD
    0x08001df8   0x08001df8   0x00000078   Code   RO           15    i.MX_ADC1_Init      main.o
    0x08001e70   0x08001e70   0x0000007c   Code   RO           16    i.MX_GPIO_Init      main.o
    0x08001eec   0x08001eec   0x00000094   Code   RO           17    i.MX_SDADC2_Init    main.o
    0x08001f80   0x08001f80   0x0000003c   Code   RO           18    i.MX_USART2_UART_Init  main.o
    0x08001fbc   0x08001fbc   0x00000002   Code   RO          189    i.MemManage_Handler  stm32f3xx_it.o
    0x08001fbe   0x08001fbe   0x00000002   Code   RO          190    i.NMI_Handler       stm32f3xx_it.o
    0x08001fc0   0x08001fc0   0x00000020   Code   RO         1979    i.NVIC_SetPriority  stm32f3xx_hal_cortex.o
    0x08001fe0   0x08001fe0   0x00000002   Code   RO          191    i.PendSV_Handler    stm32f3xx_it.o
    0x08001fe2   0x08001fe2   0x0000000e   Code   RO          712    i.SDADC_DMAError    stm32f3xx_hal_sdadc.o
    0x08001ff0   0x08001ff0   0x0000000a   Code   RO          713    i.SDADC_DMAInjectedConvCplt  stm32f3xx_hal_sdadc.o
    0x08001ffa   0x08001ffa   0x0000000a   Code   RO          714    i.SDADC_DMAInjectedHalfConvCplt  stm32f3xx_hal_sdadc.o
    0x08002004   0x08002004   0x00000032   Code   RO          717    i.SDADC_EnterInitMode  stm32f3xx_hal_sdadc.o
    0x08002036   0x08002036   0x0000000c   Code   RO          718    i.SDADC_ExitInitMode  stm32f3xx_hal_sdadc.o
    0x08002042   0x08002042   0x00000062   Code   RO          719    i.SDADC_InjConvStart  stm32f3xx_hal_sdadc.o
    0x080020a4   0x080020a4   0x000000a0   Code   RO          720    i.SDADC_InjConvStop  stm32f3xx_hal_sdadc.o
    0x08002144   0x08002144   0x00000002   Code   RO          192    i.SVC_Handler       stm32f3xx_it.o
    0x08002146   0x08002146   0x00000004   Code   RO          193    i.SysTick_Handler   stm32f3xx_it.o
    0x0800214a   0x0800214a   0x00000086   Code   RO           19    i.SystemClock_Config  main.o
    0x080021d0   0x080021d0   0x00000068   Code   RO         2917    i.SystemInit        system_stm32f3xx.o
    0x08002238   0x08002238   0x000000c8   Code   RO         1100    i.UART_AdvFeatureConfig  stm32f3xx_hal_uart.o
    0x08002300   0x08002300   0x0000005c   Code   RO         1101    i.UART_CheckIdleState  stm32f3xx_hal_uart.o
    0x0800235c   0x0800235c   0x00000188   Code   RO         1116    i.UART_SetConfig    stm32f3xx_hal_uart.o
    0x080024e4   0x080024e4   0x00000064   Code   RO         1118    i.UART_WaitOnFlagUntilTimeout  stm32f3xx_hal_uart.o
    0x08002548   0x08002548   0x00000002   Code   RO          194    i.UsageFault_Handler  stm32f3xx_it.o
    0x0800254a   0x0800254a   0x00000002   PAD
    0x0800254c   0x0800254c   0x00000028   Code   RO         3005    i.__0sprintf$1      mc_w.l(printf1.o)
    0x08002574   0x08002574   0x0000000e   Code   RO         3263    i.__scatterload_copy  mc_w.l(handlers.o)
    0x08002582   0x08002582   0x00000002   Code   RO         3264    i.__scatterload_null  mc_w.l(handlers.o)
    0x08002584   0x08002584   0x0000000e   Code   RO         3265    i.__scatterload_zeroinit  mc_w.l(handlers.o)
    0x08002592   0x08002592   0x00000002   PAD
    0x08002594   0x08002594   0x00000154   Code   RO         3010    i._printf_core      mc_w.l(printf1.o)
    0x080026e8   0x080026e8   0x0000000a   Code   RO         3012    i._sputc            mc_w.l(printf1.o)
    0x080026f2   0x080026f2   0x00000002   PAD
    0x080026f4   0x080026f4   0x000000ec   Code   RO           20    i.main              main.o
    0x080027e0   0x080027e0   0x00000020   Data   RO         1663    .constdata          stm32f3xx_hal_rcc.o
    0x08002800   0x08002800   0x00000010   Data   RO         2918    .constdata          system_stm32f3xx.o
    0x08002810   0x08002810   0x00000008   Data   RO         2919    .constdata          system_stm32f3xx.o
    0x08002818   0x08002818   0x00000020   Data   RO         3261    Region$$Table       anon$$obj.o


    Execution Region RW_IRAM1 (Exec base: 0x20000000, Load base: 0x08002838, Size: 0x00000dc0, Max: 0x00008000, ABSOLUTE)

    Exec Addr    Load Addr    Size         Type   Attr      Idx    E Section Name        Object

    0x20000000   0x08002838   0x00000004   Data   RW           22    .data               main.o
    0x20000004   0x0800283c   0x0000000c   Data   RW         1500    .data               stm32f3xx_hal.o
    0x20000010   0x08002848   0x00000004   Data   RW         2920    .data               system_stm32f3xx.o
    0x20000014        -       0x000009a8   Zero   RW           21    .bss                main.o
    0x200009bc   0x0800284c   0x00000004   PAD
    0x200009c0        -       0x00000400   Zero   RW            1    STACK               startup_stm32f373xc.o


==============================================================================

Image component sizes


      Code (inc. data)   RO Data    RW Data    ZI Data      Debug   Object Name

      1034         82          0          4       2472     512431   main.o
        36          8        392          0       1024        820   startup_stm32f373xc.o
       164         28          0         12          0      12801   stm32f3xx_hal.o
         4          0          0          0          0       1454   stm32f3xx_hal_adc.o
      1586         46          0          0          0       8125   stm32f3xx_hal_adc_ex.o
       194         14          0          0          0      30319   stm32f3xx_hal_cortex.o
       508         12          0          0          0       4735   stm32f3xx_hal_dma.o
       402         28          0          0          0       2336   stm32f3xx_hal_gpio.o
       424         52          0          0          0       3037   stm32f3xx_hal_msp.o
        40         10          0          0          0       1120   stm32f3xx_hal_pwr_ex.o
      1944         74         32          0          0       5636   stm32f3xx_hal_rcc.o
       464         14          0          0          0       1508   stm32f3xx_hal_rcc_ex.o
      1230         28          0          0          0      15359   stm32f3xx_hal_sdadc.o
      1070         46          0          0          0       5923   stm32f3xx_hal_uart.o
        34          6          0          0          0       4863   stm32f3xx_it.o
       104         22         24          4          0       1115   system_stm32f3xx.o

    ----------------------------------------------------------------------
      9256        470        480         20       3500     611582   Object Totals
         0          0         32          0          0          0   (incl. Generated)
        18          0          0          0          4          0   (incl. Padding)

    ----------------------------------------------------------------------

      Code (inc. data)   RO Data    RW Data    ZI Data      Debug   Library Member Name

         0          0          0          0          0          0   entry.o
         0          0          0          0          0          0   entry10a.o
         0          0          0          0          0          0   entry11a.o
         8          4          0          0          0          0   entry2.o
         4          0          0          0          0          0   entry5.o
         0          0          0          0          0          0   entry7b.o
         0          0          0          0          0          0   entry8b.o
         8          4          0          0          0          0   entry9a.o
        30          0          0          0          0          0   handlers.o
        36          8          0          0          0         68   init.o
        36          0          0          0          0        108   memseta.o
       390         10          0          0          0        252   printf1.o
        44          0          0          0          0         80   uidiv.o

    ----------------------------------------------------------------------
       560         26          0          0          0        508   Library Totals
         4          0          0          0          0          0   (incl. Padding)

    ----------------------------------------------------------------------

      Code (inc. data)   RO Data    RW Data    ZI Data      Debug   Library Name

       556         26          0          0          0        508   mc_w.l

    ----------------------------------------------------------------------
       560         26          0          0          0        508   Library Totals

    ----------------------------------------------------------------------

==============================================================================


      Code (inc. data)   RO Data    RW Data    ZI Data      Debug   

      9816        496        480         20       3500     604238   Grand Totals
      9816        496        480         20       3500     604238   ELF Image Totals
      9816        496        480         20          0          0   ROM Totals

==============================================================================

    Total RO  Size (Code + RO Data)                10296 (  10.05kB)
    Total RW  Size (RW Data + ZI Data)              3520 (   3.44kB)
    Total ROM Size (Code + RO Data + RW Data)      10316 (  10.07kB)

==============================================================================

