Component: ARM Compiler 5.06 update 5 (build 528) Tool: armlink [4d35e2]

==============================================================================

Section Cross References

    startup_stm32f373xc.o(RESET) refers to startup_stm32f373xc.o(STACK) for __initial_sp
    startup_stm32f373xc.o(RESET) refers to startup_stm32f373xc.o(.text) for Reset_Handler
    startup_stm32f373xc.o(RESET) refers to stm32f3xx_it.o(i.NMI_Handler) for NMI_Handler
    startup_stm32f373xc.o(RESET) refers to stm32f3xx_it.o(i.HardFault_Handler) for HardFault_Handler
    startup_stm32f373xc.o(RESET) refers to stm32f3xx_it.o(i.MemManage_Handler) for MemManage_Handler
    startup_stm32f373xc.o(RESET) refers to stm32f3xx_it.o(i.BusFault_Handler) for BusFault_Handler
    startup_stm32f373xc.o(RESET) refers to stm32f3xx_it.o(i.UsageFault_Handler) for UsageFault_Handler
    startup_stm32f373xc.o(RESET) refers to stm32f3xx_it.o(i.SVC_Handler) for SVC_Handler
    startup_stm32f373xc.o(RESET) refers to stm32f3xx_it.o(i.DebugMon_Handler) for DebugMon_Handler
    startup_stm32f373xc.o(RESET) refers to stm32f3xx_it.o(i.PendSV_Handler) for PendSV_Handler
    startup_stm32f373xc.o(RESET) refers to stm32f3xx_it.o(i.SysTick_Handler) for SysTick_Handler
    startup_stm32f373xc.o(RESET) refers to stm32f3xx_it.o(i.ADC1_IRQHandler) for ADC1_IRQHandler
    startup_stm32f373xc.o(RESET) refers to stm32f3xx_it.o(i.DMA2_Channel3_IRQHandler) for DMA2_Channel3_IRQHandler
    startup_stm32f373xc.o(RESET) refers to main.o(i.DMA2_Channel4_IRQHandler) for DMA2_Channel4_IRQHandler
    startup_stm32f373xc.o(RESET) refers to stm32f3xx_it.o(i.SDADC2_IRQHandler) for SDADC2_IRQHandler
    startup_stm32f373xc.o(.text) refers to system_stm32f3xx.o(i.SystemInit) for SystemInit
    startup_stm32f373xc.o(.text) refers to entry.o(.ARM.Collect$$$$00000000) for __main
    main.o(i.Calibration_process) refers to stm32f3xx_hal_adc_ex.o(i.HAL_ADC_Start) for HAL_ADC_Start
    main.o(i.Calibration_process) refers to stm32f3xx_hal_adc_ex.o(i.HAL_ADC_PollForConversion) for HAL_ADC_PollForConversion
    main.o(i.Calibration_process) refers to stm32f3xx_hal_adc_ex.o(i.HAL_ADC_GetValue) for HAL_ADC_GetValue
    main.o(i.Calibration_process) refers to stm32f3xx_hal_gpio.o(i.HAL_GPIO_WritePin) for HAL_GPIO_WritePin
    main.o(i.Calibration_process) refers to stm32f3xx_hal.o(i.HAL_Delay) for HAL_Delay
    main.o(i.Calibration_process) refers to main.o(.bss) for .bss
    main.o(i.Calibration_process) refers to main.o(.data) for .data
    main.o(i.DMA2_Channel4_IRQHandler) refers to stm32f3xx_hal_dma.o(i.HAL_DMA_IRQHandler) for HAL_DMA_IRQHandler
    main.o(i.DMA2_Channel4_IRQHandler) refers to stm32f3xx_hal_sdadc.o(i.HAL_SDADC_InjectedStop_DMA) for HAL_SDADC_InjectedStop_DMA
    main.o(i.DMA2_Channel4_IRQHandler) refers to stm32f3xx_hal_sdadc.o(i.HAL_SDADC_InjectedStart_DMA) for HAL_SDADC_InjectedStart_DMA
    main.o(i.DMA2_Channel4_IRQHandler) refers to main.o(i.Error_Handler) for Error_Handler
    main.o(i.DMA2_Channel4_IRQHandler) refers to main.o(.bss) for .bss
    main.o(i.DMA2_Channel4_IRQHandler) refers to main.o(.data) for .data
    main.o(i.Error_Handler) refers to stm32f3xx_hal_gpio.o(i.HAL_GPIO_WritePin) for HAL_GPIO_WritePin
    main.o(i.MX_ADC1_Init) refers to memseta.o(.text) for __aeabi_memclr4
    main.o(i.MX_ADC1_Init) refers to stm32f3xx_hal_adc_ex.o(i.HAL_ADC_Init) for HAL_ADC_Init
    main.o(i.MX_ADC1_Init) refers to main.o(i.Error_Handler) for Error_Handler
    main.o(i.MX_ADC1_Init) refers to stm32f3xx_hal_adc_ex.o(i.HAL_ADC_ConfigChannel) for HAL_ADC_ConfigChannel
    main.o(i.MX_ADC1_Init) refers to stm32f3xx_hal_adc_ex.o(i.HAL_ADCEx_InjectedConfigChannel) for HAL_ADCEx_InjectedConfigChannel
    main.o(i.MX_ADC1_Init) refers to main.o(.bss) for .bss
    main.o(i.MX_GPIO_Init) refers to memseta.o(.text) for __aeabi_memclr4
    main.o(i.MX_GPIO_Init) refers to stm32f3xx_hal_gpio.o(i.HAL_GPIO_WritePin) for HAL_GPIO_WritePin
    main.o(i.MX_GPIO_Init) refers to stm32f3xx_hal_gpio.o(i.HAL_GPIO_Init) for HAL_GPIO_Init
    main.o(i.MX_SDADC2_Init) refers to stm32f3xx_hal_sdadc.o(i.HAL_SDADC_Init) for HAL_SDADC_Init
    main.o(i.MX_SDADC2_Init) refers to main.o(i.Error_Handler) for Error_Handler
    main.o(i.MX_SDADC2_Init) refers to stm32f3xx_hal_sdadc.o(i.HAL_SDADC_SelectInjectedDelay) for HAL_SDADC_SelectInjectedDelay
    main.o(i.MX_SDADC2_Init) refers to stm32f3xx_hal_sdadc.o(i.HAL_SDADC_SelectInjectedTrigger) for HAL_SDADC_SelectInjectedTrigger
    main.o(i.MX_SDADC2_Init) refers to stm32f3xx_hal_sdadc.o(i.HAL_SDADC_InjectedConfigChannel) for HAL_SDADC_InjectedConfigChannel
    main.o(i.MX_SDADC2_Init) refers to stm32f3xx_hal_sdadc.o(i.HAL_SDADC_PrepareChannelConfig) for HAL_SDADC_PrepareChannelConfig
    main.o(i.MX_SDADC2_Init) refers to stm32f3xx_hal_sdadc.o(i.HAL_SDADC_AssociateChannelConfig) for HAL_SDADC_AssociateChannelConfig
    main.o(i.MX_SDADC2_Init) refers to main.o(.bss) for .bss
[...]
    stm32f3xx_hal_i2c.o(i.I2C_RequestMemoryRead) refers to stm32f3xx_hal_i2c.o(i.I2C_WaitOnFlagUntilTimeout) for I2C_WaitOnFlagUntilTimeout
    stm32f3xx_hal_i2c.o(i.I2C_RequestMemoryWrite) refers to stm32f3xx_hal_i2c.o(i.I2C_TransferConfig) for I2C_TransferConfig
    stm32f3xx_hal_i2c.o(i.I2C_RequestMemoryWrite) refers to stm32f3xx_hal_i2c.o(i.I2C_WaitOnTXISFlagUntilTimeout) for I2C_WaitOnTXISFlagUntilTimeout
    stm32f3xx_hal_i2c.o(i.I2C_RequestMemoryWrite) refers to stm32f3xx_hal_i2c.o(i.I2C_WaitOnFlagUntilTimeout) for I2C_WaitOnFlagUntilTimeout
    stm32f3xx_hal_i2c.o(i.I2C_Slave_ISR_DMA) refers to stm32f3xx_hal_i2c.o(i.I2C_ITSlaveCplt) for I2C_ITSlaveCplt
    stm32f3xx_hal_i2c.o(i.I2C_Slave_ISR_IT) refers to stm32f3xx_hal_i2c.o(i.I2C_ITListenCplt) for I2C_ITListenCplt
    stm32f3xx_hal_i2c.o(i.I2C_Slave_ISR_IT) refers to stm32f3xx_hal_i2c.o(i.I2C_Flush_TXDR) for I2C_Flush_TXDR
    stm32f3xx_hal_i2c.o(i.I2C_Slave_ISR_IT) refers to stm32f3xx_hal_i2c.o(i.I2C_ITAddrCplt) for I2C_ITAddrCplt
    stm32f3xx_hal_i2c.o(i.I2C_Slave_ISR_IT) refers to stm32f3xx_hal_i2c.o(i.I2C_ITSlaveSequentialCplt) for I2C_ITSlaveSequentialCplt
    stm32f3xx_hal_i2c.o(i.I2C_Slave_ISR_IT) refers to stm32f3xx_hal_i2c.o(i.I2C_ITSlaveCplt) for I2C_ITSlaveCplt
    stm32f3xx_hal_i2c.o(i.I2C_WaitOnFlagUntilTimeout) refers to stm32f3xx_hal.o(i.HAL_GetTick) for HAL_GetTick
    stm32f3xx_hal_i2c.o(i.I2C_WaitOnRXNEFlagUntilTimeout) refers to stm32f3xx_hal_i2c.o(i.I2C_IsAcknowledgeFailed) for I2C_IsAcknowledgeFailed
    stm32f3xx_hal_i2c.o(i.I2C_WaitOnRXNEFlagUntilTimeout) refers to stm32f3xx_hal.o(i.HAL_GetTick) for HAL_GetTick
    stm32f3xx_hal_i2c.o(i.I2C_WaitOnSTOPFlagUntilTimeout) refers to stm32f3xx_hal_i2c.o(i.I2C_IsAcknowledgeFailed) for I2C_IsAcknowledgeFailed
    stm32f3xx_hal_i2c.o(i.I2C_WaitOnSTOPFlagUntilTimeout) refers to stm32f3xx_hal.o(i.HAL_GetTick) for HAL_GetTick
    stm32f3xx_hal_i2c.o(i.I2C_WaitOnTXISFlagUntilTimeout) refers to stm32f3xx_hal_i2c.o(i.I2C_IsAcknowledgeFailed) for I2C_IsAcknowledgeFailed
    stm32f3xx_hal_i2c.o(i.I2C_WaitOnTXISFlagUntilTimeout) refers to stm32f3xx_hal.o(i.HAL_GetTick) for HAL_GetTick
    system_stm32f3xx.o(i.SystemCoreClockUpdate) refers to system_stm32f3xx.o(.data) for .data
    system_stm32f3xx.o(i.SystemCoreClockUpdate) refers to system_stm32f3xx.o(.constdata) for .constdata
    entry.o(.ARM.Collect$$$$00000000) refers (Special) to entry10a.o(.ARM.Collect$$$$0000000D) for __rt_final_cpp
    entry.o(.ARM.Collect$$$$00000000) refers (Special) to entry11a.o(.ARM.Collect$$$$0000000F) for __rt_final_exit
    entry.o(.ARM.Collect$$$$00000000) refers (Special) to entry7b.o(.ARM.Collect$$$$00000008) for _main_clock
    entry.o(.ARM.Collect$$$$00000000) refers (Special) to entry8b.o(.ARM.Collect$$$$0000000A) for _main_cpp_init
    entry.o(.ARM.Collect$$$$00000000) refers (Special) to entry9a.o(.ARM.Collect$$$$0000000B) for _main_init
    entry.o(.ARM.Collect$$$$00000000) refers (Special) to entry5.o(.ARM.Collect$$$$00000004) for _main_scatterload
    entry.o(.ARM.Collect$$$$00000000) refers (Special) to entry2.o(.ARM.Collect$$$$00000001) for _main_stk
    entry2.o(.ARM.Collect$$$$00000001) refers to entry2.o(.ARM.Collect$$$$00002712) for __lit__00000000
    entry2.o(.ARM.Collect$$$$00002712) refers to startup_stm32f373xc.o(STACK) for __initial_sp
    entry2.o(__vectab_stack_and_reset_area) refers to startup_stm32f373xc.o(STACK) for __initial_sp
    entry2.o(__vectab_stack_and_reset_area) refers to entry.o(.ARM.Collect$$$$00000000) for __main
    entry5.o(.ARM.Collect$$$$00000004) refers to init.o(.text) for __scatterload
    entry9a.o(.ARM.Collect$$$$0000000B) refers to main.o(i.main) for main
    entry9b.o(.ARM.Collect$$$$0000000C) refers to main.o(i.main) for main
    init.o(.text) refers to entry5.o(.ARM.Collect$$$$00000004) for __main_after_scatterload


==============================================================================

Removing Unused input sections from the image.

    Removing startup_stm32f373xc.o(HEAP), (512 bytes).
    Removing main.o(.rev16_text), (4 bytes).
    Removing main.o(.revsh_text), (4 bytes).
    Removing main.o(.rrx_text), (6 bytes).
    Removing main.o(.bss), (128 bytes).
    Removing stm32f3xx_it.o(.rev16_text), (4 bytes).
    Removing stm32f3xx_it.o(.revsh_text), (4 bytes).
    Removing stm32f3xx_it.o(.rrx_text), (6 bytes).
    Removing stm32f3xx_hal_msp.o(.rev16_text), (4 bytes).
    Removing stm32f3xx_hal_msp.o(.revsh_text), (4 bytes).
    Removing stm32f3xx_hal_msp.o(.rrx_text), (6 bytes).
    Removing stm32f3xx_hal_msp.o(i.HAL_ADC_MspDeInit), (52 bytes).
    Removing stm32f3xx_hal_msp.o(i.HAL_SDADC_MspDeInit), (60 bytes).
    Removing stm32f3xx_hal_msp.o(i.HAL_UART_MspDeInit), (56 bytes).
    Removing stm32f3xx_hal_adc.o(.rev16_text), (4 bytes).
    Removing stm32f3xx_hal_adc.o(.revsh_text), (4 bytes).
    Removing stm32f3xx_hal_adc.o(.rrx_text), (6 bytes).
    Removing stm32f3xx_hal_adc.o(i.HAL_ADC_AnalogWDGConfig), (4 bytes).
    Removing stm32f3xx_hal_adc.o(i.HAL_ADC_ConfigChannel), (4 bytes).
    Removing stm32f3xx_hal_adc.o(i.HAL_ADC_ConvHalfCpltCallback), (2 bytes).
    Removing stm32f3xx_hal_adc.o(i.HAL_ADC_DeInit), (4 bytes).
    Removing stm32f3xx_hal_adc.o(i.HAL_ADC_ErrorCallback), (2 bytes).
    Removing stm32f3xx_hal_adc.o(i.HAL_ADC_GetError), (4 bytes).
    Removing stm32f3xx_hal_adc.o(i.HAL_ADC_GetState), (4 bytes).
    Removing stm32f3xx_hal_adc.o(i.HAL_ADC_GetValue), (6 bytes).
    Removing stm32f3xx_hal_adc.o(i.HAL_ADC_IRQHandler), (2 bytes).
    Removing stm32f3xx_hal_adc.o(i.HAL_ADC_Init), (4 bytes).
    Removing stm32f3xx_hal_adc.o(i.HAL_ADC_MspDeInit), (2 bytes).
    Removing stm32f3xx_hal_adc.o(i.HAL_ADC_MspInit), (2 bytes).
    Removing stm32f3xx_hal_adc.o(i.HAL_ADC_PollForConversion), (4 bytes).
    Removing stm32f3xx_hal_adc.o(i.HAL_ADC_PollForEvent), (4 bytes).
    Removing stm32f3xx_hal_adc.o(i.HAL_ADC_Start), (4 bytes).
    Removing stm32f3xx_hal_adc.o(i.HAL_ADC_Start_DMA), (4 bytes).
    Removing stm32f3xx_hal_adc.o(i.HAL_ADC_Start_IT), (4 bytes).
    Removing stm32f3xx_hal_adc.o(i.HAL_ADC_Stop), (4 bytes).
    Removing stm32f3xx_hal_adc.o(i.HAL_ADC_Stop_DMA), (4 bytes).
    Removing stm32f3xx_hal_adc.o(i.HAL_ADC_Stop_IT), (4 bytes).
    Removing stm32f3xx_hal_adc_ex.o(.rev16_text), (4 bytes).
    Removing stm32f3xx_hal_adc_ex.o(.revsh_text), (4 bytes).
    Removing stm32f3xx_hal_adc_ex.o(.rrx_text), (6 bytes).
    Removing stm32f3xx_hal_adc_ex.o(i.ADC_DMAConvCplt), (70 bytes).
    Removing stm32f3xx_hal_adc_ex.o(i.ADC_DMAError), (22 bytes).
    Removing stm32f3xx_hal_adc_ex.o(i.ADC_DMAHalfConvCplt), (6 bytes).
    Removing stm32f3xx_hal_adc_ex.o(i.HAL_ADCEx_InjectedGetValue), (30 bytes).
    Removing stm32f3xx_hal_adc_ex.o(i.HAL_ADCEx_InjectedPollForConversion), (304 bytes).
    Removing stm32f3xx_hal_adc_ex.o(i.HAL_ADCEx_InjectedStart), (110 bytes).
    Removing stm32f3xx_hal_adc_ex.o(i.HAL_ADCEx_InjectedStart_IT), (122 bytes).
    Removing stm32f3xx_hal_adc_ex.o(i.HAL_ADCEx_InjectedStop), (78 bytes).
    Removing stm32f3xx_hal_adc_ex.o(i.HAL_ADCEx_InjectedStop_IT), (88 bytes).
    Removing stm32f3xx_hal_adc_ex.o(i.HAL_ADC_AnalogWDGConfig), (88 bytes).
    Removing stm32f3xx_hal_adc_ex.o(i.HAL_ADC_DeInit), (248 bytes).
    Removing stm32f3xx_hal_adc_ex.o(i.HAL_ADC_PollForEvent), (84 bytes).
    Removing stm32f3xx_hal_adc_ex.o(i.HAL_ADC_Start_DMA), (196 bytes).
    Removing stm32f3xx_hal_adc_ex.o(i.HAL_ADC_Start_IT), (140 bytes).
    Removing stm32f3xx_hal_adc_ex.o(i.HAL_ADC_Stop), (52 bytes).
    Removing stm32f3xx_hal_adc_ex.o(i.HAL_ADC_Stop_DMA), (76 bytes).
    Removing stm32f3xx_hal_adc_ex.o(i.HAL_ADC_Stop_IT), (62 bytes).
    Removing stm32f3xx_hal_sdadc.o(.rev16_text), (4 bytes).
    Removing stm32f3xx_hal_sdadc.o(.revsh_text), (4 bytes).
    Removing stm32f3xx_hal_sdadc.o(.rrx_text), (6 bytes).
    Removing stm32f3xx_hal_sdadc.o(i.HAL_SDADC_CalibrationStart_IT), (92 bytes).
    Removing stm32f3xx_hal_sdadc.o(i.HAL_SDADC_ConfigChannel), (54 bytes).
    Removing stm32f3xx_hal_sdadc.o(i.HAL_SDADC_ConvHalfCpltCallback), (2 bytes).
    Removing stm32f3xx_hal_sdadc.o(i.HAL_SDADC_DeInit), (70 bytes).
    Removing stm32f3xx_hal_sdadc.o(i.HAL_SDADC_GetError), (4 bytes).
    Removing stm32f3xx_hal_sdadc.o(i.HAL_SDADC_GetState), (6 bytes).
    Removing stm32f3xx_hal_sdadc.o(i.HAL_SDADC_GetValue), (6 bytes).
    Removing stm32f3xx_hal_sdadc.o(i.HAL_SDADC_InjectedGetValue), (14 bytes).
    Removing stm32f3xx_hal_sdadc.o(i.HAL_SDADC_InjectedMultiModeConfigChannel), (44 bytes).
    Removing stm32f3xx_hal_sdadc.o(i.HAL_SDADC_InjectedMultiModeGetValue), (14 bytes).
    Removing stm32f3xx_hal_sdadc.o(i.HAL_SDADC_InjectedMultiModeStart_DMA), (160 bytes).
    Removing stm32f3xx_hal_sdadc.o(i.HAL_SDADC_InjectedMultiModeStop_DMA), (68 bytes).
    Removing stm32f3xx_hal_sdadc.o(i.HAL_SDADC_InjectedStart), (20 bytes).
    Removing stm32f3xx_hal_sdadc.o(i.HAL_SDADC_InjectedStart_IT), (30 bytes).
    Removing stm32f3xx_hal_sdadc.o(i.HAL_SDADC_InjectedStop), (20 bytes).
    Removing stm32f3xx_hal_sdadc.o(i.HAL_SDADC_InjectedStop_IT), (30 bytes).
    Removing stm32f3xx_hal_sdadc.o(i.HAL_SDADC_MspDeInit), (2 bytes).
    Removing stm32f3xx_hal_sdadc.o(i.HAL_SDADC_MspInit), (2 bytes).
    Removing stm32f3xx_hal_sdadc.o(i.HAL_SDADC_MultiModeConfigChannel), (44 bytes).
    Removing stm32f3xx_hal_sdadc.o(i.HAL_SDADC_MultiModeGetValue), (14 bytes).
    Removing stm32f3xx_hal_sdadc.o(i.HAL_SDADC_MultiModeStart_DMA), (156 bytes).
    Removing stm32f3xx_hal_sdadc.o(i.HAL_SDADC_MultiModeStop_DMA), (68 bytes).
    Removing stm32f3xx_hal_sdadc.o(i.HAL_SDADC_PollForConversion), (120 bytes).
    Removing stm32f3xx_hal_sdadc.o(i.HAL_SDADC_PollForInjectedConversion), (140 bytes).
    Removing stm32f3xx_hal_sdadc.o(i.HAL_SDADC_SelectInjectedExtTrigger), (74 bytes).
    Removing stm32f3xx_hal_sdadc.o(i.HAL_SDADC_SelectRegularTrigger), (48 bytes).
    Removing stm32f3xx_hal_sdadc.o(i.HAL_SDADC_Start), (20 bytes).
    Removing stm32f3xx_hal_sdadc.o(i.HAL_SDADC_Start_DMA), (136 bytes).
    Removing stm32f3xx_hal_sdadc.o(i.HAL_SDADC_Start_IT), (30 bytes).
    Removing stm32f3xx_hal_sdadc.o(i.HAL_SDADC_Stop), (20 bytes).
    Removing stm32f3xx_hal_sdadc.o(i.HAL_SDADC_Stop_DMA), (56 bytes).
    Removing stm32f3xx_hal_sdadc.o(i.HAL_SDADC_Stop_IT), (30 bytes).
    Removing stm32f3xx_hal_sdadc.o(i.SDADC_DMARegularConvCplt), (10 bytes).
    Removing stm32f3xx_hal_sdadc.o(i.SDADC_DMARegularHalfConvCplt), (10 bytes).
    Removing stm32f3xx_hal_sdadc.o(i.SDADC_RegConvStart), (80 bytes).
    Removing stm32f3xx_hal_sdadc.o(i.SDADC_RegConvStop), (144 bytes).
    Removing stm32f3xx_hal_tim.o(.rev16_text), (4 bytes).
    Removing stm32f3xx_hal_tim.o(.revsh_text), (4 bytes).
    Removing stm32f3xx_hal_tim.o(.rrx_text), (6 bytes).
    Removing stm32f3xx_hal_tim_ex.o(.rev16_text), (4 bytes).
    Removing stm32f3xx_hal_tim_ex.o(.revsh_text), (4 bytes).
    Removing stm32f3xx_hal_tim_ex.o(.rrx_text), (6 bytes).
    Removing stm32f3xx_hal_uart.o(.rev16_text), (4 bytes).
    Removing stm32f3xx_hal_uart.o(.revsh_text), (4 bytes).
    Removing stm32f3xx_hal_uart.o(.rrx_text), (6 bytes).
    Removing stm32f3xx_hal_uart.o(i.HAL_HalfDuplex_EnableReceiver), (58 bytes).
    Removing stm32f3xx_hal_uart.o(i.HAL_HalfDuplex_EnableTransmitter), (58 bytes).
    Removing stm32f3xx_hal_uart.o(i.HAL_HalfDuplex_Init), (116 bytes).
    Removing stm32f3xx_hal_uart.o(i.HAL_LIN_Init), (140 bytes).
    Removing stm32f3xx_hal_uart.o(i.HAL_LIN_SendBreak), (46 bytes).
    Removing stm32f3xx_hal_uart.o(i.HAL_MultiProcessor_DisableMuteMode), (44 bytes).
    Removing stm32f3xx_hal_uart.o(i.HAL_MultiProcessor_EnableMuteMode), (44 bytes).
    Removing stm32f3xx_hal_uart.o(i.HAL_MultiProcessor_EnterMuteMode), (12 bytes).
    Removing stm32f3xx_hal_uart.o(i.HAL_MultiProcessor_Init), (138 bytes).
    Removing stm32f3xx_hal_uart.o(i.HAL_UART_Abort), (112 bytes).
    Removing stm32f3xx_hal_uart.o(i.HAL_UART_AbortCpltCallback), (2 bytes).
    Removing stm32f3xx_hal_uart.o(i.HAL_UART_AbortReceive), (76 bytes).
    Removing stm32f3xx_hal_uart.o(i.HAL_UART_AbortReceiveCpltCallback), (2 bytes).
    Removing stm32f3xx_hal_uart.o(i.HAL_UART_AbortReceive_IT), (108 bytes).
    Removing stm32f3xx_hal_uart.o(i.HAL_UART_AbortTransmit), (58 bytes).
    Removing stm32f3xx_hal_uart.o(i.HAL_UART_AbortTransmitCpltCallback), (2 bytes).
    Removing stm32f3xx_hal_uart.o(i.HAL_UART_AbortTransmit_IT), (84 bytes).
    Removing stm32f3xx_hal_uart.o(i.HAL_UART_Abort_IT), (180 bytes).
    Removing stm32f3xx_hal_uart.o(i.HAL_UART_DMAPause), (98 bytes).
    Removing stm32f3xx_hal_uart.o(i.HAL_UART_DMAResume), (92 bytes).
    Removing stm32f3xx_hal_uart.o(i.HAL_UART_DMAStop), (84 bytes).
    Removing stm32f3xx_hal_uart.o(i.HAL_UART_DeInit), (64 bytes).
    Removing stm32f3xx_hal_uart.o(i.HAL_UART_ErrorCallback), (2 bytes).
    Removing stm32f3xx_hal_uart.o(i.HAL_UART_GetError), (4 bytes).
    Removing stm32f3xx_hal_uart.o(i.HAL_UART_GetState), (10 bytes).
    Removing stm32f3xx_hal_uart.o(i.HAL_UART_IRQHandler), (320 bytes).
    Removing stm32f3xx_hal_uart.o(i.HAL_UART_MspDeInit), (2 bytes).
    Removing stm32f3xx_hal_uart.o(i.HAL_UART_MspInit), (2 bytes).
    Removing stm32f3xx_hal_uart.o(i.HAL_UART_Receive), (210 bytes).
    Removing stm32f3xx_hal_uart.o(i.HAL_UART_Receive_DMA), (144 bytes).
    Removing stm32f3xx_hal_uart.o(i.HAL_UART_Receive_IT), (122 bytes).
    Removing stm32f3xx_hal_uart.o(i.HAL_UART_RxCpltCallback), (2 bytes).
    Removing stm32f3xx_hal_uart.o(i.HAL_UART_RxHalfCpltCallback), (2 bytes).
    Removing stm32f3xx_hal_uart.o(i.HAL_UART_Transmit), (180 bytes).
    Removing stm32f3xx_hal_uart.o(i.HAL_UART_Transmit_DMA), (136 bytes).
    Removing stm32f3xx_hal_uart.o(i.HAL_UART_Transmit_IT), (62 bytes).
    Removing stm32f3xx_hal_uart.o(i.HAL_UART_TxCpltCallback), (2 bytes).
    Removing stm32f3xx_hal_uart.o(i.HAL_UART_TxHalfCpltCallback), (2 bytes).
    Removing stm32f3xx_hal_uart.o(i.UART_DMAAbortOnError), (20 bytes).
    Removing stm32f3xx_hal_uart.o(i.UART_DMAError), (74 bytes).
    Removing stm32f3xx_hal_uart.o(i.UART_DMAReceiveCplt), (62 bytes).
    Removing stm32f3xx_hal_uart.o(i.UART_DMARxAbortCallback), (52 bytes).
    Removing stm32f3xx_hal_uart.o(i.UART_DMARxHalfCplt), (10 bytes).
    Removing stm32f3xx_hal_uart.o(i.UART_DMARxOnlyAbortCallback), (28 bytes).
    Removing stm32f3xx_hal_uart.o(i.UART_DMATransmitCplt), (48 bytes).
    Removing stm32f3xx_hal_uart.o(i.UART_DMATxAbortCallback), (52 bytes).
    Removing stm32f3xx_hal_uart.o(i.UART_DMATxHalfCplt), (10 bytes).
    Removing stm32f3xx_hal_uart.o(i.UART_DMATxOnlyAbortCallback), (22 bytes).
    Removing stm32f3xx_hal_uart.o(i.UART_EndRxTransfer), (28 bytes).
    Removing stm32f3xx_hal_uart.o(i.UART_EndTransmit_IT), (26 bytes).
    Removing stm32f3xx_hal_uart.o(i.UART_EndTxTransfer), (18 bytes).
    Removing stm32f3xx_hal_uart.o(i.UART_Receive_IT), (118 bytes).
    Removing stm32f3xx_hal_uart.o(i.UART_Transmit_IT), (100 bytes).
    Removing stm32f3xx_hal_uart.o(i.UART_Wakeup_AddressConfig), (30 bytes).
    Removing stm32f3xx_hal_uart_ex.o(.rev16_text), (4 bytes).
    Removing stm32f3xx_hal_uart_ex.o(.revsh_text), (4 bytes).
    Removing stm32f3xx_hal_uart_ex.o(.rrx_text), (6 bytes).
    Removing stm32f3xx_hal_uart_ex.o(i.HAL_MultiProcessorEx_AddressLength_Set), (48 bytes).
    Removing stm32f3xx_hal_uart_ex.o(i.HAL_RS485Ex_Init), (140 bytes).
    Removing stm32f3xx_hal_uart_ex.o(i.HAL_UARTEx_DisableStopMode), (46 bytes).
    Removing stm32f3xx_hal_uart_ex.o(i.HAL_UARTEx_EnableStopMode), (46 bytes).
    Removing stm32f3xx_hal_uart_ex.o(i.HAL_UARTEx_StopModeWakeUpSourceConfig), (118 bytes).
    Removing stm32f3xx_hal_uart_ex.o(i.HAL_UARTEx_WakeupCallback), (2 bytes).
    Removing stm32f3xx_hal.o(.rev16_text), (4 bytes).
    Removing stm32f3xx_hal.o(.revsh_text), (4 bytes).
    Removing stm32f3xx_hal.o(.rrx_text), (6 bytes).
    Removing stm32f3xx_hal.o(i.HAL_DBGMCU_DisableDBGSleepMode), (16 bytes).
    Removing stm32f3xx_hal.o(i.HAL_DBGMCU_DisableDBGStandbyMode), (16 bytes).
    Removing stm32f3xx_hal.o(i.HAL_DBGMCU_DisableDBGStopMode), (16 bytes).
    Removing stm32f3xx_hal.o(i.HAL_DBGMCU_EnableDBGSleepMode), (16 bytes).
    Removing stm32f3xx_hal.o(i.HAL_DBGMCU_EnableDBGStandbyMode), (16 bytes).
    Removing stm32f3xx_hal.o(i.HAL_DBGMCU_EnableDBGStopMode), (16 bytes).
    Removing stm32f3xx_hal.o(i.HAL_DeInit), (36 bytes).
    Removing stm32f3xx_hal.o(i.HAL_GetDEVID), (16 bytes).
    Removing stm32f3xx_hal.o(i.HAL_GetHalVersion), (8 bytes).
    Removing stm32f3xx_hal.o(i.HAL_GetREVID), (12 bytes).
    Removing stm32f3xx_hal.o(i.HAL_GetTickFreq), (12 bytes).
    Removing stm32f3xx_hal.o(i.HAL_GetTickPrio), (12 bytes).
    Removing stm32f3xx_hal.o(i.HAL_GetUIDw0), (12 bytes).
    Removing stm32f3xx_hal.o(i.HAL_GetUIDw1), (12 bytes).
    Removing stm32f3xx_hal.o(i.HAL_GetUIDw2), (12 bytes).
    Removing stm32f3xx_hal.o(i.HAL_MspDeInit), (2 bytes).
    Removing stm32f3xx_hal.o(i.HAL_MspInit), (2 bytes).
    Removing stm32f3xx_hal.o(i.HAL_ResumeTick), (14 bytes).
    Removing stm32f3xx_hal.o(i.HAL_SetTickFreq), (28 bytes).
    Removing stm32f3xx_hal.o(i.HAL_SuspendTick), (14 bytes).
    Removing stm32f3xx_hal_rcc.o(.rev16_text), (4 bytes).
    Removing stm32f3xx_hal_rcc.o(.revsh_text), (4 bytes).
    Removing stm32f3xx_hal_rcc.o(.rrx_text), (6 bytes).
    Removing stm32f3xx_hal_rcc.o(i.HAL_RCC_CSSCallback), (2 bytes).
    Removing stm32f3xx_hal_rcc.o(i.HAL_RCC_DeInit), (216 bytes).
    Removing stm32f3xx_hal_rcc.o(i.HAL_RCC_DisableCSS), (28 bytes).
    Removing stm32f3xx_hal_rcc.o(i.HAL_RCC_EnableCSS), (24 bytes).
    Removing stm32f3xx_hal_rcc.o(i.HAL_RCC_GetClockConfig), (64 bytes).
    Removing stm32f3xx_hal_rcc.o(i.HAL_RCC_GetHCLKFreq), (12 bytes).
    Removing stm32f3xx_hal_rcc.o(i.HAL_RCC_GetOscConfig), (156 bytes).
    Removing stm32f3xx_hal_rcc.o(i.HAL_RCC_MCOConfig), (72 bytes).
    Removing stm32f3xx_hal_rcc.o(i.HAL_RCC_NMI_IRQHandler), (24 bytes).
    Removing stm32f3xx_hal_rcc_ex.o(.rev16_text), (4 bytes).
    Removing stm32f3xx_hal_rcc_ex.o(.revsh_text), (4 bytes).
    Removing stm32f3xx_hal_rcc_ex.o(.rrx_text), (6 bytes).
    Removing stm32f3xx_hal_rcc_ex.o(i.HAL_RCCEx_GetPeriphCLKConfig), (132 bytes).
    Removing stm32f3xx_hal_rcc_ex.o(i.HAL_RCCEx_GetPeriphCLKFreq), (428 bytes).
    Removing stm32f3xx_hal_rcc_ex.o(i.RCC_GetPLLCLKFreq), (60 bytes).
    Removing stm32f3xx_hal_gpio.o(.rev16_text), (4 bytes).
    Removing stm32f3xx_hal_gpio.o(.revsh_text), (4 bytes).
    Removing stm32f3xx_hal_gpio.o(.rrx_text), (6 bytes).
    Removing stm32f3xx_hal_gpio.o(i.HAL_GPIO_DeInit), (284 bytes).
    Removing stm32f3xx_hal_gpio.o(i.HAL_GPIO_EXTI_Callback), (2 bytes).
    Removing stm32f3xx_hal_gpio.o(i.HAL_GPIO_EXTI_IRQHandler), (24 bytes).
    Removing stm32f3xx_hal_gpio.o(i.HAL_GPIO_LockPin), (34 bytes).
    Removing stm32f3xx_hal_gpio.o(i.HAL_GPIO_ReadPin), (10 bytes).
    Removing stm32f3xx_hal_gpio.o(i.HAL_GPIO_TogglePin), (8 bytes).
    Removing stm32f3xx_hal_dma.o(.rev16_text), (4 bytes).
    Removing stm32f3xx_hal_dma.o(.revsh_text), (4 bytes).
    Removing stm32f3xx_hal_dma.o(.rrx_text), (6 bytes).
    Removing stm32f3xx_hal_dma.o(i.HAL_DMA_Abort_IT), (74 bytes).
    Removing stm32f3xx_hal_dma.o(i.HAL_DMA_DeInit), (78 bytes).
    Removing stm32f3xx_hal_dma.o(i.HAL_DMA_GetError), (4 bytes).
    Removing stm32f3xx_hal_dma.o(i.HAL_DMA_GetState), (6 bytes).
    Removing stm32f3xx_hal_dma.o(i.HAL_DMA_PollForTransfer), (206 bytes).
    Removing stm32f3xx_hal_dma.o(i.HAL_DMA_RegisterCallback), (74 bytes).
    Removing stm32f3xx_hal_dma.o(i.HAL_DMA_Start), (80 bytes).
    Removing stm32f3xx_hal_dma.o(i.HAL_DMA_UnRegisterCallback), (82 bytes).
    Removing stm32f3xx_hal_cortex.o(.rev16_text), (4 bytes).
    Removing stm32f3xx_hal_cortex.o(.revsh_text), (4 bytes).
    Removing stm32f3xx_hal_cortex.o(.rrx_text), (6 bytes).
    Removing stm32f3xx_hal_cortex.o(i.HAL_MPU_ConfigRegion), (84 bytes).
    Removing stm32f3xx_hal_cortex.o(i.HAL_MPU_Disable), (24 bytes).
    Removing stm32f3xx_hal_cortex.o(i.HAL_MPU_Enable), (28 bytes).
    Removing stm32f3xx_hal_cortex.o(i.HAL_NVIC_ClearPendingIRQ), (22 bytes).
    Removing stm32f3xx_hal_cortex.o(i.HAL_NVIC_DisableIRQ), (22 bytes).
    Removing stm32f3xx_hal_cortex.o(i.HAL_NVIC_GetActive), (32 bytes).
    Removing stm32f3xx_hal_cortex.o(i.HAL_NVIC_GetPendingIRQ), (32 bytes).
    Removing stm32f3xx_hal_cortex.o(i.HAL_NVIC_GetPriority), (82 bytes).
    Removing stm32f3xx_hal_cortex.o(i.HAL_NVIC_GetPriorityGrouping), (16 bytes).
    Removing stm32f3xx_hal_cortex.o(i.HAL_NVIC_SetPendingIRQ), (22 bytes).
    Removing stm32f3xx_hal_cortex.o(i.HAL_NVIC_SystemReset), (36 bytes).
    Removing stm32f3xx_hal_cortex.o(i.HAL_SYSTICK_CLKSourceConfig), (24 bytes).
    Removing stm32f3xx_hal_cortex.o(i.HAL_SYSTICK_Callback), (2 bytes).
    Removing stm32f3xx_hal_cortex.o(i.HAL_SYSTICK_IRQHandler), (8 bytes).
    Removing stm32f3xx_hal_pwr.o(.rev16_text), (4 bytes).
    Removing stm32f3xx_hal_pwr.o(.revsh_text), (4 bytes).
    Removing stm32f3xx_hal_pwr.o(.rrx_text), (6 bytes).
    Removing stm32f3xx_hal_pwr.o(i.HAL_PWR_DeInit), (24 bytes).
    Removing stm32f3xx_hal_pwr.o(i.HAL_PWR_DisableBkUpAccess), (16 bytes).
    Removing stm32f3xx_hal_pwr.o(i.HAL_PWR_DisableSEVOnPend), (16 bytes).
    Removing stm32f3xx_hal_pwr.o(i.HAL_PWR_DisableSleepOnExit), (16 bytes).
    Removing stm32f3xx_hal_pwr.o(i.HAL_PWR_DisableWakeUpPin), (16 bytes).
    Removing stm32f3xx_hal_pwr.o(i.HAL_PWR_EnableBkUpAccess), (16 bytes).
    Removing stm32f3xx_hal_pwr.o(i.HAL_PWR_EnableSEVOnPend), (16 bytes).
    Removing stm32f3xx_hal_pwr.o(i.HAL_PWR_EnableSleepOnExit), (16 bytes).
    Removing stm32f3xx_hal_pwr.o(i.HAL_PWR_EnableWakeUpPin), (16 bytes).
    Removing stm32f3xx_hal_pwr.o(i.HAL_PWR_EnterSLEEPMode), (32 bytes).
    Removing stm32f3xx_hal_pwr.o(i.HAL_PWR_EnterSTANDBYMode), (32 bytes).
    Removing stm32f3xx_hal_pwr.o(i.HAL_PWR_EnterSTOPMode), (56 bytes).
    Removing stm32f3xx_hal_pwr_ex.o(.rev16_text), (4 bytes).
    Removing stm32f3xx_hal_pwr_ex.o(.revsh_text), (4 bytes).
    Removing stm32f3xx_hal_pwr_ex.o(.rrx_text), (6 bytes).
    Removing stm32f3xx_hal_pwr_ex.o(i.HAL_PWREx_DisableSDADC), (16 bytes).
    Removing stm32f3xx_hal_pwr_ex.o(i.HAL_PWR_ConfigPVD), (124 bytes).
    Removing stm32f3xx_hal_pwr_ex.o(i.HAL_PWR_DisablePVD), (16 bytes).
    Removing stm32f3xx_hal_pwr_ex.o(i.HAL_PWR_EnablePVD), (16 bytes).
    Removing stm32f3xx_hal_pwr_ex.o(i.HAL_PWR_PVDCallback), (2 bytes).
    Removing stm32f3xx_hal_pwr_ex.o(i.HAL_PWR_PVD_IRQHandler), (28 bytes).
    Removing stm32f3xx_hal_flash.o(.rev16_text), (4 bytes).
    Removing stm32f3xx_hal_flash.o(.revsh_text), (4 bytes).
    Removing stm32f3xx_hal_flash.o(.rrx_text), (6 bytes).
    Removing stm32f3xx_hal_flash.o(i.FLASH_Program_HalfWord), (28 bytes).
    Removing stm32f3xx_hal_flash.o(i.FLASH_SetErrorCode), (52 bytes).
    Removing stm32f3xx_hal_flash.o(i.FLASH_WaitForLastOperation), (80 bytes).
    Removing stm32f3xx_hal_flash.o(i.HAL_FLASH_EndOfOperationCallback), (2 bytes).
    Removing stm32f3xx_hal_flash.o(i.HAL_FLASH_GetError), (12 bytes).
    Removing stm32f3xx_hal_flash.o(i.HAL_FLASH_IRQHandler), (264 bytes).
    Removing stm32f3xx_hal_flash.o(i.HAL_FLASH_Lock), (20 bytes).
    Removing stm32f3xx_hal_flash.o(i.HAL_FLASH_OB_Launch), (24 bytes).
    Removing stm32f3xx_hal_flash.o(i.HAL_FLASH_OB_Lock), (20 bytes).
    Removing stm32f3xx_hal_flash.o(i.HAL_FLASH_OB_Unlock), (36 bytes).
    Removing stm32f3xx_hal_flash.o(i.HAL_FLASH_OperationErrorCallback), (2 bytes).
    Removing stm32f3xx_hal_flash.o(i.HAL_FLASH_Program), (128 bytes).
    Removing stm32f3xx_hal_flash.o(i.HAL_FLASH_Program_IT), (100 bytes).
    Removing stm32f3xx_hal_flash.o(i.HAL_FLASH_Unlock), (40 bytes).
    Removing stm32f3xx_hal_flash.o(.bss), (32 bytes).
    Removing stm32f3xx_hal_flash_ex.o(.rev16_text), (4 bytes).
    Removing stm32f3xx_hal_flash_ex.o(.revsh_text), (4 bytes).
    Removing stm32f3xx_hal_flash_ex.o(.rrx_text), (6 bytes).
    Removing stm32f3xx_hal_flash_ex.o(i.FLASH_MassErase), (36 bytes).
    Removing stm32f3xx_hal_flash_ex.o(i.FLASH_OB_DisableWRP), (176 bytes).
    Removing stm32f3xx_hal_flash_ex.o(i.FLASH_OB_EnableWRP), (176 bytes).
    Removing stm32f3xx_hal_flash_ex.o(i.FLASH_OB_GetRDP), (32 bytes).
    Removing stm32f3xx_hal_flash_ex.o(i.FLASH_OB_RDP_LevelConfig), (100 bytes).
    Removing stm32f3xx_hal_flash_ex.o(i.FLASH_PageErase), (36 bytes).
    Removing stm32f3xx_hal_flash_ex.o(i.HAL_FLASHEx_Erase), (168 bytes).
    Removing stm32f3xx_hal_flash_ex.o(i.HAL_FLASHEx_Erase_IT), (84 bytes).
    Removing stm32f3xx_hal_flash_ex.o(i.HAL_FLASHEx_OBErase), (84 bytes).
    Removing stm32f3xx_hal_flash_ex.o(i.HAL_FLASHEx_OBGetConfig), (48 bytes).
    Removing stm32f3xx_hal_flash_ex.o(i.HAL_FLASHEx_OBGetUserData), (48 bytes).
    Removing stm32f3xx_hal_flash_ex.o(i.HAL_FLASHEx_OBProgram), (200 bytes).
    Removing stm32f3xx_hal_i2c.o(.rev16_text), (4 bytes).
    Removing stm32f3xx_hal_i2c.o(.revsh_text), (4 bytes).
    Removing stm32f3xx_hal_i2c.o(.rrx_text), (6 bytes).
    Removing stm32f3xx_hal_i2c.o(i.HAL_I2C_AbortCpltCallback), (2 bytes).
    Removing stm32f3xx_hal_i2c.o(i.HAL_I2C_AddrCallback), (2 bytes).
    Removing stm32f3xx_hal_i2c.o(i.HAL_I2C_DeInit), (50 bytes).
    Removing stm32f3xx_hal_i2c.o(i.HAL_I2C_DisableListen_IT), (54 bytes).
    Removing stm32f3xx_hal_i2c.o(i.HAL_I2C_ER_IRQHandler), (98 bytes).
    Removing stm32f3xx_hal_i2c.o(i.HAL_I2C_EV_IRQHandler), (16 bytes).
    Removing stm32f3xx_hal_i2c.o(i.HAL_I2C_EnableListen_IT), (40 bytes).
    Removing stm32f3xx_hal_i2c.o(i.HAL_I2C_ErrorCallback), (2 bytes).
    Removing stm32f3xx_hal_i2c.o(i.HAL_I2C_GetError), (4 bytes).
    Removing stm32f3xx_hal_i2c.o(i.HAL_I2C_GetMode), (6 bytes).
    Removing stm32f3xx_hal_i2c.o(i.HAL_I2C_GetState), (6 bytes).
    Removing stm32f3xx_hal_i2c.o(i.HAL_I2C_Init), (184 bytes).
    Removing stm32f3xx_hal_i2c.o(i.HAL_I2C_IsDeviceReady), (288 bytes).
    Removing stm32f3xx_hal_i2c.o(i.HAL_I2C_ListenCpltCallback), (2 bytes).
    Removing stm32f3xx_hal_i2c.o(i.HAL_I2C_MasterRxCpltCallback), (2 bytes).
    Removing stm32f3xx_hal_i2c.o(i.HAL_I2C_MasterTxCpltCallback), (2 bytes).
    Removing stm32f3xx_hal_i2c.o(i.HAL_I2C_Master_Abort_IT), (96 bytes).
    Removing stm32f3xx_hal_i2c.o(i.HAL_I2C_Master_Receive), (304 bytes).
    Removing stm32f3xx_hal_i2c.o(i.HAL_I2C_Master_Receive_DMA), (244 bytes).
    Removing stm32f3xx_hal_i2c.o(i.HAL_I2C_Master_Receive_IT), (136 bytes).
    Removing stm32f3xx_hal_i2c.o(i.HAL_I2C_Master_Sequential_Receive_IT), (128 bytes).
    Removing stm32f3xx_hal_i2c.o(i.HAL_I2C_Master_Sequential_Transmit_IT), (124 bytes).
    Removing stm32f3xx_hal_i2c.o(i.HAL_I2C_Master_Transmit), (300 bytes).
    Removing stm32f3xx_hal_i2c.o(i.HAL_I2C_Master_Transmit_DMA), (248 bytes).
    Removing stm32f3xx_hal_i2c.o(i.HAL_I2C_Master_Transmit_IT), (136 bytes).
    Removing stm32f3xx_hal_i2c.o(i.HAL_I2C_MemRxCpltCallback), (2 bytes).
    Removing stm32f3xx_hal_i2c.o(i.HAL_I2C_MemTxCpltCallback), (2 bytes).
    Removing stm32f3xx_hal_i2c.o(i.HAL_I2C_Mem_Read), (368 bytes).
    Removing stm32f3xx_hal_i2c.o(i.HAL_I2C_Mem_Read_DMA), (264 bytes).
    Removing stm32f3xx_hal_i2c.o(i.HAL_I2C_Mem_Read_IT), (204 bytes).
    Removing stm32f3xx_hal_i2c.o(i.HAL_I2C_Mem_Write), (360 bytes).
    Removing stm32f3xx_hal_i2c.o(i.HAL_I2C_Mem_Write_DMA), (260 bytes).
    Removing stm32f3xx_hal_i2c.o(i.HAL_I2C_Mem_Write_IT), (200 bytes).
    Removing stm32f3xx_hal_i2c.o(i.HAL_I2C_MspDeInit), (2 bytes).
    Removing stm32f3xx_hal_i2c.o(i.HAL_I2C_MspInit), (2 bytes).
    Removing stm32f3xx_hal_i2c.o(i.HAL_I2C_SlaveRxCpltCallback), (2 bytes).
    Removing stm32f3xx_hal_i2c.o(i.HAL_I2C_SlaveTxCpltCallback), (2 bytes).
    Removing stm32f3xx_hal_i2c.o(i.HAL_I2C_Slave_Receive), (314 bytes).
    Removing stm32f3xx_hal_i2c.o(i.HAL_I2C_Slave_Receive_DMA), (164 bytes).
    Removing stm32f3xx_hal_i2c.o(i.HAL_I2C_Slave_Receive_IT), (92 bytes).
    Removing stm32f3xx_hal_i2c.o(i.HAL_I2C_Slave_Sequential_Receive_IT), (152 bytes).
    Removing stm32f3xx_hal_i2c.o(i.HAL_I2C_Slave_Sequential_Transmit_IT), (152 bytes).
    Removing stm32f3xx_hal_i2c.o(i.HAL_I2C_Slave_Transmit), (314 bytes).
    Removing stm32f3xx_hal_i2c.o(i.HAL_I2C_Slave_Transmit_DMA), (156 bytes).
    Removing stm32f3xx_hal_i2c.o(i.HAL_I2C_Slave_Transmit_IT), (92 bytes).
    Removing stm32f3xx_hal_i2c.o(i.I2C_DMAAbort), (50 bytes).
    Removing stm32f3xx_hal_i2c.o(i.I2C_DMAError), (18 bytes).
    Removing stm32f3xx_hal_i2c.o(i.I2C_DMAMasterReceiveCplt), (66 bytes).
    Removing stm32f3xx_hal_i2c.o(i.I2C_DMAMasterTransmitCplt), (66 bytes).
    Removing stm32f3xx_hal_i2c.o(i.I2C_DMASlaveReceiveCplt), (2 bytes).
    Removing stm32f3xx_hal_i2c.o(i.I2C_DMASlaveTransmitCplt), (2 bytes).
    Removing stm32f3xx_hal_i2c.o(i.I2C_Disable_IRQ), (86 bytes).
    Removing stm32f3xx_hal_i2c.o(i.I2C_Enable_IRQ), (96 bytes).
    Removing stm32f3xx_hal_i2c.o(i.I2C_Flush_TXDR), (34 bytes).
    Removing stm32f3xx_hal_i2c.o(i.I2C_ITAddrCplt), (136 bytes).
    Removing stm32f3xx_hal_i2c.o(i.I2C_ITError), (224 bytes).
    Removing stm32f3xx_hal_i2c.o(i.I2C_ITListenCplt), (92 bytes).
    Removing stm32f3xx_hal_i2c.o(i.I2C_ITMasterCplt), (180 bytes).
    Removing stm32f3xx_hal_i2c.o(i.I2C_ITMasterSequentialCplt), (76 bytes).
    Removing stm32f3xx_hal_i2c.o(i.I2C_ITSlaveCplt), (240 bytes).
    Removing stm32f3xx_hal_i2c.o(i.I2C_ITSlaveSequentialCplt), (84 bytes).
    Removing stm32f3xx_hal_i2c.o(i.I2C_IsAcknowledgeFailed), (124 bytes).
    Removing stm32f3xx_hal_i2c.o(i.I2C_Master_ISR_DMA), (196 bytes).
    Removing stm32f3xx_hal_i2c.o(i.I2C_Master_ISR_IT), (288 bytes).
    Removing stm32f3xx_hal_i2c.o(i.I2C_RequestMemoryRead), (112 bytes).
    Removing stm32f3xx_hal_i2c.o(i.I2C_RequestMemoryWrite), (112 bytes).
    Removing stm32f3xx_hal_i2c.o(i.I2C_Slave_ISR_DMA), (106 bytes).
    Removing stm32f3xx_hal_i2c.o(i.I2C_Slave_ISR_IT), (272 bytes).
    Removing stm32f3xx_hal_i2c.o(i.I2C_TransferConfig), (44 bytes).
    Removing stm32f3xx_hal_i2c.o(i.I2C_WaitOnFlagUntilTimeout), (82 bytes).
    Removing stm32f3xx_hal_i2c.o(i.I2C_WaitOnRXNEFlagUntilTimeout), (136 bytes).
    Removing stm32f3xx_hal_i2c.o(i.I2C_WaitOnSTOPFlagUntilTimeout), (78 bytes).
    Removing stm32f3xx_hal_i2c.o(i.I2C_WaitOnTXISFlagUntilTimeout), (82 bytes).
    Removing stm32f3xx_hal_i2c_ex.o(.rev16_text), (4 bytes).
    Removing stm32f3xx_hal_i2c_ex.o(.revsh_text), (4 bytes).
    Removing stm32f3xx_hal_i2c_ex.o(.rrx_text), (6 bytes).
    Removing stm32f3xx_hal_i2c_ex.o(i.HAL_I2CEx_ConfigAnalogFilter), (86 bytes).
    Removing stm32f3xx_hal_i2c_ex.o(i.HAL_I2CEx_ConfigDigitalFilter), (82 bytes).
    Removing stm32f3xx_hal_i2c_ex.o(i.HAL_I2CEx_DisableFastModePlus), (40 bytes).
    Removing stm32f3xx_hal_i2c_ex.o(i.HAL_I2CEx_DisableWakeUp), (78 bytes).
    Removing stm32f3xx_hal_i2c_ex.o(i.HAL_I2CEx_EnableFastModePlus), (40 bytes).
    Removing stm32f3xx_hal_i2c_ex.o(i.HAL_I2CEx_EnableWakeUp), (78 bytes).
    Removing system_stm32f3xx.o(.rev16_text), (4 bytes).
    Removing system_stm32f3xx.o(.revsh_text), (4 bytes).
    Removing system_stm32f3xx.o(.rrx_text), (6 bytes).
    Removing system_stm32f3xx.o(i.SystemCoreClockUpdate), (112 bytes).

392 unused section(s) (total 23320 bytes) removed from the image.

==============================================================================

Image Symbol Table

    Local Symbols

    Symbol Name                              Value     Ov Type        Size  Object(Section)

    ../Drivers/STM32F3xx_HAL_Driver/Src/stm32f3xx_hal.c 0x00000000   Number         0  stm32f3xx_hal.o ABSOLUTE
    ../Drivers/STM32F3xx_HAL_Driver/Src/stm32f3xx_hal_adc.c 0x00000000   Number         0  stm32f3xx_hal_adc.o ABSOLUTE
    ../Drivers/STM32F3xx_HAL_Driver/Src/stm32f3xx_hal_adc_ex.c 0x00000000   Number         0  stm32f3xx_hal_adc_ex.o ABSOLUTE
    ../Drivers/STM32F3xx_HAL_Driver/Src/stm32f3xx_hal_cortex.c 0x00000000   Number         0  stm32f3xx_hal_cortex.o ABSOLUTE
    ../Drivers/STM32F3xx_HAL_Driver/Src/stm32f3xx_hal_dma.c 0x00000000   Number         0  stm32f3xx_hal_dma.o ABSOLUTE
    ../Drivers/STM32F3xx_HAL_Driver/Src/stm32f3xx_hal_flash.c 0x00000000   Number         0  stm32f3xx_hal_flash.o ABSOLUTE
    ../Drivers/STM32F3xx_HAL_Driver/Src/stm32f3xx_hal_flash_ex.c 0x00000000   Number         0  stm32f3xx_hal_flash_ex.o ABSOLUTE
    ../Drivers/STM32F3xx_HAL_Driver/Src/stm32f3xx_hal_gpio.c 0x00000000   Number         0  stm32f3xx_hal_gpio.o ABSOLUTE
    ../Drivers/STM32F3xx_HAL_Driver/Src/stm32f3xx_hal_i2c.c 0x00000000   Number         0  stm32f3xx_hal_i2c.o ABSOLUTE
    ../Drivers/STM32F3xx_HAL_Driver/Src/stm32f3xx_hal_i2c_ex.c 0x00000000   Number         0  stm32f3xx_hal_i2c_ex.o ABSOLUTE
    ../Drivers/STM32F3xx_HAL_Driver/Src/stm32f3xx_hal_pwr.c 0x00000000   Number         0  stm32f3xx_hal_pwr.o ABSOLUTE
    ../Drivers/STM32F3xx_HAL_Driver/Src/stm32f3xx_hal_pwr_ex.c 0x00000000   Number         0  stm32f3xx_hal_pwr_ex.o ABSOLUTE
    ../Drivers/STM32F3xx_HAL_Driver/Src/stm32f3xx_hal_rcc.c 0x00000000   Number         0  stm32f3xx_hal_rcc.o ABSOLUTE
    ../Drivers/STM32F3xx_HAL_Driver/Src/stm32f3xx_hal_rcc_ex.c 0x00000000   Number         0  stm32f3xx_hal_rcc_ex.o ABSOLUTE
    ../Drivers/STM32F3xx_HAL_Driver/Src/stm32f3xx_hal_sdadc.c 0x00000000   Number         0  stm32f3xx_hal_sdadc.o ABSOLUTE
    ../Drivers/STM32F3xx_HAL_Driver/Src/stm32f3xx_hal_tim.c 0x00000000   Number         0  stm32f3xx_hal_tim.o ABSOLUTE
    ../Drivers/STM32F3xx_HAL_Driver/Src/stm32f3xx_hal_tim_ex.c 0x00000000   Number         0  stm32f3xx_hal_tim_ex.o ABSOLUTE
    ../Drivers/STM32F3xx_HAL_Driver/Src/stm32f3xx_hal_uart.c 0x00000000   Number         0  stm32f3xx_hal_uart.o ABSOLUTE
    ../Drivers/STM32F3xx_HAL_Driver/Src/stm32f3xx_hal_uart_ex.c 0x00000000   Number         0  stm32f3xx_hal_uart_ex.o ABSOLUTE
    ../Src/main.c                            0x00000000   Number         0  main.o ABSOLUTE
    ../Src/stm32f3xx_hal_msp.c               0x00000000   Number         0  stm32f3xx_hal_msp.o ABSOLUTE
    ../Src/stm32f3xx_it.c                    0x00000000   Number         0  stm32f3xx_it.o ABSOLUTE
    ../Src/system_stm32f3xx.c                0x00000000   Number         0  system_stm32f3xx.o ABSOLUTE
    ../clib/microlib/init/entry.s            0x00000000   Number         0  entry11b.o ABSOLUTE
    ../clib/microlib/init/entry.s            0x00000000   Number         0  entry11a.o ABSOLUTE
    ../clib/microlib/init/entry.s            0x00000000   Number         0  entry10b.o ABSOLUTE
    ../clib/microlib/init/entry.s            0x00000000   Number         0  entry9b.o ABSOLUTE
    ../clib/microlib/init/entry.s            0x00000000   Number         0  entry5.o ABSOLUTE
    ../clib/microlib/init/entry.s            0x00000000   Number         0  entry10a.o ABSOLUTE
    ../clib/microlib/init/entry.s            0x00000000   Number         0  entry9a.o ABSOLUTE
    ../clib/microlib/init/entry.s            0x00000000   Number         0  entry8b.o ABSOLUTE
    ../clib/microlib/init/entry.s            0x00000000   Number         0  entry8a.o ABSOLUTE
    ../clib/microlib/init/entry.s            0x00000000   Number         0  entry7a.o ABSOLUTE
    ../clib/microlib/init/entry.s            0x00000000   Number         0  entry7b.o ABSOLUTE
    ../clib/microlib/init/entry.s            0x00000000   Number         0  entry2.o ABSOLUTE
    ../clib/microlib/init/entry.s            0x00000000   Number         0  entry.o ABSOLUTE
    ../clib/microlib/longlong.c              0x00000000   Number         0  llushr.o ABSOLUTE
    ../clib/microlib/string/memset.c         0x00000000   Number         0  memseta.o ABSOLUTE
    ..\Drivers\STM32F3xx_HAL_Driver\Src\stm32f3xx_hal.c 0x00000000   Number         0  stm32f3xx_hal.o ABSOLUTE
    ..\Drivers\STM32F3xx_HAL_Driver\Src\stm32f3xx_hal_adc.c 0x00000000   Number         0  stm32f3xx_hal_adc.o ABSOLUTE
    ..\Drivers\STM32F3xx_HAL_Driver\Src\stm32f3xx_hal_adc_ex.c 0x00000000   Number         0  stm32f3xx_hal_adc_ex.o ABSOLUTE
    ..\Drivers\STM32F3xx_HAL_Driver\Src\stm32f3xx_hal_cortex.c 0x00000000   Number         0  stm32f3xx_hal_cortex.o ABSOLUTE
    ..\Drivers\STM32F3xx_HAL_Driver\Src\stm32f3xx_hal_dma.c 0x00000000   Number         0  stm32f3xx_hal_dma.o ABSOLUTE
    ..\Drivers\STM32F3xx_HAL_Driver\Src\stm32f3xx_hal_flash.c 0x00000000   Number         0  stm32f3xx_hal_flash.o ABSOLUTE
    ..\Drivers\STM32F3xx_HAL_Driver\Src\stm32f3xx_hal_flash_ex.c 0x00000000   Number         0  stm32f3xx_hal_flash_ex.o ABSOLUTE
    ..\Drivers\STM32F3xx_HAL_Driver\Src\stm32f3xx_hal_gpio.c 0x00000000   Number         0  stm32f3xx_hal_gpio.o ABSOLUTE
    ..\Drivers\STM32F3xx_HAL_Driver\Src\stm32f3xx_hal_i2c.c 0x00000000   Number         0  stm32f3xx_hal_i2c.o ABSOLUTE
    ..\Drivers\STM32F3xx_HAL_Driver\Src\stm32f3xx_hal_i2c_ex.c 0x00000000   Number         0  stm32f3xx_hal_i2c_ex.o ABSOLUTE
    ..\Drivers\STM32F3xx_HAL_Driver\Src\stm32f3xx_hal_pwr.c 0x00000000   Number         0  stm32f3xx_hal_pwr.o ABSOLUTE
    ..\Drivers\STM32F3xx_HAL_Driver\Src\stm32f3xx_hal_pwr_ex.c 0x00000000   Number         0  stm32f3xx_hal_pwr_ex.o ABSOLUTE
    ..\Drivers\STM32F3xx_HAL_Driver\Src\stm32f3xx_hal_rcc.c 0x00000000   Number         0  stm32f3xx_hal_rcc.o ABSOLUTE
    ..\Drivers\STM32F3xx_HAL_Driver\Src\stm32f3xx_hal_rcc_ex.c 0x00000000   Number         0  stm32f3xx_hal_rcc_ex.o ABSOLUTE
    ..\Drivers\STM32F3xx_HAL_Driver\Src\stm32f3xx_hal_sdadc.c 0x00000000   Number         0  stm32f3xx_hal_sdadc.o ABSOLUTE
    ..\Drivers\STM32F3xx_HAL_Driver\Src\stm32f3xx_hal_tim.c 0x00000000   Number         0  stm32f3xx_hal_tim.o ABSOLUTE
    ..\Drivers\STM32F3xx_HAL_Driver\Src\stm32f3xx_hal_tim_ex.c 0x00000000   Number         0  stm32f3xx_hal_tim_ex.o ABSOLUTE
    ..\Drivers\STM32F3xx_HAL_Driver\Src\stm32f3xx_hal_uart.c 0x00000000   Number         0  stm32f3xx_hal_uart.o ABSOLUTE
    ..\Drivers\STM32F3xx_HAL_Driver\Src\stm32f3xx_hal_uart_ex.c 0x00000000   Number         0  stm32f3xx_hal_uart_ex.o ABSOLUTE
    ..\Src\main.c                            0x00000000   Number         0  main.o ABSOLUTE
    ..\Src\stm32f3xx_hal_msp.c               0x00000000   Number         0  stm32f3xx_hal_msp.o ABSOLUTE
    ..\Src\stm32f3xx_it.c                    0x00000000   Number         0  stm32f3xx_it.o ABSOLUTE
    ..\Src\system_stm32f3xx.c                0x00000000   Number         0  system_stm32f3xx.o ABSOLUTE
    dc.s                                     0x00000000   Number         0  dc.o ABSOLUTE
    handlers.s                               0x00000000   Number         0  handlers.o ABSOLUTE
    init.s                                   0x00000000   Number         0  init.o ABSOLUTE
    startup_stm32f373xc.s                    0x00000000   Number         0  startup_stm32f373xc.o ABSOLUTE
    RESET                                    0x08000000   Section      392  startup_stm32f373xc.o(RESET)
    .ARM.Collect$$$$00000000                 0x08000188   Section        0  entry.o(.ARM.Collect$$$$00000000)
    .ARM.Collect$$$$00000001                 0x08000188   Section        4  entry2.o(.ARM.Collect$$$$00000001)
    .ARM.Collect$$$$00000004                 0x0800018c   Section        4  entry5.o(.ARM.Collect$$$$00000004)
    .ARM.Collect$$$$00000008                 0x08000190   Section        0  entry7b.o(.ARM.Collect$$$$00000008)
    .ARM.Collect$$$$0000000A                 0x08000190   Section        0  entry8b.o(.ARM.Collect$$$$0000000A)
    .ARM.Collect$$$$0000000B                 0x08000190   Section        8  entry9a.o(.ARM.Collect$$$$0000000B)
    .ARM.Collect$$$$0000000D                 0x08000198   Section        0  entry10a.o(.ARM.Collect$$$$0000000D)
    .ARM.Collect$$$$0000000F                 0x08000198   Section        0  entry11a.o(.ARM.Collect$$$$0000000F)
    .ARM.Collect$$$$00002712                 0x08000198   Section        4  entry2.o(.ARM.Collect$$$$00002712)
    __lit__00000000                          0x08000198   Data           4  entry2.o(.ARM.Collect$$$$00002712)
    .text                                    0x0800019c   Section       36  startup_stm32f373xc.o(.text)
    $v0                                      0x0800019c   Number         0  startup_stm32f373xc.o(.text)
    .text                                    0x080001c0   Section        0  memseta.o(.text)
    .text                                    0x080001e4   Section       36  init.o(.text)
    i.ADC1_IRQHandler                        0x08000208   Section        0  stm32f3xx_it.o(i.ADC1_IRQHandler)
    i.ADC_ConversionStop_Disable             0x08000214   Section        0  stm32f3xx_hal_adc_ex.o(i.ADC_ConversionStop_Disable)
    ADC_ConversionStop_Disable               0x08000215   Thumb Code    76  stm32f3xx_hal_adc_ex.o(i.ADC_ConversionStop_Disable)
    i.ADC_Enable                             0x08000260   Section        0  stm32f3xx_hal_adc_ex.o(i.ADC_Enable)
    ADC_Enable                               0x08000261   Thumb Code   104  stm32f3xx_hal_adc_ex.o(i.ADC_Enable)
    i.BusFault_Handler                       0x080002d0   Section        0  stm32f3xx_it.o(i.BusFault_Handler)
    i.Calibration_process                    0x080002d4   Section        0  main.o(i.Calibration_process)
    Calibration_process                      0x080002d5   Thumb Code   104  main.o(i.Calibration_process)
    i.DMA2_Channel3_IRQHandler               0x08000344   Section        0  stm32f3xx_it.o(i.DMA2_Channel3_IRQHandler)
    i.DMA2_Channel4_IRQHandler               0x08000348   Section        0  main.o(i.DMA2_Channel4_IRQHandler)
    i.DMA_CalcBaseAndBitshift                0x080003e4   Section        0  stm32f3xx_hal_dma.o(i.DMA_CalcBaseAndBitshift)
    DMA_CalcBaseAndBitshift                  0x080003e5   Thumb Code    48  stm32f3xx_hal_dma.o(i.DMA_CalcBaseAndBitshift)
    i.DMA_SetConfig                          0x08000420   Section        0  stm32f3xx_hal_dma.o(i.DMA_SetConfig)
    DMA_SetConfig                            0x08000421   Thumb Code    42  stm32f3xx_hal_dma.o(i.DMA_SetConfig)
    i.DebugMon_Handler                       0x0800044a   Section        0  stm32f3xx_it.o(i.DebugMon_Handler)
    i.Error_Handler                          0x0800044c   Section        0  main.o(i.Error_Handler)
    i.HAL_ADCEx_Calibration_Start            0x08000458   Section        0  stm32f3xx_hal_adc_ex.o(i.HAL_ADCEx_Calibration_Start)
    i.HAL_ADCEx_InjectedConfigChannel        0x08000510   Section        0  stm32f3xx_hal_adc_ex.o(i.HAL_ADCEx_InjectedConfigChannel)
    i.HAL_ADCEx_InjectedConvCpltCallback     0x080006d4   Section        0  stm32f3xx_hal_adc_ex.o(i.HAL_ADCEx_InjectedConvCpltCallback)
    i.HAL_ADC_ConfigChannel                  0x080006d8   Section        0  stm32f3xx_hal_adc_ex.o(i.HAL_ADC_ConfigChannel)
    i.HAL_ADC_ConvCpltCallback               0x080007d0   Section        0  stm32f3xx_hal_adc.o(i.HAL_ADC_ConvCpltCallback)
    i.HAL_ADC_GetValue                       0x080007d2   Section        0  stm32f3xx_hal_adc_ex.o(i.HAL_ADC_GetValue)
    i.HAL_ADC_IRQHandler                     0x080007d8   Section        0  stm32f3xx_hal_adc_ex.o(i.HAL_ADC_IRQHandler)
    i.HAL_ADC_Init                           0x080008c0   Section        0  stm32f3xx_hal_adc_ex.o(i.HAL_ADC_Init)
    i.HAL_ADC_LevelOutOfWindowCallback       0x080009dc   Section        0  stm32f3xx_hal_adc.o(i.HAL_ADC_LevelOutOfWindowCallback)
    i.HAL_ADC_MspInit                        0x080009e0   Section        0  stm32f3xx_hal_msp.o(i.HAL_ADC_MspInit)
    i.HAL_ADC_PollForConversion              0x08000a4c   Section        0  stm32f3xx_hal_adc_ex.o(i.HAL_ADC_PollForConversion)
    i.HAL_ADC_Start                          0x08000b88   Section        0  stm32f3xx_hal_adc_ex.o(i.HAL_ADC_Start)
    i.HAL_DMA_Abort                          0x08000c0a   Section        0  stm32f3xx_hal_dma.o(i.HAL_DMA_Abort)
    i.HAL_DMA_IRQHandler                     0x08000c3a   Section        0  stm32f3xx_hal_dma.o(i.HAL_DMA_IRQHandler)
    i.HAL_DMA_Init                           0x08000ce2   Section        0  stm32f3xx_hal_dma.o(i.HAL_DMA_Init)
    i.HAL_DMA_Start_IT                       0x08000d30   Section        0  stm32f3xx_hal_dma.o(i.HAL_DMA_Start_IT)
    i.HAL_Delay                              0x08000da0   Section        0  stm32f3xx_hal.o(i.HAL_Delay)
    i.HAL_GPIO_Init                          0x08000dc4   Section        0  stm32f3xx_hal_gpio.o(i.HAL_GPIO_Init)
    i.HAL_GPIO_WritePin                      0x08000f4c   Section        0  stm32f3xx_hal_gpio.o(i.HAL_GPIO_WritePin)
    i.HAL_GetTick                            0x08000f58   Section        0  stm32f3xx_hal.o(i.HAL_GetTick)
    i.HAL_IncTick                            0x08000f64   Section        0  stm32f3xx_hal.o(i.HAL_IncTick)
    i.HAL_Init                               0x08000f74   Section        0  stm32f3xx_hal.o(i.HAL_Init)
    i.HAL_InitTick                           0x08000f98   Section        0  stm32f3xx_hal.o(i.HAL_InitTick)
    i.HAL_MspInit                            0x08000fd8   Section        0  stm32f3xx_hal_msp.o(i.HAL_MspInit)
    i.HAL_NVIC_EnableIRQ                     0x08001004   Section        0  stm32f3xx_hal_cortex.o(i.HAL_NVIC_EnableIRQ)
    i.HAL_NVIC_SetPriority                   0x0800101c   Section        0  stm32f3xx_hal_cortex.o(i.HAL_NVIC_SetPriority)
    i.HAL_NVIC_SetPriorityGrouping           0x0800105c   Section        0  stm32f3xx_hal_cortex.o(i.HAL_NVIC_SetPriorityGrouping)
    i.HAL_PWREx_EnableSDADC                  0x08001080   Section        0  stm32f3xx_hal_pwr_ex.o(i.HAL_PWREx_EnableSDADC)
    i.HAL_RCCEx_PeriphCLKConfig              0x080010a8   Section        0  stm32f3xx_hal_rcc_ex.o(i.HAL_RCCEx_PeriphCLKConfig)
    i.HAL_RCC_ClockConfig                    0x08001278   Section        0  stm32f3xx_hal_rcc.o(i.HAL_RCC_ClockConfig)
    i.HAL_RCC_GetPCLK1Freq                   0x080013bc   Section        0  stm32f3xx_hal_rcc.o(i.HAL_RCC_GetPCLK1Freq)
    i.HAL_RCC_GetPCLK2Freq                   0x080013ec   Section        0  stm32f3xx_hal_rcc.o(i.HAL_RCC_GetPCLK2Freq)
    i.HAL_RCC_GetSysClockFreq                0x0800141c   Section        0  stm32f3xx_hal_rcc.o(i.HAL_RCC_GetSysClockFreq)
    i.HAL_RCC_OscConfig                      0x08001480   Section        0  stm32f3xx_hal_rcc.o(i.HAL_RCC_OscConfig)
    i.HAL_SDADC_AssociateChannelConfig       0x08001a10   Section        0  stm32f3xx_hal_sdadc.o(i.HAL_SDADC_AssociateChannelConfig)
    i.HAL_SDADC_CalibrationCpltCallback      0x08001a74   Section        0  stm32f3xx_hal_sdadc.o(i.HAL_SDADC_CalibrationCpltCallback)
    i.HAL_SDADC_CalibrationStart             0x08001a76   Section        0  stm32f3xx_hal_sdadc.o(i.HAL_SDADC_CalibrationStart)
    i.HAL_SDADC_ConvCpltCallback             0x08001ac8   Section        0  stm32f3xx_hal_sdadc.o(i.HAL_SDADC_ConvCpltCallback)
    i.HAL_SDADC_ErrorCallback                0x08001aca   Section        0  stm32f3xx_hal_sdadc.o(i.HAL_SDADC_ErrorCallback)
    i.HAL_SDADC_IRQHandler                   0x08001acc   Section        0  stm32f3xx_hal_sdadc.o(i.HAL_SDADC_IRQHandler)
    i.HAL_SDADC_Init                         0x08001bb4   Section        0  stm32f3xx_hal_sdadc.o(i.HAL_SDADC_Init)
    i.HAL_SDADC_InjectedConfigChannel        0x08001c4c   Section        0  stm32f3xx_hal_sdadc.o(i.HAL_SDADC_InjectedConfigChannel)
    i.HAL_SDADC_InjectedConvCpltCallback     0x08001c94   Section        0  stm32f3xx_hal_sdadc.o(i.HAL_SDADC_InjectedConvCpltCallback)
    i.HAL_SDADC_InjectedConvHalfCpltCallback 0x08001c96   Section        0  stm32f3xx_hal_sdadc.o(i.HAL_SDADC_InjectedConvHalfCpltCallback)
    i.HAL_SDADC_InjectedStart_DMA            0x08001c98   Section        0  stm32f3xx_hal_sdadc.o(i.HAL_SDADC_InjectedStart_DMA)
    i.HAL_SDADC_InjectedStop_DMA             0x08001d24   Section        0  stm32f3xx_hal_sdadc.o(i.HAL_SDADC_InjectedStop_DMA)
    i.HAL_SDADC_MspInit                      0x08001d5c   Section        0  stm32f3xx_hal_msp.o(i.HAL_SDADC_MspInit)
    i.HAL_SDADC_PollForCalibEvent            0x08001dfc   Section        0  stm32f3xx_hal_sdadc.o(i.HAL_SDADC_PollForCalibEvent)
    i.HAL_SDADC_PrepareChannelConfig         0x08001e46   Section        0  stm32f3xx_hal_sdadc.o(i.HAL_SDADC_PrepareChannelConfig)
    i.HAL_SDADC_SelectInjectedDelay          0x08001e96   Section        0  stm32f3xx_hal_sdadc.o(i.HAL_SDADC_SelectInjectedDelay)
    i.HAL_SDADC_SelectInjectedTrigger        0x08001ed8   Section        0  stm32f3xx_hal_sdadc.o(i.HAL_SDADC_SelectInjectedTrigger)
    i.HAL_SYSTICK_Config                     0x08001f08   Section        0  stm32f3xx_hal_cortex.o(i.HAL_SYSTICK_Config)
    i.HAL_UART_Init                          0x08001f30   Section        0  stm32f3xx_hal_uart.o(i.HAL_UART_Init)
    i.HAL_UART_MspInit                       0x08001f9c   Section        0  stm32f3xx_hal_msp.o(i.HAL_UART_MspInit)
    i.HardFault_Handler                      0x0800201c   Section        0  stm32f3xx_it.o(i.HardFault_Handler)
    i.MX_ADC1_Init                           0x08002020   Section        0  main.o(i.MX_ADC1_Init)
    MX_ADC1_Init                             0x08002021   Thumb Code   112  main.o(i.MX_ADC1_Init)
    i.MX_GPIO_Init                           0x08002098   Section        0  main.o(i.MX_GPIO_Init)
    MX_GPIO_Init                             0x08002099   Thumb Code   118  main.o(i.MX_GPIO_Init)
    i.MX_SDADC2_Init                         0x08002114   Section        0  main.o(i.MX_SDADC2_Init)
    MX_SDADC2_Init                           0x08002115   Thumb Code   136  main.o(i.MX_SDADC2_Init)
    i.MX_USART2_UART_Init                    0x080021a8   Section        0  main.o(i.MX_USART2_UART_Init)
    MX_USART2_UART_Init                      0x080021a9   Thumb Code    52  main.o(i.MX_USART2_UART_Init)
    i.MemManage_Handler                      0x080021e4   Section        0  stm32f3xx_it.o(i.MemManage_Handler)
    i.NMI_Handler                            0x080021e6   Section        0  stm32f3xx_it.o(i.NMI_Handler)
    i.NVIC_SetPriority                       0x080021e8   Section        0  stm32f3xx_hal_cortex.o(i.NVIC_SetPriority)
    NVIC_SetPriority                         0x080021e9   Thumb Code    32  stm32f3xx_hal_cortex.o(i.NVIC_SetPriority)
    i.PendSV_Handler                         0x08002208   Section        0  stm32f3xx_it.o(i.PendSV_Handler)
    i.Rotation_L                             0x0800220c   Section        0  main.o(i.Rotation_L)
    Rotation_L                               0x0800220d   Thumb Code   110  main.o(i.Rotation_L)
    i.Rotation_R                             0x08002284   Section        0  main.o(i.Rotation_R)
    Rotation_R                               0x08002285   Thumb Code   110  main.o(i.Rotation_R)
    i.SDADC2_IRQHandler                      0x080022fc   Section        0  stm32f3xx_it.o(i.SDADC2_IRQHandler)
    i.SDADC_DMAError                         0x08002308   Section        0  stm32f3xx_hal_sdadc.o(i.SDADC_DMAError)
    SDADC_DMAError                           0x08002309   Thumb Code    14  stm32f3xx_hal_sdadc.o(i.SDADC_DMAError)
    i.SDADC_DMAInjectedConvCplt              0x08002316   Section        0  stm32f3xx_hal_sdadc.o(i.SDADC_DMAInjectedConvCplt)
    SDADC_DMAInjectedConvCplt                0x08002317   Thumb Code    10  stm32f3xx_hal_sdadc.o(i.SDADC_DMAInjectedConvCplt)
    i.SDADC_DMAInjectedHalfConvCplt          0x08002320   Section        0  stm32f3xx_hal_sdadc.o(i.SDADC_DMAInjectedHalfConvCplt)
    SDADC_DMAInjectedHalfConvCplt            0x08002321   Thumb Code    10  stm32f3xx_hal_sdadc.o(i.SDADC_DMAInjectedHalfConvCplt)
    i.SDADC_EnterInitMode                    0x0800232c   Section        0  stm32f3xx_hal_sdadc.o(i.SDADC_EnterInitMode)
    SDADC_EnterInitMode                      0x0800232d   Thumb Code    50  stm32f3xx_hal_sdadc.o(i.SDADC_EnterInitMode)
    i.SDADC_ExitInitMode                     0x0800235e   Section        0  stm32f3xx_hal_sdadc.o(i.SDADC_ExitInitMode)
    SDADC_ExitInitMode                       0x0800235f   Thumb Code    12  stm32f3xx_hal_sdadc.o(i.SDADC_ExitInitMode)
    i.SDADC_InjConvStart                     0x0800236a   Section        0  stm32f3xx_hal_sdadc.o(i.SDADC_InjConvStart)
    SDADC_InjConvStart                       0x0800236b   Thumb Code    98  stm32f3xx_hal_sdadc.o(i.SDADC_InjConvStart)
    i.SDADC_InjConvStop                      0x080023cc   Section        0  stm32f3xx_hal_sdadc.o(i.SDADC_InjConvStop)
    SDADC_InjConvStop                        0x080023cd   Thumb Code   160  stm32f3xx_hal_sdadc.o(i.SDADC_InjConvStop)
    i.SVC_Handler                            0x0800246c   Section        0  stm32f3xx_it.o(i.SVC_Handler)
    i.SysTick_Handler                        0x0800246e   Section        0  stm32f3xx_it.o(i.SysTick_Handler)
    i.SystemClock_Config                     0x08002472   Section        0  main.o(i.SystemClock_Config)
    i.SystemInit                             0x080024f8   Section        0  system_stm32f3xx.o(i.SystemInit)
    i.UART_AdvFeatureConfig                  0x08002560   Section        0  stm32f3xx_hal_uart.o(i.UART_AdvFeatureConfig)
    i.UART_CheckIdleState                    0x08002628   Section        0  stm32f3xx_hal_uart.o(i.UART_CheckIdleState)
    i.UART_SetConfig                         0x08002684   Section        0  stm32f3xx_hal_uart.o(i.UART_SetConfig)
    i.UART_WaitOnFlagUntilTimeout            0x0800280c   Section        0  stm32f3xx_hal_uart.o(i.UART_WaitOnFlagUntilTimeout)
    i.UsageFault_Handler                     0x08002870   Section        0  stm32f3xx_it.o(i.UsageFault_Handler)
    i.__scatterload_copy                     0x08002872   Section       14  handlers.o(i.__scatterload_copy)
    i.__scatterload_null                     0x08002880   Section        2  handlers.o(i.__scatterload_null)
    i.__scatterload_zeroinit                 0x08002882   Section       14  handlers.o(i.__scatterload_zeroinit)
    i.main                                   0x08002890   Section        0  main.o(i.main)
    .constdata                               0x080029c0   Section     1536  main.o(.constdata)
    .constdata                               0x08002fc0   Section       32  stm32f3xx_hal_rcc.o(.constdata)
    .constdata                               0x08002fe0   Section       16  system_stm32f3xx.o(.constdata)
    .constdata                               0x08002ff0   Section        8  system_stm32f3xx.o(.constdata)
    .data                                    0x20000000   Section       28  main.o(.data)
    Pt_value                                 0x2000000c   Data           4  main.o(.data)
    Pt_value                                 0x20000010   Data           4  main.o(.data)
    Pt_value                                 0x20000014   Data           4  main.o(.data)
    .data                                    0x2000001c   Section       12  stm32f3xx_hal.o(.data)
    .data                                    0x20000028   Section        4  system_stm32f3xx.o(.data)
    .bss                                     0x2000002c   Section     2344  main.o(.bss)
    STACK                                    0x20000958   Section     1024  startup_stm32f373xc.o(STACK)

    Global Symbols

    Symbol Name                              Value     Ov Type        Size  Object(Section)

    BuildAttributes$$THM_ISAv4$E$P$D$K$B$S$7EM$VFPi3$EXTD16$VFPS$VFMA$PE$A:L22UL41UL21$X:L11$S22US41US21$IEEE1$IW$USESV6$~STKCKD$USESV7$~SHL$OSPACE$EBA8$MICROLIB$REQ8$PRES8$EABIv2 0x00000000   Number         0  anon$$obj.o ABSOLUTE
    __ARM_use_no_argv                        0x00000000   Number         0  main.o ABSOLUTE
    __cpp_initialize__aeabi_                  - Undefined Weak Reference
    __cxa_finalize                            - Undefined Weak Reference
    __decompress                              - Undefined Weak Reference
    _clock_init                               - Undefined Weak Reference
    _microlib_exit                            - Undefined Weak Reference
    __Vectors_Size                           0x00000188   Number         0  startup_stm32f373xc.o ABSOLUTE
    __Vectors                                0x08000000   Data           4  startup_stm32f373xc.o(RESET)
    __Vectors_End                            0x08000188   Data           0  startup_stm32f373xc.o(RESET)
    __main                                   0x08000189   Thumb Code     0  entry.o(.ARM.Collect$$$$00000000)
    _main_stk                                0x08000189   Thumb Code     0  entry2.o(.ARM.Collect$$$$00000001)
    _main_scatterload                        0x0800018d   Thumb Code     0  entry5.o(.ARM.Collect$$$$00000004)
    __main_after_scatterload                 0x08000191   Thumb Code     0  entry5.o(.ARM.Collect$$$$00000004)
    _main_clock                              0x08000191   Thumb Code     0  entry7b.o(.ARM.Collect$$$$00000008)
    _main_cpp_init                           0x08000191   Thumb Code     0  entry8b.o(.ARM.Collect$$$$0000000A)
    _main_init                               0x08000191   Thumb Code     0  entry9a.o(.ARM.Collect$$$$0000000B)
    __rt_final_cpp                           0x08000199   Thumb Code     0  entry10a.o(.ARM.Collect$$$$0000000D)
    __rt_final_exit                          0x08000199   Thumb Code     0  entry11a.o(.ARM.Collect$$$$0000000F)
    Reset_Handler                            0x0800019d   Thumb Code     8  startup_stm32f373xc.o(.text)
    CAN_RX0_IRQHandler                       0x080001b7   Thumb Code     0  startup_stm32f373xc.o(.text)
    CAN_RX1_IRQHandler                       0x080001b7   Thumb Code     0  startup_stm32f373xc.o(.text)
    CAN_SCE_IRQHandler                       0x080001b7   Thumb Code     0  startup_stm32f373xc.o(.text)
    CAN_TX_IRQHandler                        0x080001b7   Thumb Code     0  startup_stm32f373xc.o(.text)
    CEC_IRQHandler                           0x080001b7   Thumb Code     0  startup_stm32f373xc.o(.text)
    COMP1_2_IRQHandler                       0x080001b7   Thumb Code     0  startup_stm32f373xc.o(.text)
    DMA1_Channel1_IRQHandler                 0x080001b7   Thumb Code     0  startup_stm32f373xc.o(.text)
    DMA1_Channel2_IRQHandler                 0x080001b7   Thumb Code     0  startup_stm32f373xc.o(.text)
    DMA1_Channel3_IRQHandler                 0x080001b7   Thumb Code     0  startup_stm32f373xc.o(.text)
    DMA1_Channel4_IRQHandler                 0x080001b7   Thumb Code     0  startup_stm32f373xc.o(.text)
    DMA1_Channel5_IRQHandler                 0x080001b7   Thumb Code     0  startup_stm32f373xc.o(.text)
    DMA1_Channel6_IRQHandler                 0x080001b7   Thumb Code     0  startup_stm32f373xc.o(.text)
    DMA1_Channel7_IRQHandler                 0x080001b7   Thumb Code     0  startup_stm32f373xc.o(.text)
    DMA2_Channel1_IRQHandler                 0x080001b7   Thumb Code     0  startup_stm32f373xc.o(.text)
    DMA2_Channel2_IRQHandler                 0x080001b7   Thumb Code     0  startup_stm32f373xc.o(.text)
    DMA2_Channel5_IRQHandler                 0x080001b7   Thumb Code     0  startup_stm32f373xc.o(.text)
    EXTI0_IRQHandler                         0x080001b7   Thumb Code     0  startup_stm32f373xc.o(.text)
    EXTI15_10_IRQHandler                     0x080001b7   Thumb Code     0  startup_stm32f373xc.o(.text)
    EXTI1_IRQHandler                         0x080001b7   Thumb Code     0  startup_stm32f373xc.o(.text)
    EXTI2_TSC_IRQHandler                     0x080001b7   Thumb Code     0  startup_stm32f373xc.o(.text)
    EXTI3_IRQHandler                         0x080001b7   Thumb Code     0  startup_stm32f373xc.o(.text)
    EXTI4_IRQHandler                         0x080001b7   Thumb Code     0  startup_stm32f373xc.o(.text)
    EXTI9_5_IRQHandler                       0x080001b7   Thumb Code     0  startup_stm32f373xc.o(.text)
    FLASH_IRQHandler                         0x080001b7   Thumb Code     0  startup_stm32f373xc.o(.text)
    FPU_IRQHandler                           0x080001b7   Thumb Code     0  startup_stm32f373xc.o(.text)
    I2C1_ER_IRQHandler                       0x080001b7   Thumb Code     0  startup_stm32f373xc.o(.text)
    I2C1_EV_IRQHandler                       0x080001b7   Thumb Code     0  startup_stm32f373xc.o(.text)
    I2C2_ER_IRQHandler                       0x080001b7   Thumb Code     0  startup_stm32f373xc.o(.text)
    I2C2_EV_IRQHandler                       0x080001b7   Thumb Code     0  startup_stm32f373xc.o(.text)
    PVD_IRQHandler                           0x080001b7   Thumb Code     0  startup_stm32f373xc.o(.text)
    RCC_IRQHandler                           0x080001b7   Thumb Code     0  startup_stm32f373xc.o(.text)
    RTC_Alarm_IRQHandler                     0x080001b7   Thumb Code     0  startup_stm32f373xc.o(.text)
    RTC_WKUP_IRQHandler                      0x080001b7   Thumb Code     0  startup_stm32f373xc.o(.text)
    SDADC1_IRQHandler                        0x080001b7   Thumb Code     0  startup_stm32f373xc.o(.text)
    SDADC3_IRQHandler                        0x080001b7   Thumb Code     0  startup_stm32f373xc.o(.text)
    SPI1_IRQHandler                          0x080001b7   Thumb Code     0  startup_stm32f373xc.o(.text)
    SPI2_IRQHandler                          0x080001b7   Thumb Code     0  startup_stm32f373xc.o(.text)
    SPI3_IRQHandler                          0x080001b7   Thumb Code     0  startup_stm32f373xc.o(.text)
    TAMP_STAMP_IRQHandler                    0x080001b7   Thumb Code     0  startup_stm32f373xc.o(.text)
    TIM12_IRQHandler                         0x080001b7   Thumb Code     0  startup_stm32f373xc.o(.text)
    TIM13_IRQHandler                         0x080001b7   Thumb Code     0  startup_stm32f373xc.o(.text)
    TIM14_IRQHandler                         0x080001b7   Thumb Code     0  startup_stm32f373xc.o(.text)
    TIM15_IRQHandler                         0x080001b7   Thumb Code     0  startup_stm32f373xc.o(.text)
    TIM16_IRQHandler                         0x080001b7   Thumb Code     0  startup_stm32f373xc.o(.text)
    TIM17_IRQHandler                         0x080001b7   Thumb Code     0  startup_stm32f373xc.o(.text)
    TIM18_DAC2_IRQHandler                    0x080001b7   Thumb Code     0  startup_stm32f373xc.o(.text)
    TIM19_IRQHandler                         0x080001b7   Thumb Code     0  startup_stm32f373xc.o(.text)
    TIM2_IRQHandler                          0x080001b7   Thumb Code     0  startup_stm32f373xc.o(.text)
    TIM3_IRQHandler                          0x080001b7   Thumb Code     0  startup_stm32f373xc.o(.text)
    TIM4_IRQHandler                          0x080001b7   Thumb Code     0  startup_stm32f373xc.o(.text)
    TIM5_IRQHandler                          0x080001b7   Thumb Code     0  startup_stm32f373xc.o(.text)
    TIM6_DAC1_IRQHandler                     0x080001b7   Thumb Code     0  startup_stm32f373xc.o(.text)
    TIM7_IRQHandler                          0x080001b7   Thumb Code     0  startup_stm32f373xc.o(.text)
    USART1_IRQHandler                        0x080001b7   Thumb Code     0  startup_stm32f373xc.o(.text)
    USART2_IRQHandler                        0x080001b7   Thumb Code     0  startup_stm32f373xc.o(.text)
    USART3_IRQHandler                        0x080001b7   Thumb Code     0  startup_stm32f373xc.o(.text)
    USBWakeUp_IRQHandler                     0x080001b7   Thumb Code     0  startup_stm32f373xc.o(.text)
    USB_HP_IRQHandler                        0x080001b7   Thumb Code     0  startup_stm32f373xc.o(.text)
    USB_LP_IRQHandler                        0x080001b7   Thumb Code     0  startup_stm32f373xc.o(.text)
    WWDG_IRQHandler                          0x080001b7   Thumb Code     0  startup_stm32f373xc.o(.text)
    __aeabi_memset                           0x080001c1   Thumb Code    14  memseta.o(.text)
    __aeabi_memset4                          0x080001c1   Thumb Code     0  memseta.o(.text)
    __aeabi_memset8                          0x080001c1   Thumb Code     0  memseta.o(.text)
    __aeabi_memclr                           0x080001cf   Thumb Code     4  memseta.o(.text)
    __aeabi_memclr4                          0x080001cf   Thumb Code     0  memseta.o(.text)
    __aeabi_memclr8                          0x080001cf   Thumb Code     0  memseta.o(.text)
    _memset$wrapper                          0x080001d3   Thumb Code    18  memseta.o(.text)
    __scatterload                            0x080001e5   Thumb Code    28  init.o(.text)
    __scatterload_rt2                        0x080001e5   Thumb Code     0  init.o(.text)
    ADC1_IRQHandler                          0x08000209   Thumb Code     6  stm32f3xx_it.o(i.ADC1_IRQHandler)
    BusFault_Handler                         0x080002d1   Thumb Code     2  stm32f3xx_it.o(i.BusFault_Handler)
    DMA2_Channel3_IRQHandler                 0x08000345   Thumb Code     2  stm32f3xx_it.o(i.DMA2_Channel3_IRQHandler)
    DMA2_Channel4_IRQHandler                 0x08000349   Thumb Code   138  main.o(i.DMA2_Channel4_IRQHandler)
    DebugMon_Handler                         0x0800044b   Thumb Code     2  stm32f3xx_it.o(i.DebugMon_Handler)
    Error_Handler                            0x0800044d   Thumb Code    12  main.o(i.Error_Handler)
    HAL_ADCEx_Calibration_Start              0x08000459   Thumb Code   182  stm32f3xx_hal_adc_ex.o(i.HAL_ADCEx_Calibration_Start)
    HAL_ADCEx_InjectedConfigChannel          0x08000511   Thumb Code   440  stm32f3xx_hal_adc_ex.o(i.HAL_ADCEx_InjectedConfigChannel)
    HAL_ADCEx_InjectedConvCpltCallback       0x080006d5   Thumb Code     2  stm32f3xx_hal_adc_ex.o(i.HAL_ADCEx_InjectedConvCpltCallback)
    HAL_ADC_ConfigChannel                    0x080006d9   Thumb Code   234  stm32f3xx_hal_adc_ex.o(i.HAL_ADC_ConfigChannel)
    HAL_ADC_ConvCpltCallback                 0x080007d1   Thumb Code     2  stm32f3xx_hal_adc.o(i.HAL_ADC_ConvCpltCallback)
    HAL_ADC_GetValue                         0x080007d3   Thumb Code     6  stm32f3xx_hal_adc_ex.o(i.HAL_ADC_GetValue)
    HAL_ADC_IRQHandler                       0x080007d9   Thumb Code   230  stm32f3xx_hal_adc_ex.o(i.HAL_ADC_IRQHandler)
    HAL_ADC_Init                             0x080008c1   Thumb Code   272  stm32f3xx_hal_adc_ex.o(i.HAL_ADC_Init)
    HAL_ADC_LevelOutOfWindowCallback         0x080009dd   Thumb Code     2  stm32f3xx_hal_adc.o(i.HAL_ADC_LevelOutOfWindowCallback)
    HAL_ADC_MspInit                          0x080009e1   Thumb Code    98  stm32f3xx_hal_msp.o(i.HAL_ADC_MspInit)
    HAL_ADC_PollForConversion                0x08000a4d   Thumb Code   304  stm32f3xx_hal_adc_ex.o(i.HAL_ADC_PollForConversion)
    HAL_ADC_Start                            0x08000b89   Thumb Code   130  stm32f3xx_hal_adc_ex.o(i.HAL_ADC_Start)
    HAL_DMA_Abort                            0x08000c0b   Thumb Code    48  stm32f3xx_hal_dma.o(i.HAL_DMA_Abort)
    HAL_DMA_IRQHandler                       0x08000c3b   Thumb Code   168  stm32f3xx_hal_dma.o(i.HAL_DMA_IRQHandler)
    HAL_DMA_Init                             0x08000ce3   Thumb Code    78  stm32f3xx_hal_dma.o(i.HAL_DMA_Init)
    HAL_DMA_Start_IT                         0x08000d31   Thumb Code   112  stm32f3xx_hal_dma.o(i.HAL_DMA_Start_IT)
    HAL_Delay                                0x08000da1   Thumb Code    32  stm32f3xx_hal.o(i.HAL_Delay)
    HAL_GPIO_Init                            0x08000dc5   Thumb Code   364  stm32f3xx_hal_gpio.o(i.HAL_GPIO_Init)
    HAL_GPIO_WritePin                        0x08000f4d   Thumb Code    10  stm32f3xx_hal_gpio.o(i.HAL_GPIO_WritePin)
    HAL_GetTick                              0x08000f59   Thumb Code     6  stm32f3xx_hal.o(i.HAL_GetTick)
    HAL_IncTick                              0x08000f65   Thumb Code    12  stm32f3xx_hal.o(i.HAL_IncTick)
    HAL_Init                                 0x08000f75   Thumb Code    32  stm32f3xx_hal.o(i.HAL_Init)
    HAL_InitTick                             0x08000f99   Thumb Code    54  stm32f3xx_hal.o(i.HAL_InitTick)
    HAL_MspInit                              0x08000fd9   Thumb Code    38  stm32f3xx_hal_msp.o(i.HAL_MspInit)
    HAL_NVIC_EnableIRQ                       0x08001005   Thumb Code    22  stm32f3xx_hal_cortex.o(i.HAL_NVIC_EnableIRQ)
    HAL_NVIC_SetPriority                     0x0800101d   Thumb Code    60  stm32f3xx_hal_cortex.o(i.HAL_NVIC_SetPriority)
    HAL_NVIC_SetPriorityGrouping             0x0800105d   Thumb Code    26  stm32f3xx_hal_cortex.o(i.HAL_NVIC_SetPriorityGrouping)
    HAL_PWREx_EnableSDADC                    0x08001081   Thumb Code    30  stm32f3xx_hal_pwr_ex.o(i.HAL_PWREx_EnableSDADC)
    HAL_RCCEx_PeriphCLKConfig                0x080010a9   Thumb Code   450  stm32f3xx_hal_rcc_ex.o(i.HAL_RCCEx_PeriphCLKConfig)
    HAL_RCC_ClockConfig                      0x08001279   Thumb Code   306  stm32f3xx_hal_rcc.o(i.HAL_RCC_ClockConfig)
    HAL_RCC_GetPCLK1Freq                     0x080013bd   Thumb Code    34  stm32f3xx_hal_rcc.o(i.HAL_RCC_GetPCLK1Freq)
    HAL_RCC_GetPCLK2Freq                     0x080013ed   Thumb Code    34  stm32f3xx_hal_rcc.o(i.HAL_RCC_GetPCLK2Freq)
    HAL_RCC_GetSysClockFreq                  0x0800141d   Thumb Code    84  stm32f3xx_hal_rcc.o(i.HAL_RCC_GetSysClockFreq)
    HAL_RCC_OscConfig                        0x08001481   Thumb Code  1424  stm32f3xx_hal_rcc.o(i.HAL_RCC_OscConfig)
    HAL_SDADC_AssociateChannelConfig         0x08001a11   Thumb Code    96  stm32f3xx_hal_sdadc.o(i.HAL_SDADC_AssociateChannelConfig)
    HAL_SDADC_CalibrationCpltCallback        0x08001a75   Thumb Code     2  stm32f3xx_hal_sdadc.o(i.HAL_SDADC_CalibrationCpltCallback)
    HAL_SDADC_CalibrationStart               0x08001a77   Thumb Code    82  stm32f3xx_hal_sdadc.o(i.HAL_SDADC_CalibrationStart)
    HAL_SDADC_ConvCpltCallback               0x08001ac9   Thumb Code     2  stm32f3xx_hal_sdadc.o(i.HAL_SDADC_ConvCpltCallback)
    HAL_SDADC_ErrorCallback                  0x08001acb   Thumb Code     2  stm32f3xx_hal_sdadc.o(i.HAL_SDADC_ErrorCallback)
    HAL_SDADC_IRQHandler                     0x08001acd   Thumb Code   232  stm32f3xx_hal_sdadc.o(i.HAL_SDADC_IRQHandler)
    HAL_SDADC_Init                           0x08001bb5   Thumb Code   148  stm32f3xx_hal_sdadc.o(i.HAL_SDADC_Init)
    HAL_SDADC_InjectedConfigChannel          0x08001c4d   Thumb Code    72  stm32f3xx_hal_sdadc.o(i.HAL_SDADC_InjectedConfigChannel)
    HAL_SDADC_InjectedConvCpltCallback       0x08001c95   Thumb Code     2  stm32f3xx_hal_sdadc.o(i.HAL_SDADC_InjectedConvCpltCallback)
    HAL_SDADC_InjectedConvHalfCpltCallback   0x08001c97   Thumb Code     2  stm32f3xx_hal_sdadc.o(i.HAL_SDADC_InjectedConvHalfCpltCallback)
    HAL_SDADC_InjectedStart_DMA              0x08001c99   Thumb Code   126  stm32f3xx_hal_sdadc.o(i.HAL_SDADC_InjectedStart_DMA)
    HAL_SDADC_InjectedStop_DMA               0x08001d25   Thumb Code    56  stm32f3xx_hal_sdadc.o(i.HAL_SDADC_InjectedStop_DMA)
    HAL_SDADC_MspInit                        0x08001d5d   Thumb Code   140  stm32f3xx_hal_msp.o(i.HAL_SDADC_MspInit)
    HAL_SDADC_PollForCalibEvent              0x08001dfd   Thumb Code    74  stm32f3xx_hal_sdadc.o(i.HAL_SDADC_PollForCalibEvent)
    HAL_SDADC_PrepareChannelConfig           0x08001e47   Thumb Code    80  stm32f3xx_hal_sdadc.o(i.HAL_SDADC_PrepareChannelConfig)
    HAL_SDADC_SelectInjectedDelay            0x08001e97   Thumb Code    66  stm32f3xx_hal_sdadc.o(i.HAL_SDADC_SelectInjectedDelay)
    HAL_SDADC_SelectInjectedTrigger          0x08001ed9   Thumb Code    42  stm32f3xx_hal_sdadc.o(i.HAL_SDADC_SelectInjectedTrigger)
    HAL_SYSTICK_Config                       0x08001f09   Thumb Code    40  stm32f3xx_hal_cortex.o(i.HAL_SYSTICK_Config)
    HAL_UART_Init                            0x08001f31   Thumb Code   106  stm32f3xx_hal_uart.o(i.HAL_UART_Init)
    HAL_UART_MspInit                         0x08001f9d   Thumb Code   114  stm32f3xx_hal_msp.o(i.HAL_UART_MspInit)
    HardFault_Handler                        0x0800201d   Thumb Code     2  stm32f3xx_it.o(i.HardFault_Handler)
    MemManage_Handler                        0x080021e5   Thumb Code     2  stm32f3xx_it.o(i.MemManage_Handler)
    NMI_Handler                              0x080021e7   Thumb Code     2  stm32f3xx_it.o(i.NMI_Handler)
    PendSV_Handler                           0x08002209   Thumb Code     2  stm32f3xx_it.o(i.PendSV_Handler)
    SDADC2_IRQHandler                        0x080022fd   Thumb Code     6  stm32f3xx_it.o(i.SDADC2_IRQHandler)
    SVC_Handler                              0x0800246d   Thumb Code     2  stm32f3xx_it.o(i.SVC_Handler)
    SysTick_Handler                          0x0800246f   Thumb Code     4  stm32f3xx_it.o(i.SysTick_Handler)
    SystemClock_Config                       0x08002473   Thumb Code   134  main.o(i.SystemClock_Config)
    SystemInit                               0x080024f9   Thumb Code    82  system_stm32f3xx.o(i.SystemInit)
    UART_AdvFeatureConfig                    0x08002561   Thumb Code   200  stm32f3xx_hal_uart.o(i.UART_AdvFeatureConfig)
    UART_CheckIdleState                      0x08002629   Thumb Code    92  stm32f3xx_hal_uart.o(i.UART_CheckIdleState)
    UART_SetConfig                           0x08002685   Thumb Code   366  stm32f3xx_hal_uart.o(i.UART_SetConfig)
    UART_WaitOnFlagUntilTimeout              0x0800280d   Thumb Code   100  stm32f3xx_hal_uart.o(i.UART_WaitOnFlagUntilTimeout)
    UsageFault_Handler                       0x08002871   Thumb Code     2  stm32f3xx_it.o(i.UsageFault_Handler)
    __scatterload_copy                       0x08002873   Thumb Code    14  handlers.o(i.__scatterload_copy)
    __scatterload_null                       0x08002881   Thumb Code     2  handlers.o(i.__scatterload_null)
    __scatterload_zeroinit                   0x08002883   Thumb Code    14  handlers.o(i.__scatterload_zeroinit)
    main                                     0x08002891   Thumb Code   288  main.o(i.main)
    Degree_bar_tbl                           0x080029c0   Data         512  main.o(.constdata)
    SDADC_val_deg                            0x08002bc0   Data        1024  main.o(.constdata)
    aPLLMULFactorTable                       0x08002fc0   Data          16  stm32f3xx_hal_rcc.o(.constdata)
    aPredivFactorTable                       0x08002fd0   Data          16  stm32f3xx_hal_rcc.o(.constdata)
    AHBPrescTable                            0x08002fe0   Data          16  system_stm32f3xx.o(.constdata)
    APBPrescTable                            0x08002ff0   Data           8  system_stm32f3xx.o(.constdata)
    Region$$Table$$Base                      0x08002ff8   Number         0  anon$$obj.o(Region$$Table)
    Region$$Table$$Limit                     0x08003018   Number         0  anon$$obj.o(Region$$Table)
    SDADC_Value                              0x20000000   Data           4  main.o(.data)
    Pas_data                                 0x20000004   Data           4  main.o(.data)
    Position_Dir                             0x20000008   Data           4  main.o(.data)
    Pre_data                                 0x20000018   Data           4  main.o(.data)
    uwTickFreq                               0x2000001c   Data           1  stm32f3xx_hal.o(.data)
    uwTickPrio                               0x20000020   Data           4  stm32f3xx_hal.o(.data)
    uwTick                                   0x20000024   Data           4  stm32f3xx_hal.o(.data)
    SystemCoreClock                          0x20000028   Data           4  system_stm32f3xx.o(.data)
    hadc1                                    0x2000002c   Data          48  main.o(.bss)
    hsdadc2                                  0x2000005c   Data          68  main.o(.bss)
    hdma_sdadc2                              0x200000a0   Data          68  main.o(.bss)
    huart2                                   0x200000e4   Data         112  main.o(.bss)
    InjectedConvData_SDADC1                  0x20000154   Data        2048  main.o(.bss)
    __initial_sp                             0x20000d58   Data           0  startup_stm32f373xc.o(STACK)



==============================================================================

Memory Map of the image

  Image Entry point : 0x08000189

  Load Region LR_IROM1 (Base: 0x08000000, Size: 0x00003044, Max: 0x00040000, ABSOLUTE)

    Execution Region ER_IROM1 (Exec base: 0x08000000, Load base: 0x08000000, Size: 0x00003018, Max: 0x00040000, ABSOLUTE)

    Exec Addr    Load Addr    Size         Type   Attr      Idx    E Section Name        Object

    0x08000000   0x08000000   0x00000188   Data   RO            3    RESET               startup_stm32f373xc.o
    0x08000188   0x08000188   0x00000000   Code   RO         2974  * .ARM.Collect$$$$00000000  mc_w.l(entry.o)
    0x08000188   0x08000188   0x00000004   Code   RO         2981    .ARM.Collect$$$$00000001  mc_w.l(entry2.o)
    0x0800018c   0x0800018c   0x00000004   Code   RO         2984    .ARM.Collect$$$$00000004  mc_w.l(entry5.o)
    0x08000190   0x08000190   0x00000000   Code   RO         2986    .ARM.Collect$$$$00000008  mc_w.l(entry7b.o)
    0x08000190   0x08000190   0x00000000   Code   RO         2988    .ARM.Collect$$$$0000000A  mc_w.l(entry8b.o)
    0x08000190   0x08000190   0x00000008   Code   RO         2989    .ARM.Collect$$$$0000000B  mc_w.l(entry9a.o)
    0x08000198   0x08000198   0x00000000   Code   RO         2991    .ARM.Collect$$$$0000000D  mc_w.l(entry10a.o)
    0x08000198   0x08000198   0x00000000   Code   RO         2993    .ARM.Collect$$$$0000000F  mc_w.l(entry11a.o)
    0x08000198   0x08000198   0x00000004   Code   RO         2982    .ARM.Collect$$$$00002712  mc_w.l(entry2.o)
    0x0800019c   0x0800019c   0x00000024   Code   RO            4    .text               startup_stm32f373xc.o
    0x080001c0   0x080001c0   0x00000024   Code   RO         2979    .text               mc_w.l(memseta.o)
    0x080001e4   0x080001e4   0x00000024   Code   RO         2995    .text               mc_w.l(init.o)
    0x08000208   0x08000208   0x0000000c   Code   RO          201    i.ADC1_IRQHandler   stm32f3xx_it.o
    0x08000214   0x08000214   0x0000004c   Code   RO          506    i.ADC_ConversionStop_Disable  stm32f3xx_hal_adc_ex.o
    0x08000260   0x08000260   0x00000070   Code   RO          510    i.ADC_Enable        stm32f3xx_hal_adc_ex.o
    0x080002d0   0x080002d0   0x00000002   Code   RO          202    i.BusFault_Handler  stm32f3xx_it.o
    0x080002d2   0x080002d2   0x00000002   PAD
    0x080002d4   0x080002d4   0x00000070   Code   RO           13    i.Calibration_process  main.o
    0x08000344   0x08000344   0x00000002   Code   RO          203    i.DMA2_Channel3_IRQHandler  stm32f3xx_it.o
    0x08000346   0x08000346   0x00000002   PAD
    0x08000348   0x08000348   0x0000009c   Code   RO           14    i.DMA2_Channel4_IRQHandler  main.o
    0x080003e4   0x080003e4   0x0000003c   Code   RO         1884    i.DMA_CalcBaseAndBitshift  stm32f3xx_hal_dma.o
    0x08000420   0x08000420   0x0000002a   Code   RO         1885    i.DMA_SetConfig     stm32f3xx_hal_dma.o
    0x0800044a   0x0800044a   0x00000002   Code   RO          204    i.DebugMon_Handler  stm32f3xx_it.o
    0x0800044c   0x0800044c   0x0000000c   Code   RO           15    i.Error_Handler     main.o
    0x08000458   0x08000458   0x000000b6   Code   RO          511    i.HAL_ADCEx_Calibration_Start  stm32f3xx_hal_adc_ex.o
    0x0800050e   0x0800050e   0x00000002   PAD
    0x08000510   0x08000510   0x000001c4   Code   RO          512    i.HAL_ADCEx_InjectedConfigChannel  stm32f3xx_hal_adc_ex.o
    0x080006d4   0x080006d4   0x00000002   Code   RO          513    i.HAL_ADCEx_InjectedConvCpltCallback  stm32f3xx_hal_adc_ex.o
    0x080006d6   0x080006d6   0x00000002   PAD
    0x080006d8   0x080006d8   0x000000f8   Code   RO          521    i.HAL_ADC_ConfigChannel  stm32f3xx_hal_adc_ex.o
    0x080007d0   0x080007d0   0x00000002   Code   RO          358    i.HAL_ADC_ConvCpltCallback  stm32f3xx_hal_adc.o
    0x080007d2   0x080007d2   0x00000006   Code   RO          523    i.HAL_ADC_GetValue  stm32f3xx_hal_adc_ex.o
    0x080007d8   0x080007d8   0x000000e6   Code   RO          524    i.HAL_ADC_IRQHandler  stm32f3xx_hal_adc_ex.o
    0x080008be   0x080008be   0x00000002   PAD
    0x080008c0   0x080008c0   0x0000011c   Code   RO          525    i.HAL_ADC_Init      stm32f3xx_hal_adc_ex.o
    0x080009dc   0x080009dc   0x00000002   Code   RO          367    i.HAL_ADC_LevelOutOfWindowCallback  stm32f3xx_hal_adc.o
    0x080009de   0x080009de   0x00000002   PAD
    0x080009e0   0x080009e0   0x0000006c   Code   RO          296    i.HAL_ADC_MspInit   stm32f3xx_hal_msp.o
    0x08000a4c   0x08000a4c   0x0000013c   Code   RO          526    i.HAL_ADC_PollForConversion  stm32f3xx_hal_adc_ex.o
    0x08000b88   0x08000b88   0x00000082   Code   RO          528    i.HAL_ADC_Start     stm32f3xx_hal_adc_ex.o
    0x08000c0a   0x08000c0a   0x00000030   Code   RO         1886    i.HAL_DMA_Abort     stm32f3xx_hal_dma.o
    0x08000c3a   0x08000c3a   0x000000a8   Code   RO         1891    i.HAL_DMA_IRQHandler  stm32f3xx_hal_dma.o
    0x08000ce2   0x08000ce2   0x0000004e   Code   RO         1892    i.HAL_DMA_Init      stm32f3xx_hal_dma.o
    0x08000d30   0x08000d30   0x00000070   Code   RO         1896    i.HAL_DMA_Start_IT  stm32f3xx_hal_dma.o
    0x08000da0   0x08000da0   0x00000024   Code   RO         1505    i.HAL_Delay         stm32f3xx_hal.o
    0x08000dc4   0x08000dc4   0x00000188   Code   RO         1821    i.HAL_GPIO_Init     stm32f3xx_hal_gpio.o
    0x08000f4c   0x08000f4c   0x0000000a   Code   RO         1825    i.HAL_GPIO_WritePin  stm32f3xx_hal_gpio.o
    0x08000f56   0x08000f56   0x00000002   PAD
    0x08000f58   0x08000f58   0x0000000c   Code   RO         1509    i.HAL_GetTick       stm32f3xx_hal.o
    0x08000f64   0x08000f64   0x00000010   Code   RO         1515    i.HAL_IncTick       stm32f3xx_hal.o
    0x08000f74   0x08000f74   0x00000024   Code   RO         1516    i.HAL_Init          stm32f3xx_hal.o
    0x08000f98   0x08000f98   0x00000040   Code   RO         1517    i.HAL_InitTick      stm32f3xx_hal.o
    0x08000fd8   0x08000fd8   0x0000002c   Code   RO          297    i.HAL_MspInit       stm32f3xx_hal_msp.o
    0x08001004   0x08001004   0x00000016   Code   RO         1989    i.HAL_NVIC_EnableIRQ  stm32f3xx_hal_cortex.o
    0x0800101a   0x0800101a   0x00000002   PAD
    0x0800101c   0x0800101c   0x00000040   Code   RO         1995    i.HAL_NVIC_SetPriority  stm32f3xx_hal_cortex.o
    0x0800105c   0x0800105c   0x00000024   Code   RO         1996    i.HAL_NVIC_SetPriorityGrouping  stm32f3xx_hal_cortex.o
    0x08001080   0x08001080   0x00000028   Code   RO         2210    i.HAL_PWREx_EnableSDADC  stm32f3xx_hal_pwr_ex.o
    0x080010a8   0x080010a8   0x000001d0   Code   RO         1779    i.HAL_RCCEx_PeriphCLKConfig  stm32f3xx_hal_rcc_ex.o
    0x08001278   0x08001278   0x00000144   Code   RO         1673    i.HAL_RCC_ClockConfig  stm32f3xx_hal_rcc.o
    0x080013bc   0x080013bc   0x00000030   Code   RO         1680    i.HAL_RCC_GetPCLK1Freq  stm32f3xx_hal_rcc.o
    0x080013ec   0x080013ec   0x00000030   Code   RO         1681    i.HAL_RCC_GetPCLK2Freq  stm32f3xx_hal_rcc.o
    0x0800141c   0x0800141c   0x00000064   Code   RO         1682    i.HAL_RCC_GetSysClockFreq  stm32f3xx_hal_rcc.o
    0x08001480   0x08001480   0x00000590   Code   RO         1685    i.HAL_RCC_OscConfig  stm32f3xx_hal_rcc.o
    0x08001a10   0x08001a10   0x00000064   Code   RO          687    i.HAL_SDADC_AssociateChannelConfig  stm32f3xx_hal_sdadc.o
    0x08001a74   0x08001a74   0x00000002   Code   RO          688    i.HAL_SDADC_CalibrationCpltCallback  stm32f3xx_hal_sdadc.o
    0x08001a76   0x08001a76   0x00000052   Code   RO          689    i.HAL_SDADC_CalibrationStart  stm32f3xx_hal_sdadc.o
    0x08001ac8   0x08001ac8   0x00000002   Code   RO          692    i.HAL_SDADC_ConvCpltCallback  stm32f3xx_hal_sdadc.o
    0x08001aca   0x08001aca   0x00000002   Code   RO          695    i.HAL_SDADC_ErrorCallback  stm32f3xx_hal_sdadc.o
    0x08001acc   0x08001acc   0x000000e8   Code   RO          699    i.HAL_SDADC_IRQHandler  stm32f3xx_hal_sdadc.o
    0x08001bb4   0x08001bb4   0x00000098   Code   RO          700    i.HAL_SDADC_Init    stm32f3xx_hal_sdadc.o
    0x08001c4c   0x08001c4c   0x00000048   Code   RO          701    i.HAL_SDADC_InjectedConfigChannel  stm32f3xx_hal_sdadc.o
    0x08001c94   0x08001c94   0x00000002   Code   RO          702    i.HAL_SDADC_InjectedConvCpltCallback  stm32f3xx_hal_sdadc.o
    0x08001c96   0x08001c96   0x00000002   Code   RO          703    i.HAL_SDADC_InjectedConvHalfCpltCallback  stm32f3xx_hal_sdadc.o
    0x08001c98   0x08001c98   0x0000008c   Code   RO          710    i.HAL_SDADC_InjectedStart_DMA  stm32f3xx_hal_sdadc.o
    0x08001d24   0x08001d24   0x00000038   Code   RO          713    i.HAL_SDADC_InjectedStop_DMA  stm32f3xx_hal_sdadc.o
    0x08001d5c   0x08001d5c   0x000000a0   Code   RO          299    i.HAL_SDADC_MspInit  stm32f3xx_hal_msp.o
    0x08001dfc   0x08001dfc   0x0000004a   Code   RO          721    i.HAL_SDADC_PollForCalibEvent  stm32f3xx_hal_sdadc.o
    0x08001e46   0x08001e46   0x00000050   Code   RO          724    i.HAL_SDADC_PrepareChannelConfig  stm32f3xx_hal_sdadc.o
    0x08001e96   0x08001e96   0x00000042   Code   RO          725    i.HAL_SDADC_SelectInjectedDelay  stm32f3xx_hal_sdadc.o
    0x08001ed8   0x08001ed8   0x00000030   Code   RO          727    i.HAL_SDADC_SelectInjectedTrigger  stm32f3xx_hal_sdadc.o
    0x08001f08   0x08001f08   0x00000028   Code   RO         2000    i.HAL_SYSTICK_Config  stm32f3xx_hal_cortex.o
    0x08001f30   0x08001f30   0x0000006a   Code   RO         1110    i.HAL_UART_Init     stm32f3xx_hal_uart.o
    0x08001f9a   0x08001f9a   0x00000002   PAD
    0x08001f9c   0x08001f9c   0x00000080   Code   RO          301    i.HAL_UART_MspInit  stm32f3xx_hal_msp.o
    0x0800201c   0x0800201c   0x00000002   Code   RO          205    i.HardFault_Handler  stm32f3xx_it.o
    0x0800201e   0x0800201e   0x00000002   PAD
    0x08002020   0x08002020   0x00000078   Code   RO           16    i.MX_ADC1_Init      main.o
    0x08002098   0x08002098   0x0000007c   Code   RO           17    i.MX_GPIO_Init      main.o
    0x08002114   0x08002114   0x00000094   Code   RO           18    i.MX_SDADC2_Init    main.o
    0x080021a8   0x080021a8   0x0000003c   Code   RO           19    i.MX_USART2_UART_Init  main.o
    0x080021e4   0x080021e4   0x00000002   Code   RO          206    i.MemManage_Handler  stm32f3xx_it.o
    0x080021e6   0x080021e6   0x00000002   Code   RO          207    i.NMI_Handler       stm32f3xx_it.o
    0x080021e8   0x080021e8   0x00000020   Code   RO         2002    i.NVIC_SetPriority  stm32f3xx_hal_cortex.o
    0x08002208   0x08002208   0x00000002   Code   RO          208    i.PendSV_Handler    stm32f3xx_it.o
    0x0800220a   0x0800220a   0x00000002   PAD
    0x0800220c   0x0800220c   0x00000078   Code   RO           20    i.Rotation_L        main.o
    0x08002284   0x08002284   0x00000078   Code   RO           21    i.Rotation_R        main.o
    0x080022fc   0x080022fc   0x0000000c   Code   RO          209    i.SDADC2_IRQHandler  stm32f3xx_it.o
    0x08002308   0x08002308   0x0000000e   Code   RO          735    i.SDADC_DMAError    stm32f3xx_hal_sdadc.o
    0x08002316   0x08002316   0x0000000a   Code   RO          736    i.SDADC_DMAInjectedConvCplt  stm32f3xx_hal_sdadc.o
    0x08002320   0x08002320   0x0000000a   Code   RO          737    i.SDADC_DMAInjectedHalfConvCplt  stm32f3xx_hal_sdadc.o
    0x0800232a   0x0800232a   0x00000002   PAD
    0x0800232c   0x0800232c   0x00000032   Code   RO          740    i.SDADC_EnterInitMode  stm32f3xx_hal_sdadc.o
    0x0800235e   0x0800235e   0x0000000c   Code   RO          741    i.SDADC_ExitInitMode  stm32f3xx_hal_sdadc.o
    0x0800236a   0x0800236a   0x00000062   Code   RO          742    i.SDADC_InjConvStart  stm32f3xx_hal_sdadc.o
    0x080023cc   0x080023cc   0x000000a0   Code   RO          743    i.SDADC_InjConvStop  stm32f3xx_hal_sdadc.o
    0x0800246c   0x0800246c   0x00000002   Code   RO          210    i.SVC_Handler       stm32f3xx_it.o
    0x0800246e   0x0800246e   0x00000004   Code   RO          211    i.SysTick_Handler   stm32f3xx_it.o
    0x08002472   0x08002472   0x00000086   Code   RO           22    i.SystemClock_Config  main.o
    0x080024f8   0x080024f8   0x00000068   Code   RO         2940    i.SystemInit        system_stm32f3xx.o
    0x08002560   0x08002560   0x000000c8   Code   RO         1123    i.UART_AdvFeatureConfig  stm32f3xx_hal_uart.o
    0x08002628   0x08002628   0x0000005c   Code   RO         1124    i.UART_CheckIdleState  stm32f3xx_hal_uart.o
    0x08002684   0x08002684   0x00000188   Code   RO         1139    i.UART_SetConfig    stm32f3xx_hal_uart.o
    0x0800280c   0x0800280c   0x00000064   Code   RO         1141    i.UART_WaitOnFlagUntilTimeout  stm32f3xx_hal_uart.o
    0x08002870   0x08002870   0x00000002   Code   RO          212    i.UsageFault_Handler  stm32f3xx_it.o
    0x08002872   0x08002872   0x0000000e   Code   RO         2999    i.__scatterload_copy  mc_w.l(handlers.o)
    0x08002880   0x08002880   0x00000002   Code   RO         3000    i.__scatterload_null  mc_w.l(handlers.o)
    0x08002882   0x08002882   0x0000000e   Code   RO         3001    i.__scatterload_zeroinit  mc_w.l(handlers.o)
    0x08002890   0x08002890   0x00000130   Code   RO           23    i.main              main.o
    0x080029c0   0x080029c0   0x00000600   Data   RO           26    .constdata          main.o
    0x08002fc0   0x08002fc0   0x00000020   Data   RO         1686    .constdata          stm32f3xx_hal_rcc.o
    0x08002fe0   0x08002fe0   0x00000010   Data   RO         2941    .constdata          system_stm32f3xx.o
    0x08002ff0   0x08002ff0   0x00000008   Data   RO         2942    .constdata          system_stm32f3xx.o
    0x08002ff8   0x08002ff8   0x00000020   Data   RO         2997    Region$$Table       anon$$obj.o


    Execution Region RW_IRAM1 (Exec base: 0x20000000, Load base: 0x08003018, Size: 0x00000d58, Max: 0x00008000, ABSOLUTE)

    Exec Addr    Load Addr    Size         Type   Attr      Idx    E Section Name        Object

    0x20000000   0x08003018   0x0000001c   Data   RW           27    .data               main.o
    0x2000001c   0x08003034   0x0000000c   Data   RW         1523    .data               stm32f3xx_hal.o
    0x20000028   0x08003040   0x00000004   Data   RW         2943    .data               system_stm32f3xx.o
    0x2000002c        -       0x00000928   Zero   RW           24    .bss                main.o
    0x20000954   0x08003044   0x00000004   PAD
    0x20000958        -       0x00000400   Zero   RW            1    STACK               startup_stm32f373xc.o


==============================================================================

Image component sizes


      Code (inc. data)   RO Data    RW Data    ZI Data      Debug   Object Name

      1410         96       1536         28       2344     514437   main.o
        36          8        392          0       1024        820   startup_stm32f373xc.o
       164         28          0         12          0      12801   stm32f3xx_hal.o
         4          0          0          0          0       1454   stm32f3xx_hal_adc.o
      2038         58          0          0          0      10620   stm32f3xx_hal_adc_ex.o
       194         14          0          0          0      30319   stm32f3xx_hal_cortex.o
       508         12          0          0          0       4735   stm32f3xx_hal_dma.o
       402         28          0          0          0       2336   stm32f3xx_hal_gpio.o
       440         50          0          0          0       3049   stm32f3xx_hal_msp.o
        40         10          0          0          0       1120   stm32f3xx_hal_pwr_ex.o
      1944         74         32          0          0       5636   stm32f3xx_hal_rcc.o
       464         14          0          0          0       1508   stm32f3xx_hal_rcc_ex.o
      1466         28          0          0          0      17395   stm32f3xx_hal_sdadc.o
       890         46          0          0          0       4843   stm32f3xx_hal_uart.o
        46         12          0          0          0       5307   stm32f3xx_it.o
       104         22         24          4          0       1115   system_stm32f3xx.o

    ----------------------------------------------------------------------
     10174        500       2016         44       3372     617495   Object Totals
         0          0         32          0          0          0   (incl. Generated)
        24          0          0          0          4          0   (incl. Padding)

    ----------------------------------------------------------------------

      Code (inc. data)   RO Data    RW Data    ZI Data      Debug   Library Member Name

         0          0          0          0          0          0   entry.o
         0          0          0          0          0          0   entry10a.o
         0          0          0          0          0          0   entry11a.o
         8          4          0          0          0          0   entry2.o
         4          0          0          0          0          0   entry5.o
         0          0          0          0          0          0   entry7b.o
         0          0          0          0          0          0   entry8b.o
         8          4          0          0          0          0   entry9a.o
        30          0          0          0          0          0   handlers.o
        36          8          0          0          0         68   init.o
        36          0          0          0          0        108   memseta.o

    ----------------------------------------------------------------------
       122         16          0          0          0        176   Library Totals
         0          0          0          0          0          0   (incl. Padding)

    ----------------------------------------------------------------------

      Code (inc. data)   RO Data    RW Data    ZI Data      Debug   Library Name

       122         16          0          0          0        176   mc_w.l

    ----------------------------------------------------------------------
       122         16          0          0          0        176   Library Totals

    ----------------------------------------------------------------------

==============================================================================


      Code (inc. data)   RO Data    RW Data    ZI Data      Debug   

     10296        516       2016         44       3372     609175   Grand Totals
     10296        516       2016         44       3372     609175   ELF Image Totals
     10296        516       2016         44          0          0   ROM Totals

==============================================================================

    Total RO  Size (Code + RO Data)                12312 (  12.02kB)
    Total RW  Size (RW Data + ZI Data)              3416 (   3.34kB)
    Total ROM Size (Code + RO Data + RW Data)      12356 (  12.07kB)

==============================================================================

